Archive member included to satisfy reference by file (symbol)

C:/CLionToolchains/gcc-arm-none-eabi-10.3-2021.10/bin/../lib/gcc/arm-none-eabi/13.3.1/thumb/v7e-m+fp/hard\libstdc++.a(atexit_arm.o)
                              CMakeFiles/DM4310.elf.dir/User/task_cpp.cpp.obj (__aeabi_atexit)
C:/CLionToolchains/gcc-arm-none-eabi-10.3-2021.10/bin/../lib/gcc/arm-none-eabi/13.3.1/thumb/v7e-m+fp/hard\libstdc++.a(class_type_info.o)
                              CMakeFiles/DM4310.elf.dir/User/motor.cpp.obj (vtable for __cxxabiv1::__class_type_info)
C:/CLionToolchains/gcc-arm-none-eabi-10.3-2021.10/bin/../lib/gcc/arm-none-eabi/13.3.1/thumb/v7e-m+fp/hard\libstdc++.a(del_ops.o)
                              CMakeFiles/DM4310.elf.dir/User/motor.cpp.obj (operator delete(void*, unsigned int))
C:/CLionToolchains/gcc-arm-none-eabi-10.3-2021.10/bin/../lib/gcc/arm-none-eabi/13.3.1/thumb/v7e-m+fp/hard\libstdc++.a(eh_arm.o)
                              CMakeFiles/DM4310.elf.dir/User/motor_dm.cpp.obj (__cxa_end_cleanup)
C:/CLionToolchains/gcc-arm-none-eabi-10.3-2021.10/bin/../lib/gcc/arm-none-eabi/13.3.1/thumb/v7e-m+fp/hard\libstdc++.a(eh_exception.o)
                              C:/CLionToolchains/gcc-arm-none-eabi-10.3-2021.10/bin/../lib/gcc/arm-none-eabi/13.3.1/thumb/v7e-m+fp/hard\libstdc++.a(eh_arm.o) (typeinfo for __cxxabiv1::__forced_unwind)
C:/CLionToolchains/gcc-arm-none-eabi-10.3-2021.10/bin/../lib/gcc/arm-none-eabi/13.3.1/thumb/v7e-m+fp/hard\libstdc++.a(eh_globals.o)
                              C:/CLionToolchains/gcc-arm-none-eabi-10.3-2021.10/bin/../lib/gcc/arm-none-eabi/13.3.1/thumb/v7e-m+fp/hard\libstdc++.a(eh_arm.o) (__cxa_get_globals)
C:/CLionToolchains/gcc-arm-none-eabi-10.3-2021.10/bin/../lib/gcc/arm-none-eabi/13.3.1/thumb/v7e-m+fp/hard\libstdc++.a(eh_personality.o)
                              CMakeFiles/DM4310.elf.dir/User/motor_dm.cpp.obj (__gxx_personality_v0)
C:/CLionToolchains/gcc-arm-none-eabi-10.3-2021.10/bin/../lib/gcc/arm-none-eabi/13.3.1/thumb/v7e-m+fp/hard\libstdc++.a(eh_terminate.o)
                              C:/CLionToolchains/gcc-arm-none-eabi-10.3-2021.10/bin/../lib/gcc/arm-none-eabi/13.3.1/thumb/v7e-m+fp/hard\libstdc++.a(eh_arm.o) (std::terminate())
C:/CLionToolchains/gcc-arm-none-eabi-10.3-2021.10/bin/../lib/gcc/arm-none-eabi/13.3.1/thumb/v7e-m+fp/hard\libstdc++.a(eh_unex_handler.o)
                              C:/CLionToolchains/gcc-arm-none-eabi-10.3-2021.10/bin/../lib/gcc/arm-none-eabi/13.3.1/thumb/v7e-m+fp/hard\libstdc++.a(eh_terminate.o) (__cxxabiv1::__unexpected_handler)
C:/CLionToolchains/gcc-arm-none-eabi-10.3-2021.10/bin/../lib/gcc/arm-none-eabi/13.3.1/thumb/v7e-m+fp/hard\libstdc++.a(si_class_type_info.o)
                              C:/CLionToolchains/gcc-arm-none-eabi-10.3-2021.10/bin/../lib/gcc/arm-none-eabi/13.3.1/thumb/v7e-m+fp/hard\libstdc++.a(class_type_info.o) (vtable for __cxxabiv1::__si_class_type_info)
C:/CLionToolchains/gcc-arm-none-eabi-10.3-2021.10/bin/../lib/gcc/arm-none-eabi/13.3.1/thumb/v7e-m+fp/hard\libstdc++.a(tinfo.o)
                              C:/CLionToolchains/gcc-arm-none-eabi-10.3-2021.10/bin/../lib/gcc/arm-none-eabi/13.3.1/thumb/v7e-m+fp/hard\libstdc++.a(class_type_info.o) (std::type_info::~type_info())
C:/CLionToolchains/gcc-arm-none-eabi-10.3-2021.10/bin/../lib/gcc/arm-none-eabi/13.3.1/thumb/v7e-m+fp/hard\libstdc++.a(vmi_class_type_info.o)
                              CMakeFiles/DM4310.elf.dir/User/motor_dm.cpp.obj (vtable for __cxxabiv1::__vmi_class_type_info)
C:/CLionToolchains/gcc-arm-none-eabi-10.3-2021.10/bin/../lib/gcc/arm-none-eabi/13.3.1/thumb/v7e-m+fp/hard\libstdc++.a(vterminate.o)
                              C:/CLionToolchains/gcc-arm-none-eabi-10.3-2021.10/bin/../lib/gcc/arm-none-eabi/13.3.1/thumb/v7e-m+fp/hard\libstdc++.a(eh_terminate.o) (__gnu_cxx::__verbose_terminate_handler())
C:/CLionToolchains/gcc-arm-none-eabi-10.3-2021.10/bin/../lib/gcc/arm-none-eabi/13.3.1/thumb/v7e-m+fp/hard\libstdc++.a(cp-demangle.o)
                              C:/CLionToolchains/gcc-arm-none-eabi-10.3-2021.10/bin/../lib/gcc/arm-none-eabi/13.3.1/thumb/v7e-m+fp/hard\libstdc++.a(vterminate.o) (__cxa_demangle)
C:/CLionToolchains/gcc-arm-none-eabi-10.3-2021.10/bin/../lib/gcc/arm-none-eabi/13.3.1/thumb/v7e-m+fp/hard\libstdc++.a(del_op.o)
                              C:/CLionToolchains/gcc-arm-none-eabi-10.3-2021.10/bin/../lib/gcc/arm-none-eabi/13.3.1/thumb/v7e-m+fp/hard\libstdc++.a(del_ops.o) (operator delete(void*))
C:/CLionToolchains/gcc-arm-none-eabi-10.3-2021.10/bin/../lib/gcc/arm-none-eabi/13.3.1/thumb/v7e-m+fp/hard\libstdc++.a(eh_call.o)
                              C:/CLionToolchains/gcc-arm-none-eabi-10.3-2021.10/bin/../lib/gcc/arm-none-eabi/13.3.1/thumb/v7e-m+fp/hard\libstdc++.a(eh_personality.o) (__cxa_call_terminate)
C:/CLionToolchains/gcc-arm-none-eabi-10.3-2021.10/bin/../lib/gcc/arm-none-eabi/13.3.1/thumb/v7e-m+fp/hard\libstdc++.a(eh_catch.o)
[...]
Memory Configuration

Name             Origin             Length             Attributes
CCMRAM           0x10000000         0x00010000         xrw
RAM              0x20000000         0x00020000         xrw
FLASH            0x08000000         0x00100000         xr
*default*        0x00000000         0xffffffff

Linker script and memory map

LOAD C:/CLionToolchains/gcc-arm-none-eabi-10.3-2021.10/bin/../lib/gcc/arm-none-eabi/13.3.1/thumb/v7e-m+fp/hard/crti.o
LOAD C:/CLionToolchains/gcc-arm-none-eabi-10.3-2021.10/bin/../lib/gcc/arm-none-eabi/13.3.1/thumb/v7e-m+fp/hard/crtbegin.o
LOAD C:/CLionToolchains/gcc-arm-none-eabi-10.3-2021.10/bin/../lib/gcc/arm-none-eabi/13.3.1/thumb/v7e-m+fp/hard/crt0.o
LOAD CMakeFiles/DM4310.elf.dir/Core/Src/can.c.obj
LOAD CMakeFiles/DM4310.elf.dir/Core/Src/freertos.c.obj
LOAD CMakeFiles/DM4310.elf.dir/Core/Src/gpio.c.obj
LOAD CMakeFiles/DM4310.elf.dir/Core/Src/main.c.obj
LOAD CMakeFiles/DM4310.elf.dir/Core/Src/stm32f4xx_hal_msp.c.obj
LOAD CMakeFiles/DM4310.elf.dir/Core/Src/stm32f4xx_hal_timebase_tim.c.obj
LOAD CMakeFiles/DM4310.elf.dir/Core/Src/stm32f4xx_it.c.obj
LOAD CMakeFiles/DM4310.elf.dir/Core/Src/syscalls.c.obj
LOAD CMakeFiles/DM4310.elf.dir/Core/Src/sysmem.c.obj
LOAD CMakeFiles/DM4310.elf.dir/Core/Src/system_stm32f4xx.c.obj
LOAD CMakeFiles/DM4310.elf.dir/Core/Startup/startup_stm32f407ighx.s.obj
LOAD CMakeFiles/DM4310.elf.dir/Drivers/STM32F4xx_HAL_Driver/Src/stm32f4xx_hal.c.obj
LOAD CMakeFiles/DM4310.elf.dir/Drivers/STM32F4xx_HAL_Driver/Src/stm32f4xx_hal_can.c.obj
LOAD CMakeFiles/DM4310.elf.dir/Drivers/STM32F4xx_HAL_Driver/Src/stm32f4xx_hal_cortex.c.obj
LOAD CMakeFiles/DM4310.elf.dir/Drivers/STM32F4xx_HAL_Driver/Src/stm32f4xx_hal_dma.c.obj
LOAD CMakeFiles/DM4310.elf.dir/Drivers/STM32F4xx_HAL_Driver/Src/stm32f4xx_hal_dma_ex.c.obj
LOAD CMakeFiles/DM4310.elf.dir/Drivers/STM32F4xx_HAL_Driver/Src/stm32f4xx_hal_exti.c.obj
LOAD CMakeFiles/DM4310.elf.dir/Drivers/STM32F4xx_HAL_Driver/Src/stm32f4xx_hal_flash.c.obj
LOAD CMakeFiles/DM4310.elf.dir/Drivers/STM32F4xx_HAL_Driver/Src/stm32f4xx_hal_flash_ex.c.obj
LOAD CMakeFiles/DM4310.elf.dir/Drivers/STM32F4xx_HAL_Driver/Src/stm32f4xx_hal_flash_ramfunc.c.obj
LOAD CMakeFiles/DM4310.elf.dir/Drivers/STM32F4xx_HAL_Driver/Src/stm32f4xx_hal_gpio.c.obj
LOAD CMakeFiles/DM4310.elf.dir/Drivers/STM32F4xx_HAL_Driver/Src/stm32f4xx_hal_pwr.c.obj
LOAD CMakeFiles/DM4310.elf.dir/Drivers/STM32F4xx_HAL_Driver/Src/stm32f4xx_hal_pwr_ex.c.obj
LOAD CMakeFiles/DM4310.elf.dir/Drivers/STM32F4xx_HAL_Driver/Src/stm32f4xx_hal_rcc.c.obj
LOAD CMakeFiles/DM4310.elf.dir/Drivers/STM32F4xx_HAL_Driver/Src/stm32f4xx_hal_rcc_ex.c.obj
LOAD CMakeFiles/DM4310.elf.dir/Drivers/STM32F4xx_HAL_Driver/Src/stm32f4xx_hal_tim.c.obj
LOAD CMakeFiles/DM4310.elf.dir/Drivers/STM32F4xx_HAL_Driver/Src/stm32f4xx_hal_tim_ex.c.obj
LOAD CMakeFiles/DM4310.elf.dir/Middlewares/Third_Party/FreeRTOS/Source/CMSIS_RTOS/cmsis_os.c.obj
LOAD CMakeFiles/DM4310.elf.dir/Middlewares/Third_Party/FreeRTOS/Source/croutine.c.obj
LOAD CMakeFiles/DM4310.elf.dir/Middlewares/Third_Party/FreeRTOS/Source/event_groups.c.obj
LOAD CMakeFiles/DM4310.elf.dir/Middlewares/Third_Party/FreeRTOS/Source/list.c.obj
LOAD CMakeFiles/DM4310.elf.dir/Middlewares/Third_Party/FreeRTOS/Source/portable/GCC/ARM_CM4F/port.c.obj
LOAD CMakeFiles/DM4310.elf.dir/Middlewares/Third_Party/FreeRTOS/Source/portable/MemMang/heap_4.c.obj
LOAD CMakeFiles/DM4310.elf.dir/Middlewares/Third_Party/FreeRTOS/Source/queue.c.obj
LOAD CMakeFiles/DM4310.elf.dir/Middlewares/Third_Party/FreeRTOS/Source/stream_buffer.c.obj
LOAD CMakeFiles/DM4310.elf.dir/Middlewares/Third_Party/FreeRTOS/Source/tasks.c.obj
LOAD CMakeFiles/DM4310.elf.dir/Middlewares/Third_Party/FreeRTOS/Source/timers.c.obj
LOAD CMakeFiles/DM4310.elf.dir/User/cancan.cpp.obj
LOAD CMakeFiles/DM4310.elf.dir/User/motor.cpp.obj
LOAD CMakeFiles/DM4310.elf.dir/User/motor_dm.cpp.obj
LOAD CMakeFiles/DM4310.elf.dir/User/pid.cpp.obj
LOAD CMakeFiles/DM4310.elf.dir/User/task_cpp.cpp.obj
LOAD C:/CLionToolchains/gcc-arm-none-eabi-10.3-2021.10/bin/../lib/gcc/arm-none-eabi/13.3.1/thumb/v7e-m+fp/hard\libstdc++.a
LOAD C:/CLionToolchains/gcc-arm-none-eabi-10.3-2021.10/bin/../lib/gcc/arm-none-eabi/13.3.1/thumb/v7e-m+fp/hard\libm.a
START GROUP
LOAD C:/CLionToolchains/gcc-arm-none-eabi-10.3-2021.10/bin/../lib/gcc/arm-none-eabi/13.3.1/thumb/v7e-m+fp/hard\libgcc.a
LOAD C:/CLionToolchains/gcc-arm-none-eabi-10.3-2021.10/bin/../lib/gcc/arm-none-eabi/13.3.1/thumb/v7e-m+fp/hard\libg.a
LOAD C:/CLionToolchains/gcc-arm-none-eabi-10.3-2021.10/bin/../lib/gcc/arm-none-eabi/13.3.1/thumb/v7e-m+fp/hard\libc.a
END GROUP
LOAD C:/CLionToolchains/gcc-arm-none-eabi-10.3-2021.10/bin/../lib/gcc/arm-none-eabi/13.3.1/thumb/v7e-m+fp/hard/crtend.o
LOAD C:/CLionToolchains/gcc-arm-none-eabi-10.3-2021.10/bin/../lib/gcc/arm-none-eabi/13.3.1/thumb/v7e-m+fp/hard/crtn.o
                0x20020000                        _estack = (ORIGIN (RAM) + LENGTH (RAM))
                0x00000600                        _Min_Heap_Size = 0x600
                0x00000600                        _Min_Stack_Size = 0x600

.isr_vector     0x08000000      0x188
                0x08000000                        . = ALIGN (0x4)
 *(.isr_vector)
 .isr_vector    0x08000000      0x188 CMakeFiles/DM4310.elf.dir/Core/Startup/startup_stm32f407ighx.s.obj
                0x08000000                g_pfnVectors
                0x08000188                        . = ALIGN (0x4)

.text           0x080001c0    0x1373c
                0x080001c0                        . = ALIGN (0x4)
 *(.text)
 .text          0x080001c0      0x378 C:/CLionToolchains/gcc-arm-none-eabi-10.3-2021.10/bin/../lib/gcc/arm-none-eabi/13.3.1/thumb/v7e-m+fp/hard\libgcc.a(_arm_addsubdf3.o)
                0x080001c0                __aeabi_drsub
                0x080001c8                __aeabi_dsub
                0x080001c8                __subdf3
                0x080001cc                __aeabi_dadd
                0x080001cc                __adddf3
                0x08000444                __floatunsidf
                0x08000444                __aeabi_ui2d
                0x08000464                __floatsidf
                0x08000464                __aeabi_i2d
                0x08000488                __aeabi_f2d
                0x08000488                __extendsfdf2
                0x080004cc                __floatundidf
                0x080004cc                __aeabi_ul2d
                0x080004dc                __floatdidf
                0x080004dc                __aeabi_l2d
 .text          0x08000538      0x424 C:/CLionToolchains/gcc-arm-none-eabi-10.3-2021.10/bin/../lib/gcc/arm-none-eabi/13.3.1/thumb/v7e-m+fp/hard\libgcc.a(_arm_muldivdf3.o)
                0x08000538                __aeabi_dmul
                0x08000538                __muldf3
                0x0800078c                __divdf3
                0x0800078c                __aeabi_ddiv
 .text          0x0800095c       0xa0 C:/CLionToolchains/gcc-arm-none-eabi-10.3-2021.10/bin/../lib/gcc/arm-none-eabi/13.3.1/thumb/v7e-m+fp/hard\libgcc.a(_arm_truncdfsf2.o)
                0x0800095c                __truncdfsf2
                0x0800095c                __aeabi_d2f
 .text          0x080009fc       0x30 C:/CLionToolchains/gcc-arm-none-eabi-10.3-2021.10/bin/../lib/gcc/arm-none-eabi/13.3.1/thumb/v7e-m+fp/hard\libgcc.a(_aeabi_uldivmod.o)
                0x080009fc                __aeabi_uldivmod
 .text          0x08000a2c      0x1ac C:/CLionToolchains/gcc-arm-none-eabi-10.3-2021.10/bin/../lib/gcc/arm-none-eabi/13.3.1/thumb/v7e-m+fp/hard\libgcc.a(libunwind.o)
                0x08000a2c                __restore_core_regs
                0x08000a2c                restore_core_regs
                0x08000a44                __gnu_Unwind_Restore_VFP
                0x08000a4c                __gnu_Unwind_Save_VFP
                0x08000a54                __gnu_Unwind_Restore_VFP_D
                0x08000a5c                __gnu_Unwind_Save_VFP_D
                0x08000a64                __gnu_Unwind_Restore_VFP_D_16_to_31
                0x08000a6c                __gnu_Unwind_Save_VFP_D_16_to_31
                0x08000a74                __gnu_Unwind_Restore_WMMXD
                0x08000ab8                __gnu_Unwind_Save_WMMXD
                0x08000afc                __gnu_Unwind_Restore_WMMXC
                0x08000b10                __gnu_Unwind_Save_WMMXC
                0x08000b24                ___Unwind_RaiseException
                0x08000b24                _Unwind_RaiseException
                0x08000b48                _Unwind_Resume
                0x08000b48                ___Unwind_Resume
                0x08000b6c                _Unwind_Resume_or_Rethrow
                0x08000b6c                ___Unwind_Resume_or_Rethrow
                0x08000b90                _Unwind_ForcedUnwind
                0x08000b90                ___Unwind_ForcedUnwind
                0x08000bb4                ___Unwind_Backtrace
                0x08000bb4                _Unwind_Backtrace
 .text          0x08000bd8        0x4 C:/CLionToolchains/gcc-arm-none-eabi-10.3-2021.10/bin/../lib/gcc/arm-none-eabi/13.3.1/thumb/v7e-m+fp/hard\libgcc.a(_dvmd_tls.o)
                0x08000bd8                __aeabi_idiv0
                0x08000bd8                __aeabi_ldiv0
 *fill*         0x08000bdc        0x4 
 .text          0x08000be0      0x2e0 C:/CLionToolchains/gcc-arm-none-eabi-10.3-2021.10/bin/../lib/gcc/arm-none-eabi/13.3.1/thumb/v7e-m+fp/hard\libg.a(libc_a-strcmp.o)
                0x08000be0                strcmp
 .text          0x08000ec0       0xa0 C:/CLionToolchains/gcc-arm-none-eabi-10.3-2021.10/bin/../lib/gcc/arm-none-eabi/13.3.1/thumb/v7e-m+fp/hard\libg.a(libc_a-memchr.o)
                0x08000ec0                memchr
 .text          0x08000f60      0x134 C:/CLionToolchains/gcc-arm-none-eabi-10.3-2021.10/bin/../lib/gcc/arm-none-eabi/13.3.1/thumb/v7e-m+fp/hard\libg.a(libc_a-memcpy.o)
                0x08000f60                memcpy
 *fill*         0x08001094       0x2c 
 .text          0x080010c0       0xd8 C:/CLionToolchains/gcc-arm-none-eabi-10.3-2021.10/bin/../lib/gcc/arm-none-eabi/13.3.1/thumb/v7e-m+fp/hard\libg.a(libc_a-strlen.o)
                0x080010c0                strlen
 .text          0x08001198      0x110 C:/CLionToolchains/gcc-arm-none-eabi-10.3-2021.10/bin/../lib/gcc/arm-none-eabi/13.3.1/thumb/v7e-m+fp/hard\libgcc.a(_arm_cmpdf2.o)
                0x08001198                __gtdf2
                0x08001198                __gedf2
                0x080011a0                __ltdf2
                0x080011a0                __ledf2
                0x080011a8                __nedf2
                0x080011a8                __eqdf2
                0x080011a8                __cmpdf2
                0x08001224                __aeabi_cdrcmple
                0x08001234                __aeabi_cdcmpeq
                0x08001234                __aeabi_cdcmple
                0x08001244                __aeabi_dcmpeq
                0x08001258                __aeabi_dcmplt
                0x0800126c                __aeabi_dcmple
                0x08001280                __aeabi_dcmpge
                0x08001294                __aeabi_dcmpgt
 .text          0x080012a8       0x2c C:/CLionToolchains/gcc-arm-none-eabi-10.3-2021.10/bin/../lib/gcc/arm-none-eabi/13.3.1/thumb/v7e-m+fp/hard\libgcc.a(_arm_unorddf2.o)
                0x080012a8                __unorddf2
                0x080012a8                __aeabi_dcmpun
 .text          0x080012d4       0x50 C:/CLionToolchains/gcc-arm-none-eabi-10.3-2021.10/bin/../lib/gcc/arm-none-eabi/13.3.1/thumb/v7e-m+fp/hard\libgcc.a(_arm_fixdfsi.o)
                0x080012d4                __aeabi_d2iz
                0x080012d4                __fixdfsi
 *(.text*)
 .text.deregister_tm_clones
                0x08001324       0x1c C:/CLionToolchains/gcc-arm-none-eabi-10.3-2021.10/bin/../lib/gcc/arm-none-eabi/13.3.1/thumb/v7e-m+fp/hard/crtbegin.o
 .text.register_tm_clones
                0x08001340       0x24 C:/CLionToolchains/gcc-arm-none-eabi-10.3-2021.10/bin/../lib/gcc/arm-none-eabi/13.3.1/thumb/v7e-m+fp/hard/crtbegin.o
 .text.__do_global_dtors_aux
                0x08001364       0x28 C:/CLionToolchains/gcc-arm-none-eabi-10.3-2021.10/bin/../lib/gcc/arm-none-eabi/13.3.1/thumb/v7e-m+fp/hard/crtbegin.o
 .text.frame_dummy
                0x0800138c       0x24 C:/CLionToolchains/gcc-arm-none-eabi-10.3-2021.10/bin/../lib/gcc/arm-none-eabi/13.3.1/thumb/v7e-m+fp/hard/crtbegin.o
 .text.MX_CAN1_Init
                0x080013b0       0x40 CMakeFiles/DM4310.elf.dir/Core/Src/can.c.obj
                0x080013b0                MX_CAN1_Init
 .text.HAL_CAN_MspInit
                0x080013f0       0x8c CMakeFiles/DM4310.elf.dir/Core/Src/can.c.obj
                0x080013f0                HAL_CAN_MspInit
 .text.vApplicationGetIdleTaskMemory
                0x0800147c       0x18 CMakeFiles/DM4310.elf.dir/Core/Src/freertos.c.obj
                0x0800147c                vApplicationGetIdleTaskMemory
 .text.MX_FREERTOS_Init
                0x08001494       0x30 CMakeFiles/DM4310.elf.dir/Core/Src/freertos.c.obj
                0x08001494                MX_FREERTOS_Init
 .text.MX_GPIO_Init
                0x080014c4       0x80 CMakeFiles/DM4310.elf.dir/Core/Src/gpio.c.obj
                0x080014c4                MX_GPIO_Init
 .text.HAL_TIM_PeriodElapsedCallback
                0x08001544       0x18 CMakeFiles/DM4310.elf.dir/Core/Src/main.c.obj
                0x08001544                HAL_TIM_PeriodElapsedCallback
 .text.Error_Handler
                0x0800155c        0x4 CMakeFiles/DM4310.elf.dir/Core/Src/main.c.obj
                0x0800155c                Error_Handler
 .text.SystemClock_Config
                0x08001560       0xa8 CMakeFiles/DM4310.elf.dir/Core/Src/main.c.obj
                0x08001560                SystemClock_Config
 .text.main     0x08001608       0x1c CMakeFiles/DM4310.elf.dir/Core/Src/main.c.obj
                0x08001608                main
 .text.HAL_MspInit
                0x08001624       0x44 CMakeFiles/DM4310.elf.dir/Core/Src/stm32f4xx_hal_msp.c.obj
                0x08001624                HAL_MspInit
 .text.HAL_InitTick
                0x08001668       0xa4 CMakeFiles/DM4310.elf.dir/Core/Src/stm32f4xx_hal_timebase_tim.c.obj
                0x08001668                HAL_InitTick
 .text.NMI_Handler
                0x0800170c        0x2 CMakeFiles/DM4310.elf.dir/Core/Src/stm32f4xx_it.c.obj
                0x0800170c                NMI_Handler
 .text.HardFault_Handler
                0x0800170e        0x2 CMakeFiles/DM4310.elf.dir/Core/Src/stm32f4xx_it.c.obj
                0x0800170e                HardFault_Handler
 .text.MemManage_Handler
                0x08001710        0x2 CMakeFiles/DM4310.elf.dir/Core/Src/stm32f4xx_it.c.obj
                0x08001710                MemManage_Handler
 .text.BusFault_Handler
                0x08001712        0x2 CMakeFiles/DM4310.elf.dir/Core/Src/stm32f4xx_it.c.obj
                0x08001712                BusFault_Handler
 .text.UsageFault_Handler
                0x08001714        0x2 CMakeFiles/DM4310.elf.dir/Core/Src/stm32f4xx_it.c.obj
                0x08001714                UsageFault_Handler
 .text.DebugMon_Handler
                0x08001716        0x2 CMakeFiles/DM4310.elf.dir/Core/Src/stm32f4xx_it.c.obj
                0x08001716                DebugMon_Handler
 .text.CAN1_TX_IRQHandler
                0x08001718       0x10 CMakeFiles/DM4310.elf.dir/Core/Src/stm32f4xx_it.c.obj
                0x08001718                CAN1_TX_IRQHandler
 .text.CAN1_RX0_IRQHandler
                0x08001728       0x10 CMakeFiles/DM4310.elf.dir/Core/Src/stm32f4xx_it.c.obj
                0x08001728                CAN1_RX0_IRQHandler
 .text.TIM8_TRG_COM_TIM14_IRQHandler
                0x08001738       0x10 CMakeFiles/DM4310.elf.dir/Core/Src/stm32f4xx_it.c.obj
                0x08001738                TIM8_TRG_COM_TIM14_IRQHandler
 .text._getpid  0x08001748        0x4 CMakeFiles/DM4310.elf.dir/Core/Src/syscalls.c.obj
                0x08001748                _getpid
 .text._kill    0x0800174c       0x10 CMakeFiles/DM4310.elf.dir/Core/Src/syscalls.c.obj
                0x0800174c                _kill
 .text._exit    0x0800175c        0xc CMakeFiles/DM4310.elf.dir/Core/Src/syscalls.c.obj
                0x0800175c                _exit
 .text._read    0x08001768       0x20 CMakeFiles/DM4310.elf.dir/Core/Src/syscalls.c.obj
                0x08001768                _read
 .text._write   0x08001788       0x1c CMakeFiles/DM4310.elf.dir/Core/Src/syscalls.c.obj
                0x08001788                _write
 .text._close   0x080017a4        0x6 CMakeFiles/DM4310.elf.dir/Core/Src/syscalls.c.obj
                0x080017a4                _close
 .text._fstat   0x080017aa        0xa CMakeFiles/DM4310.elf.dir/Core/Src/syscalls.c.obj
                0x080017aa                _fstat
 .text._isatty  0x080017b4        0x4 CMakeFiles/DM4310.elf.dir/Core/Src/syscalls.c.obj
                0x080017b4                _isatty
 .text._lseek   0x080017b8        0x4 CMakeFiles/DM4310.elf.dir/Core/Src/syscalls.c.obj
                0x080017b8                _lseek
 .text._sbrk    0x080017bc       0x48 CMakeFiles/DM4310.elf.dir/Core/Src/sysmem.c.obj
                0x080017bc                _sbrk
 .text.SystemInit
                0x08001804       0x14 CMakeFiles/DM4310.elf.dir/Core/Src/system_stm32f4xx.c.obj
                0x08001804                SystemInit
 .text.Reset_Handler
                0x08001818       0x50 CMakeFiles/DM4310.elf.dir/Core/Startup/startup_stm32f407ighx.s.obj
                0x08001818                Reset_Handler
 .text.Default_Handler
                0x08001868        0x2 CMakeFiles/DM4310.elf.dir/Core/Startup/startup_stm32f407ighx.s.obj
                0x08001868                RTC_Alarm_IRQHandler
                0x08001868                HASH_RNG_IRQHandler
                0x08001868                EXTI2_IRQHandler
                0x08001868                TIM8_CC_IRQHandler
                0x08001868                TIM1_CC_IRQHandler
                0x08001868                DMA2_Stream5_IRQHandler
                0x08001868                DMA1_Stream5_IRQHandler
                0x08001868                PVD_IRQHandler
                0x08001868                SDIO_IRQHandler
                0x08001868                TAMP_STAMP_IRQHandler
                0x08001868                CAN2_RX1_IRQHandler
                0x08001868                EXTI3_IRQHandler
                0x08001868                TIM1_UP_TIM10_IRQHandler
                0x08001868                TIM8_UP_TIM13_IRQHandler
                0x08001868                I2C3_ER_IRQHandler
                0x08001868                EXTI0_IRQHandler
                0x08001868                I2C2_EV_IRQHandler
                0x08001868                DMA1_Stream2_IRQHandler
                0x08001868                FPU_IRQHandler
                0x08001868                OTG_HS_WKUP_IRQHandler
                0x08001868                CAN2_SCE_IRQHandler
                0x08001868                DMA2_Stream2_IRQHandler
                0x08001868                SPI1_IRQHandler
                0x08001868                TIM6_DAC_IRQHandler
                0x08001868                TIM1_BRK_TIM9_IRQHandler
                0x08001868                DCMI_IRQHandler
                0x08001868                CAN2_RX0_IRQHandler
                0x08001868                DMA2_Stream3_IRQHandler
                0x08001868                USART6_IRQHandler
                0x08001868                USART3_IRQHandler
                0x08001868                CAN1_RX1_IRQHandler
                0x08001868                UART5_IRQHandler
                0x08001868                DMA2_Stream0_IRQHandler
                0x08001868                TIM4_IRQHandler
                0x08001868                I2C1_EV_IRQHandler
                0x08001868                DMA1_Stream6_IRQHandler
                0x08001868                DMA1_Stream1_IRQHandler
                0x08001868                UART4_IRQHandler
                0x08001868                TIM3_IRQHandler
                0x08001868                RCC_IRQHandler
                0x08001868                TIM8_BRK_TIM12_IRQHandler
                0x08001868                Default_Handler
                0x08001868                EXTI15_10_IRQHandler
                0x08001868                ADC_IRQHandler
                0x08001868                DMA1_Stream7_IRQHandler
                0x08001868                TIM7_IRQHandler
                0x08001868                CAN2_TX_IRQHandler
                0x08001868                TIM5_IRQHandler
                0x08001868                DMA2_Stream7_IRQHandler
                0x08001868                I2C3_EV_IRQHandler
                0x08001868                EXTI9_5_IRQHandler
                0x08001868                RTC_WKUP_IRQHandler
                0x08001868                ETH_WKUP_IRQHandler
                0x08001868                SPI2_IRQHandler
                0x08001868                OTG_HS_EP1_IN_IRQHandler
                0x08001868                DMA1_Stream0_IRQHandler
                0x08001868                EXTI4_IRQHandler
                0x08001868                FSMC_IRQHandler
                0x08001868                ETH_IRQHandler
                0x08001868                OTG_HS_EP1_OUT_IRQHandler
                0x08001868                WWDG_IRQHandler
                0x08001868                TIM2_IRQHandler
                0x08001868                OTG_FS_WKUP_IRQHandler
                0x08001868                TIM1_TRG_COM_TIM11_IRQHandler
                0x08001868                OTG_HS_IRQHandler
                0x08001868                EXTI1_IRQHandler
                0x08001868                USART2_IRQHandler
                0x08001868                I2C2_ER_IRQHandler
                0x08001868                DMA2_Stream1_IRQHandler
                0x08001868                CAN1_SCE_IRQHandler
                0x08001868                FLASH_IRQHandler
                0x08001868                DMA2_Stream4_IRQHandler
                0x08001868                USART1_IRQHandler
                0x08001868                OTG_FS_IRQHandler
                0x08001868                SPI3_IRQHandler
                0x08001868                DMA1_Stream4_IRQHandler
                0x08001868                I2C1_ER_IRQHandler
                0x08001868                DMA2_Stream6_IRQHandler
                0x08001868                DMA1_Stream3_IRQHandler
 *fill*         0x0800186a        0x2 
 .text.HAL_Init
                0x0800186c       0x34 CMakeFiles/DM4310.elf.dir/Drivers/STM32F4xx_HAL_Driver/Src/stm32f4xx_hal.c.obj
                0x0800186c                HAL_Init
 .text.HAL_IncTick
                0x080018a0       0x18 CMakeFiles/DM4310.elf.dir/Drivers/STM32F4xx_HAL_Driver/Src/stm32f4xx_hal.c.obj
                0x080018a0                HAL_IncTick
 .text.HAL_GetTick
                0x080018b8        0xc CMakeFiles/DM4310.elf.dir/Drivers/STM32F4xx_HAL_Driver/Src/stm32f4xx_hal.c.obj
                0x080018b8                HAL_GetTick
 .text.HAL_CAN_Init
                0x080018c4      0x14c CMakeFiles/DM4310.elf.dir/Drivers/STM32F4xx_HAL_Driver/Src/stm32f4xx_hal_can.c.obj
                0x080018c4                HAL_CAN_Init
 .text.HAL_CAN_ConfigFilter
                0x08001a10      0x138 CMakeFiles/DM4310.elf.dir/Drivers/STM32F4xx_HAL_Driver/Src/stm32f4xx_hal_can.c.obj
                0x08001a10                HAL_CAN_ConfigFilter
 .text.HAL_CAN_Start
                0x08001b48       0x5c CMakeFiles/DM4310.elf.dir/Drivers/STM32F4xx_HAL_Driver/Src/stm32f4xx_hal_can.c.obj
                0x08001b48                HAL_CAN_Start
 .text.HAL_CAN_AddTxMessage
                0x08001ba4       0xea CMakeFiles/DM4310.elf.dir/Drivers/STM32F4xx_HAL_Driver/Src/stm32f4xx_hal_can.c.obj
                0x08001ba4                HAL_CAN_AddTxMessage
 .text.HAL_CAN_GetRxMessage
                0x08001c8e      0x16a CMakeFiles/DM4310.elf.dir/Drivers/STM32F4xx_HAL_Driver/Src/stm32f4xx_hal_can.c.obj
                0x08001c8e                HAL_CAN_GetRxMessage
 .text.HAL_CAN_ActivateNotification
                0x08001df8       0x24 CMakeFiles/DM4310.elf.dir/Drivers/STM32F4xx_HAL_Driver/Src/stm32f4xx_hal_can.c.obj
                0x08001df8                HAL_CAN_ActivateNotification
 .text.HAL_CAN_TxMailbox0CompleteCallback
                0x08001e1c        0x2 CMakeFiles/DM4310.elf.dir/Drivers/STM32F4xx_HAL_Driver/Src/stm32f4xx_hal_can.c.obj
                0x08001e1c                HAL_CAN_TxMailbox0CompleteCallback
 .text.HAL_CAN_TxMailbox1CompleteCallback
                0x08001e1e        0x2 CMakeFiles/DM4310.elf.dir/Drivers/STM32F4xx_HAL_Driver/Src/stm32f4xx_hal_can.c.obj
                0x08001e1e                HAL_CAN_TxMailbox1CompleteCallback
 .text.HAL_CAN_TxMailbox2CompleteCallback
                0x08001e20        0x2 CMakeFiles/DM4310.elf.dir/Drivers/STM32F4xx_HAL_Driver/Src/stm32f4xx_hal_can.c.obj
                0x08001e20                HAL_CAN_TxMailbox2CompleteCallback
 .text.HAL_CAN_TxMailbox0AbortCallback
                0x08001e22        0x2 CMakeFiles/DM4310.elf.dir/Drivers/STM32F4xx_HAL_Driver/Src/stm32f4xx_hal_can.c.obj
                0x08001e22                HAL_CAN_TxMailbox0AbortCallback
 .text.HAL_CAN_TxMailbox1AbortCallback
                0x08001e24        0x2 CMakeFiles/DM4310.elf.dir/Drivers/STM32F4xx_HAL_Driver/Src/stm32f4xx_hal_can.c.obj
                0x08001e24                HAL_CAN_TxMailbox1AbortCallback
 .text.HAL_CAN_TxMailbox2AbortCallback
                0x08001e26        0x2 CMakeFiles/DM4310.elf.dir/Drivers/STM32F4xx_HAL_Driver/Src/stm32f4xx_hal_can.c.obj
                0x08001e26                HAL_CAN_TxMailbox2AbortCallback
 .text.HAL_CAN_RxFifo0FullCallback
                0x08001e28        0x2 CMakeFiles/DM4310.elf.dir/Drivers/STM32F4xx_HAL_Driver/Src/stm32f4xx_hal_can.c.obj
                0x08001e28                HAL_CAN_RxFifo0FullCallback
 .text.HAL_CAN_RxFifo1MsgPendingCallback
                0x08001e2a        0x2 CMakeFiles/DM4310.elf.dir/Drivers/STM32F4xx_HAL_Driver/Src/stm32f4xx_hal_can.c.obj
                0x08001e2a                HAL_CAN_RxFifo1MsgPendingCallback
 .text.HAL_CAN_RxFifo1FullCallback
                0x08001e2c        0x2 CMakeFiles/DM4310.elf.dir/Drivers/STM32F4xx_HAL_Driver/Src/stm32f4xx_hal_can.c.obj
                0x08001e2c                HAL_CAN_RxFifo1FullCallback
 .text.HAL_CAN_SleepCallback
                0x08001e2e        0x2 CMakeFiles/DM4310.elf.dir/Drivers/STM32F4xx_HAL_Driver/Src/stm32f4xx_hal_can.c.obj
                0x08001e2e                HAL_CAN_SleepCallback
 .text.HAL_CAN_WakeUpFromRxMsgCallback
                0x08001e30        0x2 CMakeFiles/DM4310.elf.dir/Drivers/STM32F4xx_HAL_Driver/Src/stm32f4xx_hal_can.c.obj
                0x08001e30                HAL_CAN_WakeUpFromRxMsgCallback
 .text.HAL_CAN_ErrorCallback
                0x08001e32        0x2 CMakeFiles/DM4310.elf.dir/Drivers/STM32F4xx_HAL_Driver/Src/stm32f4xx_hal_can.c.obj
                0x08001e32                HAL_CAN_ErrorCallback
 .text.HAL_CAN_IRQHandler
                0x08001e34      0x250 CMakeFiles/DM4310.elf.dir/Drivers/STM32F4xx_HAL_Driver/Src/stm32f4xx_hal_can.c.obj
                0x08001e34                HAL_CAN_IRQHandler
 .text.__NVIC_EnableIRQ
                0x08002084       0x1c CMakeFiles/DM4310.elf.dir/Drivers/STM32F4xx_HAL_Driver/Src/stm32f4xx_hal_cortex.c.obj
 .text.__NVIC_SetPriority
                0x080020a0       0x28 CMakeFiles/DM4310.elf.dir/Drivers/STM32F4xx_HAL_Driver/Src/stm32f4xx_hal_cortex.c.obj
 .text.NVIC_EncodePriority
                0x080020c8       0x3e CMakeFiles/DM4310.elf.dir/Drivers/STM32F4xx_HAL_Driver/Src/stm32f4xx_hal_cortex.c.obj
 *fill*         0x08002106        0x2 
 .text.HAL_NVIC_SetPriorityGrouping
                0x08002108       0x24 CMakeFiles/DM4310.elf.dir/Drivers/STM32F4xx_HAL_Driver/Src/stm32f4xx_hal_cortex.c.obj
                0x08002108                HAL_NVIC_SetPriorityGrouping
 .text.HAL_NVIC_SetPriority
                0x0800212c       0x20 CMakeFiles/DM4310.elf.dir/Drivers/STM32F4xx_HAL_Driver/Src/stm32f4xx_hal_cortex.c.obj
                0x0800212c                HAL_NVIC_SetPriority
 .text.HAL_NVIC_EnableIRQ
                0x0800214c        0x8 CMakeFiles/DM4310.elf.dir/Drivers/STM32F4xx_HAL_Driver/Src/stm32f4xx_hal_cortex.c.obj
                0x0800214c                HAL_NVIC_EnableIRQ
 .text.HAL_GPIO_Init
                0x08002154      0x1ec CMakeFiles/DM4310.elf.dir/Drivers/STM32F4xx_HAL_Driver/Src/stm32f4xx_hal_gpio.c.obj
                0x08002154                HAL_GPIO_Init
 .text.HAL_GPIO_WritePin
                0x08002340        0xc CMakeFiles/DM4310.elf.dir/Drivers/STM32F4xx_HAL_Driver/Src/stm32f4xx_hal_gpio.c.obj
                0x08002340                HAL_GPIO_WritePin
 .text.HAL_RCC_OscConfig
                0x0800234c      0x3f8 CMakeFiles/DM4310.elf.dir/Drivers/STM32F4xx_HAL_Driver/Src/stm32f4xx_hal_rcc.c.obj
                0x0800234c                HAL_RCC_OscConfig
 .text.HAL_RCC_GetSysClockFreq
                0x08002744       0xa8 CMakeFiles/DM4310.elf.dir/Drivers/STM32F4xx_HAL_Driver/Src/stm32f4xx_hal_rcc.c.obj
                0x08002744                HAL_RCC_GetSysClockFreq
 .text.HAL_RCC_ClockConfig
                0x080027ec      0x160 CMakeFiles/DM4310.elf.dir/Drivers/STM32F4xx_HAL_Driver/Src/stm32f4xx_hal_rcc.c.obj
                0x080027ec                HAL_RCC_ClockConfig
 .text.HAL_RCC_GetHCLKFreq
                0x0800294c        0xc CMakeFiles/DM4310.elf.dir/Drivers/STM32F4xx_HAL_Driver/Src/stm32f4xx_hal_rcc.c.obj
                0x0800294c                HAL_RCC_GetHCLKFreq
 .text.HAL_RCC_GetPCLK1Freq
                0x08002958       0x20 CMakeFiles/DM4310.elf.dir/Drivers/STM32F4xx_HAL_Driver/Src/stm32f4xx_hal_rcc.c.obj
                0x08002958                HAL_RCC_GetPCLK1Freq
 .text.HAL_RCC_GetClockConfig
                0x08002978       0x3c CMakeFiles/DM4310.elf.dir/Drivers/STM32F4xx_HAL_Driver/Src/stm32f4xx_hal_rcc.c.obj
                0x08002978                HAL_RCC_GetClockConfig
 .text.HAL_TIM_Base_MspInit
                0x080029b4        0x2 CMakeFiles/DM4310.elf.dir/Drivers/STM32F4xx_HAL_Driver/Src/stm32f4xx_hal_tim.c.obj
                0x080029b4                HAL_TIM_Base_MspInit
 *fill*         0x080029b6        0x2 
 .text.HAL_TIM_Base_Start_IT
                0x080029b8       0x88 CMakeFiles/DM4310.elf.dir/Drivers/STM32F4xx_HAL_Driver/Src/stm32f4xx_hal_tim.c.obj
                0x080029b8                HAL_TIM_Base_Start_IT
 .text.HAL_TIM_OC_DelayElapsedCallback
                0x08002a40        0x2 CMakeFiles/DM4310.elf.dir/Drivers/STM32F4xx_HAL_Driver/Src/stm32f4xx_hal_tim.c.obj
                0x08002a40                HAL_TIM_OC_DelayElapsedCallback
 .text.HAL_TIM_IC_CaptureCallback
                0x08002a42        0x2 CMakeFiles/DM4310.elf.dir/Drivers/STM32F4xx_HAL_Driver/Src/stm32f4xx_hal_tim.c.obj
                0x08002a42                HAL_TIM_IC_CaptureCallback
 .text.HAL_TIM_PWM_PulseFinishedCallback
                0x08002a44        0x2 CMakeFiles/DM4310.elf.dir/Drivers/STM32F4xx_HAL_Driver/Src/stm32f4xx_hal_tim.c.obj
                0x08002a44                HAL_TIM_PWM_PulseFinishedCallback
 .text.HAL_TIM_TriggerCallback
                0x08002a46        0x2 CMakeFiles/DM4310.elf.dir/Drivers/STM32F4xx_HAL_Driver/Src/stm32f4xx_hal_tim.c.obj
                0x08002a46                HAL_TIM_TriggerCallback
 .text.HAL_TIM_IRQHandler
                0x08002a48      0x15e CMakeFiles/DM4310.elf.dir/Drivers/STM32F4xx_HAL_Driver/Src/stm32f4xx_hal_tim.c.obj
                0x08002a48                HAL_TIM_IRQHandler
 *fill*         0x08002ba6        0x2 
 .text.TIM_Base_SetConfig
                0x08002ba8       0xd0 CMakeFiles/DM4310.elf.dir/Drivers/STM32F4xx_HAL_Driver/Src/stm32f4xx_hal_tim.c.obj
                0x08002ba8                TIM_Base_SetConfig
 .text.HAL_TIM_Base_Init
                0x08002c78       0x58 CMakeFiles/DM4310.elf.dir/Drivers/STM32F4xx_HAL_Driver/Src/stm32f4xx_hal_tim.c.obj
                0x08002c78                HAL_TIM_Base_Init
 .text.HAL_TIMEx_CommutCallback
                0x08002cd0        0x2 CMakeFiles/DM4310.elf.dir/Drivers/STM32F4xx_HAL_Driver/Src/stm32f4xx_hal_tim_ex.c.obj
                0x08002cd0                HAL_TIMEx_CommutCallback
 .text.HAL_TIMEx_BreakCallback
                0x08002cd2        0x2 CMakeFiles/DM4310.elf.dir/Drivers/STM32F4xx_HAL_Driver/Src/stm32f4xx_hal_tim_ex.c.obj
                0x08002cd2                HAL_TIMEx_BreakCallback
 .text.makeFreeRtosPriority
                0x08002cd4        0xc CMakeFiles/DM4310.elf.dir/Middlewares/Third_Party/FreeRTOS/Source/CMSIS_RTOS/cmsis_os.c.obj
 .text.osKernelStart
                0x08002ce0        0xa CMakeFiles/DM4310.elf.dir/Middlewares/Third_Party/FreeRTOS/Source/CMSIS_RTOS/cmsis_os.c.obj
                0x08002ce0                osKernelStart
 .text.osThreadCreate
                0x08002cea       0x66 CMakeFiles/DM4310.elf.dir/Middlewares/Third_Party/FreeRTOS/Source/CMSIS_RTOS/cmsis_os.c.obj
                0x08002cea                osThreadCreate
 .text.osDelay  0x08002d50        0xe CMakeFiles/DM4310.elf.dir/Middlewares/Third_Party/FreeRTOS/Source/CMSIS_RTOS/cmsis_os.c.obj
                0x08002d50                osDelay
 .text.vListInitialise
                0x08002d5e       0x16 CMakeFiles/DM4310.elf.dir/Middlewares/Third_Party/FreeRTOS/Source/list.c.obj
                0x08002d5e                vListInitialise
 .text.vListInitialiseItem
                0x08002d74        0x6 CMakeFiles/DM4310.elf.dir/Middlewares/Third_Party/FreeRTOS/Source/list.c.obj
                0x08002d74                vListInitialiseItem
 .text.vListInsertEnd
                0x08002d7a       0x16 CMakeFiles/DM4310.elf.dir/Middlewares/Third_Party/FreeRTOS/Source/list.c.obj
                0x08002d7a                vListInsertEnd
 .text.vListInsert
                0x08002d90       0x32 CMakeFiles/DM4310.elf.dir/Middlewares/Third_Party/FreeRTOS/Source/list.c.obj
                0x08002d90                vListInsert
 .text.uxListRemove
                0x08002dc2       0x26 CMakeFiles/DM4310.elf.dir/Middlewares/Third_Party/FreeRTOS/Source/list.c.obj
                0x08002dc2                uxListRemove
 .text.prvTaskExitError
                0x08002de8       0x40 CMakeFiles/DM4310.elf.dir/Middlewares/Third_Party/FreeRTOS/Source/portable/GCC/ARM_CM4F/port.c.obj
 .text.prvPortStartFirstTask
                0x08002e28       0x28 CMakeFiles/DM4310.elf.dir/Middlewares/Third_Party/FreeRTOS/Source/portable/GCC/ARM_CM4F/port.c.obj
 .text.vPortEnableVFP
                0x08002e50       0x14 CMakeFiles/DM4310.elf.dir/Middlewares/Third_Party/FreeRTOS/Source/portable/GCC/ARM_CM4F/port.c.obj
 .text.pxPortInitialiseStack
                0x08002e64       0x2c CMakeFiles/DM4310.elf.dir/Middlewares/Third_Party/FreeRTOS/Source/portable/GCC/ARM_CM4F/port.c.obj
                0x08002e64                pxPortInitialiseStack
 .text.SVC_Handler
                0x08002e90       0x24 CMakeFiles/DM4310.elf.dir/Middlewares/Third_Party/FreeRTOS/Source/portable/GCC/ARM_CM4F/port.c.obj
                0x08002e90                SVC_Handler
 .text.vPortEnterCritical
                0x08002eb4       0x44 CMakeFiles/DM4310.elf.dir/Middlewares/Third_Party/FreeRTOS/Source/portable/GCC/ARM_CM4F/port.c.obj
                0x08002eb4                vPortEnterCritical
 .text.vPortExitCritical
                0x08002ef8       0x2c CMakeFiles/DM4310.elf.dir/Middlewares/Third_Party/FreeRTOS/Source/portable/GCC/ARM_CM4F/port.c.obj
                0x08002ef8                vPortExitCritical
 *fill*         0x08002f24        0xc 
 .text.PendSV_Handler
                0x08002f30       0x64 CMakeFiles/DM4310.elf.dir/Middlewares/Third_Party/FreeRTOS/Source/portable/GCC/ARM_CM4F/port.c.obj
                0x08002f30                PendSV_Handler
 .text.SysTick_Handler
                0x08002f94       0x2c CMakeFiles/DM4310.elf.dir/Middlewares/Third_Party/FreeRTOS/Source/portable/GCC/ARM_CM4F/port.c.obj
                0x08002f94                SysTick_Handler
 .text.vPortSetupTimerInterrupt
                0x08002fc0       0x28 CMakeFiles/DM4310.elf.dir/Middlewares/Third_Party/FreeRTOS/Source/portable/GCC/ARM_CM4F/port.c.obj
                0x08002fc0                vPortSetupTimerInterrupt
 .text.xPortStartScheduler
                0x08002fe8      0x118 CMakeFiles/DM4310.elf.dir/Middlewares/Third_Party/FreeRTOS/Source/portable/GCC/ARM_CM4F/port.c.obj
                0x08002fe8                xPortStartScheduler
 .text.prvHeapInit
                0x08003100       0x64 CMakeFiles/DM4310.elf.dir/Middlewares/Third_Party/FreeRTOS/Source/portable/MemMang/heap_4.c.obj
 .text.prvInsertBlockIntoFreeList
                0x08003164       0x64 CMakeFiles/DM4310.elf.dir/Middlewares/Third_Party/FreeRTOS/Source/portable/MemMang/heap_4.c.obj
 .text.pvPortMalloc
                0x080031c8      0x104 CMakeFiles/DM4310.elf.dir/Middlewares/Third_Party/FreeRTOS/Source/portable/MemMang/heap_4.c.obj
                0x080031c8                pvPortMalloc
 .text.vPortFree
                0x080032cc       0x7c CMakeFiles/DM4310.elf.dir/Middlewares/Third_Party/FreeRTOS/Source/portable/MemMang/heap_4.c.obj
                0x080032cc                vPortFree
 .text.prvResetNextTaskUnblockTime
                0x08003348       0x2c CMakeFiles/DM4310.elf.dir/Middlewares/Third_Party/FreeRTOS/Source/tasks.c.obj
 .text.prvInitialiseNewTask
                0x08003374       0x9c CMakeFiles/DM4310.elf.dir/Middlewares/Third_Party/FreeRTOS/Source/tasks.c.obj
 .text.prvInitialiseTaskLists
                0x08003410       0x68 CMakeFiles/DM4310.elf.dir/Middlewares/Third_Party/FreeRTOS/Source/tasks.c.obj
 .text.prvAddNewTaskToReadyList
                0x08003478       0xa8 CMakeFiles/DM4310.elf.dir/Middlewares/Third_Party/FreeRTOS/Source/tasks.c.obj
 .text.prvDeleteTCB
                0x08003520       0x38 CMakeFiles/DM4310.elf.dir/Middlewares/Third_Party/FreeRTOS/Source/tasks.c.obj
 .text.prvCheckTasksWaitingTermination
                0x08003558       0x4c CMakeFiles/DM4310.elf.dir/Middlewares/Third_Party/FreeRTOS/Source/tasks.c.obj
 .text.prvIdleTask
                0x080035a4       0x28 CMakeFiles/DM4310.elf.dir/Middlewares/Third_Party/FreeRTOS/Source/tasks.c.obj
 .text.prvAddCurrentTaskToDelayedList
                0x080035cc       0x98 CMakeFiles/DM4310.elf.dir/Middlewares/Third_Party/FreeRTOS/Source/tasks.c.obj
 .text.xTaskCreateStatic
                0x08003664       0x76 CMakeFiles/DM4310.elf.dir/Middlewares/Third_Party/FreeRTOS/Source/tasks.c.obj
                0x08003664                xTaskCreateStatic
 .text.xTaskCreate
                0x080036da       0x64 CMakeFiles/DM4310.elf.dir/Middlewares/Third_Party/FreeRTOS/Source/tasks.c.obj
                0x080036da                xTaskCreate
 *fill*         0x0800373e        0x2 
 .text.vTaskStartScheduler
                0x08003740       0x74 CMakeFiles/DM4310.elf.dir/Middlewares/Third_Party/FreeRTOS/Source/tasks.c.obj
                0x08003740                vTaskStartScheduler
 .text.vTaskSuspendAll
                0x080037b4       0x10 CMakeFiles/DM4310.elf.dir/Middlewares/Third_Party/FreeRTOS/Source/tasks.c.obj
                0x080037b4                vTaskSuspendAll
 .text.xTaskIncrementTick
                0x080037c4      0x118 CMakeFiles/DM4310.elf.dir/Middlewares/Third_Party/FreeRTOS/Source/tasks.c.obj
                0x080037c4                xTaskIncrementTick
 .text.xTaskResumeAll
                0x080038dc       0xf8 CMakeFiles/DM4310.elf.dir/Middlewares/Third_Party/FreeRTOS/Source/tasks.c.obj
                0x080038dc                xTaskResumeAll
 .text.vTaskDelay
                0x080039d4       0x4c CMakeFiles/DM4310.elf.dir/Middlewares/Third_Party/FreeRTOS/Source/tasks.c.obj
                0x080039d4                vTaskDelay
 .text.vTaskSwitchContext
                0x08003a20       0x98 CMakeFiles/DM4310.elf.dir/Middlewares/Third_Party/FreeRTOS/Source/tasks.c.obj
                0x08003a20                vTaskSwitchContext
 .text._ZN5Motor12Set_Pid_TypeE8Pid_Type
                0x08003ab8        0x4 CMakeFiles/DM4310.elf.dir/User/motor.cpp.obj
                0x08003ab8                Motor::Set_Pid_Type(Pid_Type)
 .text._ZN5MotorC2Ev
                0x08003abc       0x10 CMakeFiles/DM4310.elf.dir/User/motor.cpp.obj
                0x08003abc                Motor::Motor()
                0x08003abc                Motor::Motor()
 .text._ZN5MotorD2Ev
                0x08003acc        0xc CMakeFiles/DM4310.elf.dir/User/motor.cpp.obj
                0x08003acc                Motor::~Motor()
                0x08003acc                Motor::~Motor()
 .text._ZN6DM4310D2Ev
                0x08003ad8       0x14 CMakeFiles/DM4310.elf.dir/User/motor_dm.cpp.obj
                0x08003ad8                DM4310::~DM4310()
                0x08003ad8                DM4310::~DM4310()
 .text._ZN6DM431012Set_Pid_TypeE8Pid_Type
                0x08003aec       0x94 CMakeFiles/DM4310.elf.dir/User/motor_dm.cpp.obj
                0x08003aec                DM4310::Set_Pid_Type(Pid_Type)
 .text._ZN6DM4310D0Ev
                0x08003b80       0x20 CMakeFiles/DM4310.elf.dir/User/motor_dm.cpp.obj
                0x08003b80                DM4310::~DM4310()
 .text._ZN6DM4310C2E13Motor_DM_ModeP17CAN_HandleTypeDefhh8Pid_Type
                0x08003ba0       0xac CMakeFiles/DM4310.elf.dir/User/motor_dm.cpp.obj
                0x08003ba0                DM4310::DM4310(Motor_DM_Mode, CAN_HandleTypeDef*, unsigned char, unsigned char, Pid_Type)
                0x08003ba0                DM4310::DM4310(Motor_DM_Mode, CAN_HandleTypeDef*, unsigned char, unsigned char, Pid_Type)
 .text._ZNK6DM431016MIT_Ctl_Msg_SendEfffff
                0x08003c4c      0x108 CMakeFiles/DM4310.elf.dir/User/motor_dm.cpp.obj
                0x08003c4c                DM4310::MIT_Ctl_Msg_Send(float, float, float, float, float) const
 *fill*         0x08003d54        0x4 
 .text._ZN6DM431010Pid_UpdateEf
                0x08003d58      0x11c CMakeFiles/DM4310.elf.dir/User/motor_dm.cpp.obj
                0x08003d58                DM4310::Pid_Update(float)
 .text._ZNK6DM431018Pos_Speed_Msg_SendEff
                0x08003e74       0x76 CMakeFiles/DM4310.elf.dir/User/motor_dm.cpp.obj
                0x08003e74                DM4310::Pos_Speed_Msg_Send(float, float) const
 *fill*         0x08003eea        0x2 
 .text._ZN6DM43109Set_AngleEff
                0x08003eec       0x3c CMakeFiles/DM4310.elf.dir/User/motor_dm.cpp.obj
                0x08003eec                DM4310::Set_Angle(float, float)
 .text._ZNK6DM431014Speed_Msg_SendEf
                0x08003f28       0x56 CMakeFiles/DM4310.elf.dir/User/motor_dm.cpp.obj
                0x08003f28                DM4310::Speed_Msg_Send(float) const
 *fill*         0x08003f7e        0x2 
 .text._ZN6DM43109Set_SpeedEf
                0x08003f80       0x54 CMakeFiles/DM4310.elf.dir/User/motor_dm.cpp.obj
                0x08003f80                DM4310::Set_Speed(float)
 .text._ZN6DM431018Deserialize_StatusEPKh
                0x08003fd4       0xa4 CMakeFiles/DM4310.elf.dir/User/motor_dm.cpp.obj
                0x08003fd4                DM4310::Deserialize_Status(unsigned char const*)
 .text._ZNK6DM43106EnableEv
                0x08004078       0x76 CMakeFiles/DM4310.elf.dir/User/motor_dm.cpp.obj
                0x08004078                DM4310::Enable() const
 .text._ZN6DM431010Set_Can_IDEh
                0x080040ee        0x6 CMakeFiles/DM4310.elf.dir/User/motor_dm.cpp.obj
                0x080040ee                DM4310::Set_Can_ID(unsigned char)
 .text._ZN6DM431013Set_Master_IDEh
                0x080040f4        0x6 CMakeFiles/DM4310.elf.dir/User/motor_dm.cpp.obj
                0x080040f4                DM4310::Set_Master_ID(unsigned char)
 .text._ZN6DM431012Set_CTL_ModeE13Motor_DM_Mode
                0x080040fa        0x6 CMakeFiles/DM4310.elf.dir/User/motor_dm.cpp.obj
                0x080040fa                DM4310::Set_CTL_Mode(Motor_DM_Mode)
 .text._ZN6DM43108Bind_CANEP17CAN_HandleTypeDef
                0x08004100        0x6 CMakeFiles/DM4310.elf.dir/User/motor_dm.cpp.obj
                0x08004100                DM4310::Bind_CAN(CAN_HandleTypeDef*)
 *fill*         0x08004106        0x2 
 .text._ZN3PIDC2Efffff
                0x08004108       0x5c CMakeFiles/DM4310.elf.dir/User/pid.cpp.obj
                0x08004108                PID::PID(float, float, float, float, float)
                0x08004108                PID::PID(float, float, float, float, float)
 .text._ZN3PID10Pid_UpdateEff
                0x08004164      0x1f8 CMakeFiles/DM4310.elf.dir/User/pid.cpp.obj
                0x08004164                PID::Pid_Update(float, float)
 .text._ZN3PID14Set_ParametersEffff
                0x0800435c       0x12 CMakeFiles/DM4310.elf.dir/User/pid.cpp.obj
                0x0800435c                PID::Set_Parameters(float, float, float, float)
 .text._ZN3PID14Set_Max_OutputEf
                0x0800436e        0x6 CMakeFiles/DM4310.elf.dir/User/pid.cpp.obj
                0x0800436e                PID::Set_Max_Output(float)
 .text._ZN3PID29Enable_ZeroCrossingProtectionEf
                0x08004374        0xc CMakeFiles/DM4310.elf.dir/User/pid.cpp.obj
                0x08004374                PID::Enable_ZeroCrossingProtection(float)
 .text._ZNK3PID10Get_OutputEv
                0x08004380        0x6 CMakeFiles/DM4310.elf.dir/User/pid.cpp.obj
                0x08004380                PID::Get_Output() const
 *fill*         0x08004386        0x2 
 .text._Z41__static_initialization_and_destruction_0v
                0x08004388       0x34 CMakeFiles/DM4310.elf.dir/User/task_cpp.cpp.obj
 .text._Z15CAN_Filter_Initv
                0x080043bc       0x3c CMakeFiles/DM4310.elf.dir/User/task_cpp.cpp.obj
                0x080043bc                CAN_Filter_Init()
 .text.HAL_CAN_RxFifo0MsgPendingCallback
                0x080043f8       0x38 CMakeFiles/DM4310.elf.dir/User/task_cpp.cpp.obj
                0x080043f8                HAL_CAN_RxFifo0MsgPendingCallback
 .text.dm_task  0x08004430       0xf4 CMakeFiles/DM4310.elf.dir/User/task_cpp.cpp.obj
                0x08004430                dm_task
 .text._GLOBAL__sub_I_HAL_CAN_RxFifo0MsgPendingCallback
                0x08004524        0x8 CMakeFiles/DM4310.elf.dir/User/task_cpp.cpp.obj
 .text.__aeabi_atexit
                0x0800452c        0xc C:/CLionToolchains/gcc-arm-none-eabi-10.3-2021.10/bin/../lib/gcc/arm-none-eabi/13.3.1/thumb/v7e-m+fp/hard\libstdc++.a(atexit_arm.o)
                0x0800452c                __aeabi_atexit
 .text._ZNK10__cxxabiv117__class_type_info11__do_upcastEPKS0_PPv
                0x08004538       0x34 C:/CLionToolchains/gcc-arm-none-eabi-10.3-2021.10/bin/../lib/gcc/arm-none-eabi/13.3.1/thumb/v7e-m+fp/hard\libstdc++.a(class_type_info.o)
                0x08004538                __cxxabiv1::__class_type_info::__do_upcast(__cxxabiv1::__class_type_info const*, void**) const
 .text._ZNK10__cxxabiv117__class_type_info20__do_find_public_srcEiPKvPKS0_S2_
                0x0800456c        0xc C:/CLionToolchains/gcc-arm-none-eabi-10.3-2021.10/bin/../lib/gcc/arm-none-eabi/13.3.1/thumb/v7e-m+fp/hard\libstdc++.a(class_type_info.o)
                0x0800456c                __cxxabiv1::__class_type_info::__do_find_public_src(int, void const*, __cxxabiv1::__class_type_info const*, void const*) const
 .text._ZN10__cxxabiv117__class_type_infoD2Ev
                0x08004578       0x14 C:/CLionToolchains/gcc-arm-none-eabi-10.3-2021.10/bin/../lib/gcc/arm-none-eabi/13.3.1/thumb/v7e-m+fp/hard\libstdc++.a(class_type_info.o)
                0x08004578                __cxxabiv1::__class_type_info::~__class_type_info()
                0x08004578                __cxxabiv1::__class_type_info::~__class_type_info()
 .text._ZN10__cxxabiv117__class_type_infoD0Ev
                0x0800458c       0x1c C:/CLionToolchains/gcc-arm-none-eabi-10.3-2021.10/bin/../lib/gcc/arm-none-eabi/13.3.1/thumb/v7e-m+fp/hard\libstdc++.a(class_type_info.o)
                0x0800458c                __cxxabiv1::__class_type_info::~__class_type_info()
 .text._ZNK10__cxxabiv117__class_type_info12__do_dyncastEiNS0_10__sub_kindEPKS0_PKvS3_S5_RNS0_16__dyncast_resultE
                0x080045a8       0x44 C:/CLionToolchains/gcc-arm-none-eabi-10.3-2021.10/bin/../lib/gcc/arm-none-eabi/13.3.1/thumb/v7e-m+fp/hard\libstdc++.a(class_type_info.o)
                0x080045a8                __cxxabiv1::__class_type_info::__do_dyncast(int, __cxxabiv1::__class_type_info::__sub_kind, __cxxabiv1::__class_type_info const*, void const*, __cxxabiv1::__class_type_info const*, void const*, __cxxabiv1::__class_type_info::__dyncast_result&) const
 .text._ZNK10__cxxabiv117__class_type_info11__do_upcastEPKS0_PKvRNS0_15__upcast_resultE
                0x080045ec       0x1c C:/CLionToolchains/gcc-arm-none-eabi-10.3-2021.10/bin/../lib/gcc/arm-none-eabi/13.3.1/thumb/v7e-m+fp/hard\libstdc++.a(class_type_info.o)
                0x080045ec                __cxxabiv1::__class_type_info::__do_upcast(__cxxabiv1::__class_type_info const*, void const*, __cxxabiv1::__class_type_info::__upcast_result&) const
 .text._ZNK10__cxxabiv117__class_type_info10__do_catchEPKSt9type_infoPPvj
                0x08004608       0x2c C:/CLionToolchains/gcc-arm-none-eabi-10.3-2021.10/bin/../lib/gcc/arm-none-eabi/13.3.1/thumb/v7e-m+fp/hard\libstdc++.a(class_type_info.o)
                0x08004608                __cxxabiv1::__class_type_info::__do_catch(std::type_info const*, void**, unsigned int) const
 .text._ZdlPvj  0x08004634        0x4 C:/CLionToolchains/gcc-arm-none-eabi-10.3-2021.10/bin/../lib/gcc/arm-none-eabi/13.3.1/thumb/v7e-m+fp/hard\libstdc++.a(del_ops.o)
                0x08004634                operator delete(void*, unsigned int)
 .text.__cxa_end_cleanup
                0x08004638        0xc C:/CLionToolchains/gcc-arm-none-eabi-10.3-2021.10/bin/../lib/gcc/arm-none-eabi/13.3.1/thumb/v7e-m+fp/hard\libstdc++.a(eh_arm.o)
                0x08004638                __cxa_end_cleanup
 .text.__cxa_type_match
                0x08004644       0xb0 C:/CLionToolchains/gcc-arm-none-eabi-10.3-2021.10/bin/../lib/gcc/arm-none-eabi/13.3.1/thumb/v7e-m+fp/hard\libstdc++.a(eh_arm.o)
                0x08004644                __cxa_type_match
 .text.__cxa_begin_cleanup
                0x080046f4       0x64 C:/CLionToolchains/gcc-arm-none-eabi-10.3-2021.10/bin/../lib/gcc/arm-none-eabi/13.3.1/thumb/v7e-m+fp/hard\libstdc++.a(eh_arm.o)
                0x080046f4                __cxa_begin_cleanup
 .text.__gnu_end_cleanup
                0x08004758       0x70 C:/CLionToolchains/gcc-arm-none-eabi-10.3-2021.10/bin/../lib/gcc/arm-none-eabi/13.3.1/thumb/v7e-m+fp/hard\libstdc++.a(eh_arm.o)
                0x08004758                __gnu_end_cleanup
 .text._ZNSt13bad_exceptionD2Ev
                0x080047c8        0x4 C:/CLionToolchains/gcc-arm-none-eabi-10.3-2021.10/bin/../lib/gcc/arm-none-eabi/13.3.1/thumb/v7e-m+fp/hard\libstdc++.a(eh_exception.o)
                0x080047c8                std::bad_exception::~bad_exception()
                0x080047c8                std::bad_exception::~bad_exception()
 .text._ZNKSt13bad_exception4whatEv
                0x080047cc        0x8 C:/CLionToolchains/gcc-arm-none-eabi-10.3-2021.10/bin/../lib/gcc/arm-none-eabi/13.3.1/thumb/v7e-m+fp/hard\libstdc++.a(eh_exception.o)
                0x080047cc                std::bad_exception::what() const
                0x080047cc                transaction clone for std::bad_exception::what() const
 .text._ZNSt13bad_exceptionD0Ev
                0x080047d4       0x10 C:/CLionToolchains/gcc-arm-none-eabi-10.3-2021.10/bin/../lib/gcc/arm-none-eabi/13.3.1/thumb/v7e-m+fp/hard\libstdc++.a(eh_exception.o)
                0x080047d4                std::bad_exception::~bad_exception()
 .text.__cxa_get_globals_fast
                0x080047e4        0x8 C:/CLionToolchains/gcc-arm-none-eabi-10.3-2021.10/bin/../lib/gcc/arm-none-eabi/13.3.1/thumb/v7e-m+fp/hard\libstdc++.a(eh_globals.o)
                0x080047e4                __cxa_get_globals_fast
 .text.__cxa_get_globals
                0x080047ec        0x8 C:/CLionToolchains/gcc-arm-none-eabi-10.3-2021.10/bin/../lib/gcc/arm-none-eabi/13.3.1/thumb/v7e-m+fp/hard\libstdc++.a(eh_globals.o)
                0x080047ec                __cxa_get_globals
 .text._ZL28read_encoded_value_with_basehjPKhPj
                0x080047f4       0xc0 C:/CLionToolchains/gcc-arm-none-eabi-10.3-2021.10/bin/../lib/gcc/arm-none-eabi/13.3.1/thumb/v7e-m+fp/hard\libstdc++.a(eh_personality.o)
 .text._ZL21base_of_encoded_valuehP15_Unwind_Context
                0x080048b4       0x44 C:/CLionToolchains/gcc-arm-none-eabi-10.3-2021.10/bin/../lib/gcc/arm-none-eabi/13.3.1/thumb/v7e-m+fp/hard\libstdc++.a(eh_personality.o)
 .text._ZL17parse_lsda_headerP15_Unwind_ContextPKhP16lsda_header_info
                0x080048f8       0x90 C:/CLionToolchains/gcc-arm-none-eabi-10.3-2021.10/bin/../lib/gcc/arm-none-eabi/13.3.1/thumb/v7e-m+fp/hard\libstdc++.a(eh_personality.o)
 .text.__gxx_personality_v0
                0x08004988      0x448 C:/CLionToolchains/gcc-arm-none-eabi-10.3-2021.10/bin/../lib/gcc/arm-none-eabi/13.3.1/thumb/v7e-m+fp/hard\libstdc++.a(eh_personality.o)
                0x08004988                __gxx_personality_v0
 .text._ZN10__cxxabiv111__terminateEPFvvE
                0x08004dd0       0x10 C:/CLionToolchains/gcc-arm-none-eabi-10.3-2021.10/bin/../lib/gcc/arm-none-eabi/13.3.1/thumb/v7e-m+fp/hard\libstdc++.a(eh_terminate.o)
                0x08004dd0                __cxxabiv1::__terminate(void (*)())
 .text._ZSt9terminatev
                0x08004de0       0x14 C:/CLionToolchains/gcc-arm-none-eabi-10.3-2021.10/bin/../lib/gcc/arm-none-eabi/13.3.1/thumb/v7e-m+fp/hard\libstdc++.a(eh_terminate.o)
                0x08004de0                std::terminate()
 .text._ZN10__cxxabiv112__unexpectedEPFvvE
                0x08004df4        0x8 C:/CLionToolchains/gcc-arm-none-eabi-10.3-2021.10/bin/../lib/gcc/arm-none-eabi/13.3.1/thumb/v7e-m+fp/hard\libstdc++.a(eh_terminate.o)
                0x08004df4                __cxxabiv1::__unexpected(void (*)())
 .text._ZSt10unexpectedv
                0x08004dfc       0x14 C:/CLionToolchains/gcc-arm-none-eabi-10.3-2021.10/bin/../lib/gcc/arm-none-eabi/13.3.1/thumb/v7e-m+fp/hard\libstdc++.a(eh_terminate.o)
                0x08004dfc                std::unexpected()
 .text._ZSt13get_terminatev
                0x08004e10       0x10 C:/CLionToolchains/gcc-arm-none-eabi-10.3-2021.10/bin/../lib/gcc/arm-none-eabi/13.3.1/thumb/v7e-m+fp/hard\libstdc++.a(eh_terminate.o)
                0x08004e10                std::get_terminate()
 .text._ZSt14get_unexpectedv
                0x08004e20       0x10 C:/CLionToolchains/gcc-arm-none-eabi-10.3-2021.10/bin/../lib/gcc/arm-none-eabi/13.3.1/thumb/v7e-m+fp/hard\libstdc++.a(eh_terminate.o)
                0x08004e20                std::get_unexpected()
 .text._ZN10__cxxabiv120__si_class_type_infoD2Ev
                0x08004e30       0x14 C:/CLionToolchains/gcc-arm-none-eabi-10.3-2021.10/bin/../lib/gcc/arm-none-eabi/13.3.1/thumb/v7e-m+fp/hard\libstdc++.a(si_class_type_info.o)
                0x08004e30                __cxxabiv1::__si_class_type_info::~__si_class_type_info()
                0x08004e30                __cxxabiv1::__si_class_type_info::~__si_class_type_info()
 .text._ZN10__cxxabiv120__si_class_type_infoD0Ev
                0x08004e44       0x1c C:/CLionToolchains/gcc-arm-none-eabi-10.3-2021.10/bin/../lib/gcc/arm-none-eabi/13.3.1/thumb/v7e-m+fp/hard\libstdc++.a(si_class_type_info.o)
                0x08004e44                __cxxabiv1::__si_class_type_info::~__si_class_type_info()
 .text._ZNK10__cxxabiv120__si_class_type_info20__do_find_public_srcEiPKvPKNS_17__class_type_infoES2_
                0x08004e60       0x3c C:/CLionToolchains/gcc-arm-none-eabi-10.3-2021.10/bin/../lib/gcc/arm-none-eabi/13.3.1/thumb/v7e-m+fp/hard\libstdc++.a(si_class_type_info.o)
                0x08004e60                __cxxabiv1::__si_class_type_info::__do_find_public_src(int, void const*, __cxxabiv1::__class_type_info const*, void const*) const
 .text._ZNK10__cxxabiv120__si_class_type_info12__do_dyncastEiNS_17__class_type_info10__sub_kindEPKS1_PKvS4_S6_RNS1_16__dyncast_resultE
                0x08004e9c       0x84 C:/CLionToolchains/gcc-arm-none-eabi-10.3-2021.10/bin/../lib/gcc/arm-none-eabi/13.3.1/thumb/v7e-m+fp/hard\libstdc++.a(si_class_type_info.o)
                0x08004e9c                __cxxabiv1::__si_class_type_info::__do_dyncast(int, __cxxabiv1::__class_type_info::__sub_kind, __cxxabiv1::__class_type_info const*, void const*, __cxxabiv1::__class_type_info const*, void const*, __cxxabiv1::__class_type_info::__dyncast_result&) const
 .text._ZNK10__cxxabiv120__si_class_type_info11__do_upcastEPKNS_17__class_type_infoEPKvRNS1_15__upcast_resultE
                0x08004f20       0x2c C:/CLionToolchains/gcc-arm-none-eabi-10.3-2021.10/bin/../lib/gcc/arm-none-eabi/13.3.1/thumb/v7e-m+fp/hard\libstdc++.a(si_class_type_info.o)
                0x08004f20                __cxxabiv1::__si_class_type_info::__do_upcast(__cxxabiv1::__class_type_info const*, void const*, __cxxabiv1::__class_type_info::__upcast_result&) const
 .text._ZNSt9type_infoD2Ev
                0x08004f4c        0x4 C:/CLionToolchains/gcc-arm-none-eabi-10.3-2021.10/bin/../lib/gcc/arm-none-eabi/13.3.1/thumb/v7e-m+fp/hard\libstdc++.a(tinfo.o)
                0x08004f4c                std::type_info::~type_info()
                0x08004f4c                std::type_info::~type_info()
 .text._ZNKSt9type_info14__is_pointer_pEv
                0x08004f50        0x4 C:/CLionToolchains/gcc-arm-none-eabi-10.3-2021.10/bin/../lib/gcc/arm-none-eabi/13.3.1/thumb/v7e-m+fp/hard\libstdc++.a(tinfo.o)
                0x08004f50                std::type_info::__is_pointer_p() const
                0x08004f50                std::type_info::__is_function_p() const
 .text._ZNKSt9type_infoeqERKS_
                0x08004f54       0x2c C:/CLionToolchains/gcc-arm-none-eabi-10.3-2021.10/bin/../lib/gcc/arm-none-eabi/13.3.1/thumb/v7e-m+fp/hard\libstdc++.a(tinfo.o)
                0x08004f54                std::type_info::operator==(std::type_info const&) const
                0x08004f54                std::type_info::__equal(std::type_info const&) const
 .text._ZN10__cxxabiv121__vmi_class_type_infoD2Ev
                0x08004f80       0x14 C:/CLionToolchains/gcc-arm-none-eabi-10.3-2021.10/bin/../lib/gcc/arm-none-eabi/13.3.1/thumb/v7e-m+fp/hard\libstdc++.a(vmi_class_type_info.o)
                0x08004f80                __cxxabiv1::__vmi_class_type_info::~__vmi_class_type_info()
                0x08004f80                __cxxabiv1::__vmi_class_type_info::~__vmi_class_type_info()
 .text._ZN10__cxxabiv121__vmi_class_type_infoD0Ev
                0x08004f94       0x1c C:/CLionToolchains/gcc-arm-none-eabi-10.3-2021.10/bin/../lib/gcc/arm-none-eabi/13.3.1/thumb/v7e-m+fp/hard\libstdc++.a(vmi_class_type_info.o)
                0x08004f94                __cxxabiv1::__vmi_class_type_info::~__vmi_class_type_info()
 .text._ZNK10__cxxabiv121__vmi_class_type_info20__do_find_public_srcEiPKvPKNS_17__class_type_infoES2_
                0x08004fb0       0x80 C:/CLionToolchains/gcc-arm-none-eabi-10.3-2021.10/bin/../lib/gcc/arm-none-eabi/13.3.1/thumb/v7e-m+fp/hard\libstdc++.a(vmi_class_type_info.o)
                0x08004fb0                __cxxabiv1::__vmi_class_type_info::__do_find_public_src(int, void const*, __cxxabiv1::__class_type_info const*, void const*) const
 .text._ZNK10__cxxabiv121__vmi_class_type_info12__do_dyncastEiNS_17__class_type_info10__sub_kindEPKS1_PKvS4_S6_RNS1_16__dyncast_resultE
                0x08005030      0x3c0 C:/CLionToolchains/gcc-arm-none-eabi-10.3-2021.10/bin/../lib/gcc/arm-none-eabi/13.3.1/thumb/v7e-m+fp/hard\libstdc++.a(vmi_class_type_info.o)
                0x08005030                __cxxabiv1::__vmi_class_type_info::__do_dyncast(int, __cxxabiv1::__class_type_info::__sub_kind, __cxxabiv1::__class_type_info const*, void const*, __cxxabiv1::__class_type_info const*, void const*, __cxxabiv1::__class_type_info::__dyncast_result&) const
 .text._ZNK10__cxxabiv121__vmi_class_type_info11__do_upcastEPKNS_17__class_type_infoEPKvRNS1_15__upcast_resultE
                0x080053f0      0x140 C:/CLionToolchains/gcc-arm-none-eabi-10.3-2021.10/bin/../lib/gcc/arm-none-eabi/13.3.1/thumb/v7e-m+fp/hard\libstdc++.a(vmi_class_type_info.o)
                0x080053f0                __cxxabiv1::__vmi_class_type_info::__do_upcast(__cxxabiv1::__class_type_info const*, void const*, __cxxabiv1::__class_type_info::__upcast_result&) const
 .text._ZN9__gnu_cxx27__verbose_terminate_handlerEv
                0x08005530      0x10c C:/CLionToolchains/gcc-arm-none-eabi-10.3-2021.10/bin/../lib/gcc/arm-none-eabi/13.3.1/thumb/v7e-m+fp/hard\libstdc++.a(vterminate.o)
                0x08005530                __gnu_cxx::__verbose_terminate_handler()
 .text.d_make_comp
                0x0800563c       0xf8 C:/CLionToolchains/gcc-arm-none-eabi-10.3-2021.10/bin/../lib/gcc/arm-none-eabi/13.3.1/thumb/v7e-m+fp/hard\libstdc++.a(cp-demangle.o)
 .text.d_number
                0x08005734       0x74 C:/CLionToolchains/gcc-arm-none-eabi-10.3-2021.10/bin/../lib/gcc/arm-none-eabi/13.3.1/thumb/v7e-m+fp/hard\libstdc++.a(cp-demangle.o)
 .text.d_call_offset
                0x080057a8       0x48 C:/CLionToolchains/gcc-arm-none-eabi-10.3-2021.10/bin/../lib/gcc/arm-none-eabi/13.3.1/thumb/v7e-m+fp/hard\libstdc++.a(cp-demangle.o)
 .text.d_discriminator
                0x080057f0       0x4c C:/CLionToolchains/gcc-arm-none-eabi-10.3-2021.10/bin/../lib/gcc/arm-none-eabi/13.3.1/thumb/v7e-m+fp/hard\libstdc++.a(cp-demangle.o)
 .text.d_count_templates_scopes
                0x0800583c      0x130 C:/CLionToolchains/gcc-arm-none-eabi-10.3-2021.10/bin/../lib/gcc/arm-none-eabi/13.3.1/thumb/v7e-m+fp/hard\libstdc++.a(cp-demangle.o)
 .text.d_index_template_argument.part.0
                0x0800596c       0x1c C:/CLionToolchains/gcc-arm-none-eabi-10.3-2021.10/bin/../lib/gcc/arm-none-eabi/13.3.1/thumb/v7e-m+fp/hard\libstdc++.a(cp-demangle.o)
 .text.d_growable_string_callback_adapter
                0x08005988       0x90 C:/CLionToolchains/gcc-arm-none-eabi-10.3-2021.10/bin/../lib/gcc/arm-none-eabi/13.3.1/thumb/v7e-m+fp/hard\libstdc++.a(cp-demangle.o)
 .text.next_is_type_qual.isra.0
                0x08005a18       0x40 C:/CLionToolchains/gcc-arm-none-eabi-10.3-2021.10/bin/../lib/gcc/arm-none-eabi/13.3.1/thumb/v7e-m+fp/hard\libstdc++.a(cp-demangle.o)
 .text.d_append_char
                0x08005a58       0x44 C:/CLionToolchains/gcc-arm-none-eabi-10.3-2021.10/bin/../lib/gcc/arm-none-eabi/13.3.1/thumb/v7e-m+fp/hard\libstdc++.a(cp-demangle.o)
 .text.d_lookup_template_argument
                0x08005a9c       0x34 C:/CLionToolchains/gcc-arm-none-eabi-10.3-2021.10/bin/../lib/gcc/arm-none-eabi/13.3.1/thumb/v7e-m+fp/hard\libstdc++.a(cp-demangle.o)
 .text.d_find_pack
                0x08005ad0       0x90 C:/CLionToolchains/gcc-arm-none-eabi-10.3-2021.10/bin/../lib/gcc/arm-none-eabi/13.3.1/thumb/v7e-m+fp/hard\libstdc++.a(cp-demangle.o)
 .text.d_append_string
                0x08005b60       0x68 C:/CLionToolchains/gcc-arm-none-eabi-10.3-2021.10/bin/../lib/gcc/arm-none-eabi/13.3.1/thumb/v7e-m+fp/hard\libstdc++.a(cp-demangle.o)
 .text.d_template_param
                0x08005bc8       0x5c C:/CLionToolchains/gcc-arm-none-eabi-10.3-2021.10/bin/../lib/gcc/arm-none-eabi/13.3.1/thumb/v7e-m+fp/hard\libstdc++.a(cp-demangle.o)
 .text.d_append_num
                0x08005c24       0x78 C:/CLionToolchains/gcc-arm-none-eabi-10.3-2021.10/bin/../lib/gcc/arm-none-eabi/13.3.1/thumb/v7e-m+fp/hard\libstdc++.a(cp-demangle.o)
 .text.d_source_name
                0x08005c9c       0xdc C:/CLionToolchains/gcc-arm-none-eabi-10.3-2021.10/bin/../lib/gcc/arm-none-eabi/13.3.1/thumb/v7e-m+fp/hard\libstdc++.a(cp-demangle.o)
 .text.d_substitution
                0x08005d78      0x184 C:/CLionToolchains/gcc-arm-none-eabi-10.3-2021.10/bin/../lib/gcc/arm-none-eabi/13.3.1/thumb/v7e-m+fp/hard\libstdc++.a(cp-demangle.o)
 .text.d_maybe_module_name
                0x08005efc       0x60 C:/CLionToolchains/gcc-arm-none-eabi-10.3-2021.10/bin/../lib/gcc/arm-none-eabi/13.3.1/thumb/v7e-m+fp/hard\libstdc++.a(cp-demangle.o)
 .text.d_type   0x08005f5c      0x7c4 C:/CLionToolchains/gcc-arm-none-eabi-10.3-2021.10/bin/../lib/gcc/arm-none-eabi/13.3.1/thumb/v7e-m+fp/hard\libstdc++.a(cp-demangle.o)
 .text.d_parmlist
                0x08006720       0x88 C:/CLionToolchains/gcc-arm-none-eabi-10.3-2021.10/bin/../lib/gcc/arm-none-eabi/13.3.1/thumb/v7e-m+fp/hard\libstdc++.a(cp-demangle.o)
 .text.d_bare_function_type
                0x080067a8       0x48 C:/CLionToolchains/gcc-arm-none-eabi-10.3-2021.10/bin/../lib/gcc/arm-none-eabi/13.3.1/thumb/v7e-m+fp/hard\libstdc++.a(cp-demangle.o)
 .text.d_function_type
                0x080067f0       0x8c C:/CLionToolchains/gcc-arm-none-eabi-10.3-2021.10/bin/../lib/gcc/arm-none-eabi/13.3.1/thumb/v7e-m+fp/hard\libstdc++.a(cp-demangle.o)
 .text.d_template_parm
                0x0800687c       0x94 C:/CLionToolchains/gcc-arm-none-eabi-10.3-2021.10/bin/../lib/gcc/arm-none-eabi/13.3.1/thumb/v7e-m+fp/hard\libstdc++.a(cp-demangle.o)
 .text.d_template_head
                0x08006910       0x3c C:/CLionToolchains/gcc-arm-none-eabi-10.3-2021.10/bin/../lib/gcc/arm-none-eabi/13.3.1/thumb/v7e-m+fp/hard\libstdc++.a(cp-demangle.o)
 .text.d_operator_name
                0x0800694c      0x100 C:/CLionToolchains/gcc-arm-none-eabi-10.3-2021.10/bin/../lib/gcc/arm-none-eabi/13.3.1/thumb/v7e-m+fp/hard\libstdc++.a(cp-demangle.o)
 .text.d_unqualified_name
                0x08006a4c      0x39c C:/CLionToolchains/gcc-arm-none-eabi-10.3-2021.10/bin/../lib/gcc/arm-none-eabi/13.3.1/thumb/v7e-m+fp/hard\libstdc++.a(cp-demangle.o)
 .text.d_expression_1
                0x08006de8      0x4ec C:/CLionToolchains/gcc-arm-none-eabi-10.3-2021.10/bin/../lib/gcc/arm-none-eabi/13.3.1/thumb/v7e-m+fp/hard\libstdc++.a(cp-demangle.o)
 .text.d_exprlist
                0x080072d4       0x74 C:/CLionToolchains/gcc-arm-none-eabi-10.3-2021.10/bin/../lib/gcc/arm-none-eabi/13.3.1/thumb/v7e-m+fp/hard\libstdc++.a(cp-demangle.o)
 .text.d_cv_qualifiers
                0x08007348      0x154 C:/CLionToolchains/gcc-arm-none-eabi-10.3-2021.10/bin/../lib/gcc/arm-none-eabi/13.3.1/thumb/v7e-m+fp/hard\libstdc++.a(cp-demangle.o)
 .text.d_name   0x0800749c      0x2fc C:/CLionToolchains/gcc-arm-none-eabi-10.3-2021.10/bin/../lib/gcc/arm-none-eabi/13.3.1/thumb/v7e-m+fp/hard\libstdc++.a(cp-demangle.o)
 .text.d_encoding.part.0
                0x08007798      0x100 C:/CLionToolchains/gcc-arm-none-eabi-10.3-2021.10/bin/../lib/gcc/arm-none-eabi/13.3.1/thumb/v7e-m+fp/hard\libstdc++.a(cp-demangle.o)
 .text.d_special_name
                0x08007898      0x4a0 C:/CLionToolchains/gcc-arm-none-eabi-10.3-2021.10/bin/../lib/gcc/arm-none-eabi/13.3.1/thumb/v7e-m+fp/hard\libstdc++.a(cp-demangle.o)
 .text.d_expr_primary
                0x08007d38      0x11c C:/CLionToolchains/gcc-arm-none-eabi-10.3-2021.10/bin/../lib/gcc/arm-none-eabi/13.3.1/thumb/v7e-m+fp/hard\libstdc++.a(cp-demangle.o)
 .text.d_template_arg
                0x08007e54       0x58 C:/CLionToolchains/gcc-arm-none-eabi-10.3-2021.10/bin/../lib/gcc/arm-none-eabi/13.3.1/thumb/v7e-m+fp/hard\libstdc++.a(cp-demangle.o)
 .text.d_template_args_1
                0x08007eac       0x64 C:/CLionToolchains/gcc-arm-none-eabi-10.3-2021.10/bin/../lib/gcc/arm-none-eabi/13.3.1/thumb/v7e-m+fp/hard\libstdc++.a(cp-demangle.o)
 .text.d_prefix
                0x08007f10       0xc0 C:/CLionToolchains/gcc-arm-none-eabi-10.3-2021.10/bin/../lib/gcc/arm-none-eabi/13.3.1/thumb/v7e-m+fp/hard\libstdc++.a(cp-demangle.o)
 .text.d_print_comp_inner
                0x08007fd0     0x259c C:/CLionToolchains/gcc-arm-none-eabi-10.3-2021.10/bin/../lib/gcc/arm-none-eabi/13.3.1/thumb/v7e-m+fp/hard\libstdc++.a(cp-demangle.o)
 .text.d_print_comp
                0x0800a56c       0x5c C:/CLionToolchains/gcc-arm-none-eabi-10.3-2021.10/bin/../lib/gcc/arm-none-eabi/13.3.1/thumb/v7e-m+fp/hard\libstdc++.a(cp-demangle.o)
 .text.d_print_mod
                0x0800a5c8      0x624 C:/CLionToolchains/gcc-arm-none-eabi-10.3-2021.10/bin/../lib/gcc/arm-none-eabi/13.3.1/thumb/v7e-m+fp/hard\libstdc++.a(cp-demangle.o)
 .text.d_print_function_type
                0x0800abec      0x1d4 C:/CLionToolchains/gcc-arm-none-eabi-10.3-2021.10/bin/../lib/gcc/arm-none-eabi/13.3.1/thumb/v7e-m+fp/hard\libstdc++.a(cp-demangle.o)
 .text.d_print_mod_list
                0x0800adc0      0x240 C:/CLionToolchains/gcc-arm-none-eabi-10.3-2021.10/bin/../lib/gcc/arm-none-eabi/13.3.1/thumb/v7e-m+fp/hard\libstdc++.a(cp-demangle.o)
 .text.d_print_array_type
                0x0800b000      0x1b0 C:/CLionToolchains/gcc-arm-none-eabi-10.3-2021.10/bin/../lib/gcc/arm-none-eabi/13.3.1/thumb/v7e-m+fp/hard\libstdc++.a(cp-demangle.o)
 .text.d_print_expr_op
                0x0800b1b0       0x78 C:/CLionToolchains/gcc-arm-none-eabi-10.3-2021.10/bin/../lib/gcc/arm-none-eabi/13.3.1/thumb/v7e-m+fp/hard\libstdc++.a(cp-demangle.o)
 .text.d_demangle_callback.constprop.0
                0x0800b228      0x380 C:/CLionToolchains/gcc-arm-none-eabi-10.3-2021.10/bin/../lib/gcc/arm-none-eabi/13.3.1/thumb/v7e-m+fp/hard\libstdc++.a(cp-demangle.o)
 .text.d_print_subexpr
                0x0800b5a8       0xf4 C:/CLionToolchains/gcc-arm-none-eabi-10.3-2021.10/bin/../lib/gcc/arm-none-eabi/13.3.1/thumb/v7e-m+fp/hard\libstdc++.a(cp-demangle.o)
 .text.d_maybe_print_fold_expression
                0x0800b69c      0x268 C:/CLionToolchains/gcc-arm-none-eabi-10.3-2021.10/bin/../lib/gcc/arm-none-eabi/13.3.1/thumb/v7e-m+fp/hard\libstdc++.a(cp-demangle.o)
 .text.d_maybe_print_designated_init
                0x0800b904      0x1e0 C:/CLionToolchains/gcc-arm-none-eabi-10.3-2021.10/bin/../lib/gcc/arm-none-eabi/13.3.1/thumb/v7e-m+fp/hard\libstdc++.a(cp-demangle.o)
 .text.__cxa_demangle
                0x0800bae4       0xbc C:/CLionToolchains/gcc-arm-none-eabi-10.3-2021.10/bin/../lib/gcc/arm-none-eabi/13.3.1/thumb/v7e-m+fp/hard\libstdc++.a(cp-demangle.o)
                0x0800bae4                __cxa_demangle
 .text._ZdlPv   0x0800bba0        0x4 C:/CLionToolchains/gcc-arm-none-eabi-10.3-2021.10/bin/../lib/gcc/arm-none-eabi/13.3.1/thumb/v7e-m+fp/hard\libstdc++.a(del_op.o)
                0x0800bba0                operator delete(void*)
 .text._ZN10__cxxabiv1L24__is_gxx_exception_classEPc
                0x0800bba4       0x3c C:/CLionToolchains/gcc-arm-none-eabi-10.3-2021.10/bin/../lib/gcc/arm-none-eabi/13.3.1/thumb/v7e-m+fp/hard\libstdc++.a(eh_call.o)
 .text.__cxa_call_terminate
                0x0800bbe0       0x20 C:/CLionToolchains/gcc-arm-none-eabi-10.3-2021.10/bin/../lib/gcc/arm-none-eabi/13.3.1/thumb/v7e-m+fp/hard\libstdc++.a(eh_call.o)
                0x0800bbe0                __cxa_call_terminate
 .text.unlikely.__cxa_call_unexpected
                0x0800bc00       0xd4 C:/CLionToolchains/gcc-arm-none-eabi-10.3-2021.10/bin/../lib/gcc/arm-none-eabi/13.3.1/thumb/v7e-m+fp/hard\libstdc++.a(eh_call.o)
                0x0800bc00                __cxa_call_unexpected
 .text.__cxa_begin_catch
                0x0800bcd4       0x7c C:/CLionToolchains/gcc-arm-none-eabi-10.3-2021.10/bin/../lib/gcc/arm-none-eabi/13.3.1/thumb/v7e-m+fp/hard\libstdc++.a(eh_catch.o)
                0x0800bcd4                __cxa_begin_catch
 .text.__cxa_end_catch
                0x0800bd50       0x8c C:/CLionToolchains/gcc-arm-none-eabi-10.3-2021.10/bin/../lib/gcc/arm-none-eabi/13.3.1/thumb/v7e-m+fp/hard\libstdc++.a(eh_catch.o)
                0x0800bd50                __cxa_end_catch
 .text._ZL23__gxx_exception_cleanup19_Unwind_Reason_CodeP21_Unwind_Control_Block
                0x0800bddc       0x44 C:/CLionToolchains/gcc-arm-none-eabi-10.3-2021.10/bin/../lib/gcc/arm-none-eabi/13.3.1/thumb/v7e-m+fp/hard\libstdc++.a(eh_throw.o)
 .text.__cxa_init_primary_exception
                0x0800be20       0x44 C:/CLionToolchains/gcc-arm-none-eabi-10.3-2021.10/bin/../lib/gcc/arm-none-eabi/13.3.1/thumb/v7e-m+fp/hard\libstdc++.a(eh_throw.o)
                0x0800be20                __cxa_init_primary_exception
 .text.__cxa_throw
                0x0800be64       0x34 C:/CLionToolchains/gcc-arm-none-eabi-10.3-2021.10/bin/../lib/gcc/arm-none-eabi/13.3.1/thumb/v7e-m+fp/hard\libstdc++.a(eh_throw.o)
                0x0800be64                __cxa_throw
 .text.__cxa_rethrow
                0x0800be98       0x70 C:/CLionToolchains/gcc-arm-none-eabi-10.3-2021.10/bin/../lib/gcc/arm-none-eabi/13.3.1/thumb/v7e-m+fp/hard\libstdc++.a(eh_throw.o)
                0x0800be98                __cxa_rethrow
 .text.__cxa_current_exception_type
                0x0800bf08       0x1c C:/CLionToolchains/gcc-arm-none-eabi-10.3-2021.10/bin/../lib/gcc/arm-none-eabi/13.3.1/thumb/v7e-m+fp/hard\libstdc++.a(eh_type.o)
                0x0800bf08                __cxa_current_exception_type
 .text._ZN12_GLOBAL__N_14pool4freeEPv.constprop.0
                0x0800bf24       0x80 C:/CLionToolchains/gcc-arm-none-eabi-10.3-2021.10/bin/../lib/gcc/arm-none-eabi/13.3.1/thumb/v7e-m+fp/hard\libstdc++.a(eh_alloc.o)
 .text._ZN12_GLOBAL__N_14pool8allocateEj.constprop.0
                0x0800bfa4       0x58 C:/CLionToolchains/gcc-arm-none-eabi-10.3-2021.10/bin/../lib/gcc/arm-none-eabi/13.3.1/thumb/v7e-m+fp/hard\libstdc++.a(eh_alloc.o)
 .text.__cxa_allocate_exception
                0x0800bffc       0x30 C:/CLionToolchains/gcc-arm-none-eabi-10.3-2021.10/bin/../lib/gcc/arm-none-eabi/13.3.1/thumb/v7e-m+fp/hard\libstdc++.a(eh_alloc.o)
                0x0800bffc                __cxa_allocate_exception
 .text.__cxa_free_exception
                0x0800c02c       0x20 C:/CLionToolchains/gcc-arm-none-eabi-10.3-2021.10/bin/../lib/gcc/arm-none-eabi/13.3.1/thumb/v7e-m+fp/hard\libstdc++.a(eh_alloc.o)
                0x0800c02c                __cxa_free_exception
 .text.startup._GLOBAL__sub_I__ZN9__gnu_cxx9__freeresEv
                0x0800c04c      0x100 C:/CLionToolchains/gcc-arm-none-eabi-10.3-2021.10/bin/../lib/gcc/arm-none-eabi/13.3.1/thumb/v7e-m+fp/hard\libstdc++.a(eh_alloc.o)
 .text.__udivmoddi4
                0x0800c14c      0x2bc C:/CLionToolchains/gcc-arm-none-eabi-10.3-2021.10/bin/../lib/gcc/arm-none-eabi/13.3.1/thumb/v7e-m+fp/hard\libgcc.a(_udivmoddi4.o)
                0x0800c14c                __udivmoddi4
 .text.selfrel_offset31
                0x0800c408       0x14 C:/CLionToolchains/gcc-arm-none-eabi-10.3-2021.10/bin/../lib/gcc/arm-none-eabi/13.3.1/thumb/v7e-m+fp/hard\libgcc.a(unwind-arm.o)
 .text.search_EIT_table
                0x0800c41c       0x68 C:/CLionToolchains/gcc-arm-none-eabi-10.3-2021.10/bin/../lib/gcc/arm-none-eabi/13.3.1/thumb/v7e-m+fp/hard\libgcc.a(unwind-arm.o)
 .text.__gnu_unwind_get_pr_addr
                0x0800c484       0x28 C:/CLionToolchains/gcc-arm-none-eabi-10.3-2021.10/bin/../lib/gcc/arm-none-eabi/13.3.1/thumb/v7e-m+fp/hard\libgcc.a(unwind-arm.o)
 .text.get_eit_entry
                0x0800c4ac       0x98 C:/CLionToolchains/gcc-arm-none-eabi-10.3-2021.10/bin/../lib/gcc/arm-none-eabi/13.3.1/thumb/v7e-m+fp/hard\libgcc.a(unwind-arm.o)
 .text.restore_non_core_regs
                0x0800c544       0x58 C:/CLionToolchains/gcc-arm-none-eabi-10.3-2021.10/bin/../lib/gcc/arm-none-eabi/13.3.1/thumb/v7e-m+fp/hard\libgcc.a(unwind-arm.o)
 .text._Unwind_decode_typeinfo_ptr.constprop.0
                0x0800c59c        0xc C:/CLionToolchains/gcc-arm-none-eabi-10.3-2021.10/bin/../lib/gcc/arm-none-eabi/13.3.1/thumb/v7e-m+fp/hard\libgcc.a(unwind-arm.o)
 .text._Unwind_DebugHook
                0x0800c5a8        0x4 C:/CLionToolchains/gcc-arm-none-eabi-10.3-2021.10/bin/../lib/gcc/arm-none-eabi/13.3.1/thumb/v7e-m+fp/hard\libgcc.a(unwind-arm.o)
 .text.unwind_phase2
                0x0800c5ac       0x3c C:/CLionToolchains/gcc-arm-none-eabi-10.3-2021.10/bin/../lib/gcc/arm-none-eabi/13.3.1/thumb/v7e-m+fp/hard\libgcc.a(unwind-arm.o)
 .text.unwind_phase2_forced
                0x0800c5e8       0xd8 C:/CLionToolchains/gcc-arm-none-eabi-10.3-2021.10/bin/../lib/gcc/arm-none-eabi/13.3.1/thumb/v7e-m+fp/hard\libgcc.a(unwind-arm.o)
 .text.__gnu_Unwind_RaiseException
                0x0800c6c0       0x68 C:/CLionToolchains/gcc-arm-none-eabi-10.3-2021.10/bin/../lib/gcc/arm-none-eabi/13.3.1/thumb/v7e-m+fp/hard\libgcc.a(unwind-arm.o)
                0x0800c6c0                __gnu_Unwind_RaiseException
 .text.__gnu_Unwind_ForcedUnwind
                0x0800c728       0x10 C:/CLionToolchains/gcc-arm-none-eabi-10.3-2021.10/bin/../lib/gcc/arm-none-eabi/13.3.1/thumb/v7e-m+fp/hard\libgcc.a(unwind-arm.o)
                0x0800c728                __gnu_Unwind_ForcedUnwind
 .text.__gnu_Unwind_Resume
                0x0800c738       0x44 C:/CLionToolchains/gcc-arm-none-eabi-10.3-2021.10/bin/../lib/gcc/arm-none-eabi/13.3.1/thumb/v7e-m+fp/hard\libgcc.a(unwind-arm.o)
                0x0800c738                __gnu_Unwind_Resume
 .text.__gnu_Unwind_Resume_or_Rethrow
                0x0800c77c       0x14 C:/CLionToolchains/gcc-arm-none-eabi-10.3-2021.10/bin/../lib/gcc/arm-none-eabi/13.3.1/thumb/v7e-m+fp/hard\libgcc.a(unwind-arm.o)
                0x0800c77c                __gnu_Unwind_Resume_or_Rethrow
 .text._Unwind_Complete
                0x0800c790        0x4 C:/CLionToolchains/gcc-arm-none-eabi-10.3-2021.10/bin/../lib/gcc/arm-none-eabi/13.3.1/thumb/v7e-m+fp/hard\libgcc.a(unwind-arm.o)
                0x0800c790                _Unwind_Complete
 .text._Unwind_DeleteException
                0x0800c794        0xc C:/CLionToolchains/gcc-arm-none-eabi-10.3-2021.10/bin/../lib/gcc/arm-none-eabi/13.3.1/thumb/v7e-m+fp/hard\libgcc.a(unwind-arm.o)
                0x0800c794                _Unwind_DeleteException
 .text._Unwind_VRS_Get
                0x0800c7a0       0x34 C:/CLionToolchains/gcc-arm-none-eabi-10.3-2021.10/bin/../lib/gcc/arm-none-eabi/13.3.1/thumb/v7e-m+fp/hard\libgcc.a(unwind-arm.o)
                0x0800c7a0                _Unwind_VRS_Get
 .text._Unwind_GetGR
                0x0800c7d4       0x1c C:/CLionToolchains/gcc-arm-none-eabi-10.3-2021.10/bin/../lib/gcc/arm-none-eabi/13.3.1/thumb/v7e-m+fp/hard\libgcc.a(unwind-arm.o)
 .text._Unwind_VRS_Set
                0x0800c7f0       0x34 C:/CLionToolchains/gcc-arm-none-eabi-10.3-2021.10/bin/../lib/gcc/arm-none-eabi/13.3.1/thumb/v7e-m+fp/hard\libgcc.a(unwind-arm.o)
                0x0800c7f0                _Unwind_VRS_Set
 .text._Unwind_SetGR
                0x0800c824       0x18 C:/CLionToolchains/gcc-arm-none-eabi-10.3-2021.10/bin/../lib/gcc/arm-none-eabi/13.3.1/thumb/v7e-m+fp/hard\libgcc.a(unwind-arm.o)
 .text.__gnu_Unwind_Backtrace
                0x0800c83c       0x84 C:/CLionToolchains/gcc-arm-none-eabi-10.3-2021.10/bin/../lib/gcc/arm-none-eabi/13.3.1/thumb/v7e-m+fp/hard\libgcc.a(unwind-arm.o)
                0x0800c83c                __gnu_Unwind_Backtrace
 .text.__gnu_unwind_pr_common
                0x0800c8c0      0x2a4 C:/CLionToolchains/gcc-arm-none-eabi-10.3-2021.10/bin/../lib/gcc/arm-none-eabi/13.3.1/thumb/v7e-m+fp/hard\libgcc.a(unwind-arm.o)
 .text.__aeabi_unwind_cpp_pr0
                0x0800cb64        0x8 C:/CLionToolchains/gcc-arm-none-eabi-10.3-2021.10/bin/../lib/gcc/arm-none-eabi/13.3.1/thumb/v7e-m+fp/hard\libgcc.a(unwind-arm.o)
                0x0800cb64                __aeabi_unwind_cpp_pr0
 .text.__aeabi_unwind_cpp_pr1
                0x0800cb6c        0x8 C:/CLionToolchains/gcc-arm-none-eabi-10.3-2021.10/bin/../lib/gcc/arm-none-eabi/13.3.1/thumb/v7e-m+fp/hard\libgcc.a(unwind-arm.o)
                0x0800cb6c                __aeabi_unwind_cpp_pr1
 .text.__aeabi_unwind_cpp_pr2
                0x0800cb74        0x8 C:/CLionToolchains/gcc-arm-none-eabi-10.3-2021.10/bin/../lib/gcc/arm-none-eabi/13.3.1/thumb/v7e-m+fp/hard\libgcc.a(unwind-arm.o)
                0x0800cb74                __aeabi_unwind_cpp_pr2
 .text._Unwind_VRS_Pop
                0x0800cb7c      0x2f0 C:/CLionToolchains/gcc-arm-none-eabi-10.3-2021.10/bin/../lib/gcc/arm-none-eabi/13.3.1/thumb/v7e-m+fp/hard\libgcc.a(unwind-arm.o)
                0x0800cb7c                _Unwind_VRS_Pop
 .text.next_unwind_byte
                0x0800ce6c       0x38 C:/CLionToolchains/gcc-arm-none-eabi-10.3-2021.10/bin/../lib/gcc/arm-none-eabi/13.3.1/thumb/v7e-m+fp/hard\libgcc.a(pr-support.o)
 .text._Unwind_GetGR.constprop.0
                0x0800cea4       0x1c C:/CLionToolchains/gcc-arm-none-eabi-10.3-2021.10/bin/../lib/gcc/arm-none-eabi/13.3.1/thumb/v7e-m+fp/hard\libgcc.a(pr-support.o)
 .text.unwind_UCB_from_context
                0x0800cec0        0x4 C:/CLionToolchains/gcc-arm-none-eabi-10.3-2021.10/bin/../lib/gcc/arm-none-eabi/13.3.1/thumb/v7e-m+fp/hard\libgcc.a(pr-support.o)
 .text.__gnu_unwind_execute
                0x0800cec4      0x2fc C:/CLionToolchains/gcc-arm-none-eabi-10.3-2021.10/bin/../lib/gcc/arm-none-eabi/13.3.1/thumb/v7e-m+fp/hard\libgcc.a(pr-support.o)
                0x0800cec4                __gnu_unwind_execute
 .text.__gnu_unwind_frame
                0x0800d1c0       0x2c C:/CLionToolchains/gcc-arm-none-eabi-10.3-2021.10/bin/../lib/gcc/arm-none-eabi/13.3.1/thumb/v7e-m+fp/hard\libgcc.a(pr-support.o)
                0x0800d1c0                __gnu_unwind_frame
 .text._Unwind_GetRegionStart
                0x0800d1ec        0xc C:/CLionToolchains/gcc-arm-none-eabi-10.3-2021.10/bin/../lib/gcc/arm-none-eabi/13.3.1/thumb/v7e-m+fp/hard\libgcc.a(pr-support.o)
                0x0800d1ec                _Unwind_GetRegionStart
 .text._Unwind_GetLanguageSpecificData
                0x0800d1f8       0x14 C:/CLionToolchains/gcc-arm-none-eabi-10.3-2021.10/bin/../lib/gcc/arm-none-eabi/13.3.1/thumb/v7e-m+fp/hard\libgcc.a(pr-support.o)
                0x0800d1f8                _Unwind_GetLanguageSpecificData
 .text.unlikely._Unwind_GetDataRelBase
                0x0800d20c        0x6 C:/CLionToolchains/gcc-arm-none-eabi-10.3-2021.10/bin/../lib/gcc/arm-none-eabi/13.3.1/thumb/v7e-m+fp/hard\libgcc.a(pr-support.o)
                0x0800d20c                _Unwind_GetDataRelBase
 .text.unlikely._Unwind_GetTextRelBase
                0x0800d212        0x6 C:/CLionToolchains/gcc-arm-none-eabi-10.3-2021.10/bin/../lib/gcc/arm-none-eabi/13.3.1/thumb/v7e-m+fp/hard\libgcc.a(pr-support.o)
                0x0800d212                _Unwind_GetTextRelBase
 .text.abort    0x0800d218       0x10 C:/CLionToolchains/gcc-arm-none-eabi-10.3-2021.10/bin/../lib/gcc/arm-none-eabi/13.3.1/thumb/v7e-m+fp/hard\libg.a(libc_a-abort.o)
                0x0800d218                abort
 .text.getenv   0x0800d228       0x1c C:/CLionToolchains/gcc-arm-none-eabi-10.3-2021.10/bin/../lib/gcc/arm-none-eabi/13.3.1/thumb/v7e-m+fp/hard\libg.a(libc_a-getenv.o)
                0x0800d228                getenv
 .text._findenv_r
                0x0800d244       0x80 C:/CLionToolchains/gcc-arm-none-eabi-10.3-2021.10/bin/../lib/gcc/arm-none-eabi/13.3.1/thumb/v7e-m+fp/hard\libg.a(libc_a-getenv_r.o)
                0x0800d244                _findenv_r
 .text.malloc   0x0800d2c4       0x10 C:/CLionToolchains/gcc-arm-none-eabi-10.3-2021.10/bin/../lib/gcc/arm-none-eabi/13.3.1/thumb/v7e-m+fp/hard\libg.a(libc_a-malloc.o)
                0x0800d2c4                malloc
 .text.free     0x0800d2d4       0x10 C:/CLionToolchains/gcc-arm-none-eabi-10.3-2021.10/bin/../lib/gcc/arm-none-eabi/13.3.1/thumb/v7e-m+fp/hard\libg.a(libc_a-malloc.o)
                0x0800d2d4                free
 .text._malloc_r
                0x0800d2e4      0x564 C:/CLionToolchains/gcc-arm-none-eabi-10.3-2021.10/bin/../lib/gcc/arm-none-eabi/13.3.1/thumb/v7e-m+fp/hard\libg.a(libc_a-mallocr.o)
                0x0800d2e4                _malloc_r
 .text.__malloc_lock
                0x0800d848        0xc C:/CLionToolchains/gcc-arm-none-eabi-10.3-2021.10/bin/../lib/gcc/arm-none-eabi/13.3.1/thumb/v7e-m+fp/hard\libg.a(libc_a-mlock.o)
                0x0800d848                __malloc_lock
 .text.__malloc_unlock
                0x0800d854        0xc C:/CLionToolchains/gcc-arm-none-eabi-10.3-2021.10/bin/../lib/gcc/arm-none-eabi/13.3.1/thumb/v7e-m+fp/hard\libg.a(libc_a-mlock.o)
                0x0800d854                __malloc_unlock
 .text.realloc  0x0800d860       0x18 C:/CLionToolchains/gcc-arm-none-eabi-10.3-2021.10/bin/../lib/gcc/arm-none-eabi/13.3.1/thumb/v7e-m+fp/hard\libg.a(libc_a-realloc.o)
                0x0800d860                realloc
 .text._realloc_r
                0x0800d878      0x344 C:/CLionToolchains/gcc-arm-none-eabi-10.3-2021.10/bin/../lib/gcc/arm-none-eabi/13.3.1/thumb/v7e-m+fp/hard\libg.a(libc_a-reallocr.o)
                0x0800d878                _realloc_r
 .text._strtoul_l.isra.0
                0x0800dbbc      0x134 C:/CLionToolchains/gcc-arm-none-eabi-10.3-2021.10/bin/../lib/gcc/arm-none-eabi/13.3.1/thumb/v7e-m+fp/hard\libg.a(libc_a-strtoul.o)
 .text.strtoul  0x0800dcf0       0x1c C:/CLionToolchains/gcc-arm-none-eabi-10.3-2021.10/bin/../lib/gcc/arm-none-eabi/13.3.1/thumb/v7e-m+fp/hard\libg.a(libc_a-strtoul.o)
                0x0800dcf0                strtoul
 .text.__cxa_atexit
                0x0800dd0c        0xc C:/CLionToolchains/gcc-arm-none-eabi-10.3-2021.10/bin/../lib/gcc/arm-none-eabi/13.3.1/thumb/v7e-m+fp/hard\libg.a(libc_a-cxa_atexit.o)
                0x0800dd0c                __cxa_atexit
 .text.stdio_exit_handler
                0x0800dd18       0x18 C:/CLionToolchains/gcc-arm-none-eabi-10.3-2021.10/bin/../lib/gcc/arm-none-eabi/13.3.1/thumb/v7e-m+fp/hard\libg.a(libc_a-findfp.o)
 .text.cleanup_stdio
                0x0800dd30       0x40 C:/CLionToolchains/gcc-arm-none-eabi-10.3-2021.10/bin/../lib/gcc/arm-none-eabi/13.3.1/thumb/v7e-m+fp/hard\libg.a(libc_a-findfp.o)
 .text.global_stdio_init.part.0
                0x0800dd70       0xf0 C:/CLionToolchains/gcc-arm-none-eabi-10.3-2021.10/bin/../lib/gcc/arm-none-eabi/13.3.1/thumb/v7e-m+fp/hard\libg.a(libc_a-findfp.o)
 .text.__sinit  0x0800de60       0x3c C:/CLionToolchains/gcc-arm-none-eabi-10.3-2021.10/bin/../lib/gcc/arm-none-eabi/13.3.1/thumb/v7e-m+fp/hard\libg.a(libc_a-findfp.o)
                0x0800de60                __sinit
 .text.__sfp_lock_acquire
                0x0800de9c        0xc C:/CLionToolchains/gcc-arm-none-eabi-10.3-2021.10/bin/../lib/gcc/arm-none-eabi/13.3.1/thumb/v7e-m+fp/hard\libg.a(libc_a-findfp.o)
                0x0800de9c                __sfp_lock_acquire
 .text.__sfp_lock_release
                0x0800dea8        0xc C:/CLionToolchains/gcc-arm-none-eabi-10.3-2021.10/bin/../lib/gcc/arm-none-eabi/13.3.1/thumb/v7e-m+fp/hard\libg.a(libc_a-findfp.o)
                0x0800dea8                __sfp_lock_release
 .text.fputc    0x0800deb4       0x58 C:/CLionToolchains/gcc-arm-none-eabi-10.3-2021.10/bin/../lib/gcc/arm-none-eabi/13.3.1/thumb/v7e-m+fp/hard\libg.a(libc_a-fputc.o)
                0x0800deb4                fputc
 .text._fputs_r
                0x0800df0c       0x8c C:/CLionToolchains/gcc-arm-none-eabi-10.3-2021.10/bin/../lib/gcc/arm-none-eabi/13.3.1/thumb/v7e-m+fp/hard\libg.a(libc_a-fputs.o)
                0x0800df0c                _fputs_r
 .text.fputs    0x0800df98       0x18 C:/CLionToolchains/gcc-arm-none-eabi-10.3-2021.10/bin/../lib/gcc/arm-none-eabi/13.3.1/thumb/v7e-m+fp/hard\libg.a(libc_a-fputs.o)
                0x0800df98                fputs
 .text.__sfvwrite_r
                0x0800dfb0      0x300 C:/CLionToolchains/gcc-arm-none-eabi-10.3-2021.10/bin/../lib/gcc/arm-none-eabi/13.3.1/thumb/v7e-m+fp/hard\libg.a(libc_a-fvwrite.o)
                0x0800dfb0                __sfvwrite_r
 .text._fwalk_sglue
                0x0800e2b0       0x44 C:/CLionToolchains/gcc-arm-none-eabi-10.3-2021.10/bin/../lib/gcc/arm-none-eabi/13.3.1/thumb/v7e-m+fp/hard\libg.a(libc_a-fwalk.o)
                0x0800e2b0                _fwalk_sglue
 .text._fwrite_r
                0x0800e2f4       0xc0 C:/CLionToolchains/gcc-arm-none-eabi-10.3-2021.10/bin/../lib/gcc/arm-none-eabi/13.3.1/thumb/v7e-m+fp/hard\libg.a(libc_a-fwrite.o)
                0x0800e2f4                _fwrite_r
 .text.fwrite   0x0800e3b4       0x20 C:/CLionToolchains/gcc-arm-none-eabi-10.3-2021.10/bin/../lib/gcc/arm-none-eabi/13.3.1/thumb/v7e-m+fp/hard\libg.a(libc_a-fwrite.o)
                0x0800e3b4                fwrite
 .text._putc_r  0x0800e3d4       0x78 C:/CLionToolchains/gcc-arm-none-eabi-10.3-2021.10/bin/../lib/gcc/arm-none-eabi/13.3.1/thumb/v7e-m+fp/hard\libg.a(libc_a-putc.o)
                0x0800e3d4                _putc_r
 .text.sprintf  0x0800e44c       0x44 C:/CLionToolchains/gcc-arm-none-eabi-10.3-2021.10/bin/../lib/gcc/arm-none-eabi/13.3.1/thumb/v7e-m+fp/hard\libg.a(libc_a-sprintf.o)
                0x0800e44c                sprintf
 .text.__sread  0x0800e490       0x24 C:/CLionToolchains/gcc-arm-none-eabi-10.3-2021.10/bin/../lib/gcc/arm-none-eabi/13.3.1/thumb/v7e-m+fp/hard\libg.a(libc_a-stdio.o)
                0x0800e490                __sread
 .text.__swrite
                0x0800e4b4       0x40 C:/CLionToolchains/gcc-arm-none-eabi-10.3-2021.10/bin/../lib/gcc/arm-none-eabi/13.3.1/thumb/v7e-m+fp/hard\libg.a(libc_a-stdio.o)
                0x0800e4b4                __swrite
 .text.__sseek  0x0800e4f4       0x24 C:/CLionToolchains/gcc-arm-none-eabi-10.3-2021.10/bin/../lib/gcc/arm-none-eabi/13.3.1/thumb/v7e-m+fp/hard\libg.a(libc_a-stdio.o)
                0x0800e4f4                __sseek
 .text.__sclose
                0x0800e518        0x8 C:/CLionToolchains/gcc-arm-none-eabi-10.3-2021.10/bin/../lib/gcc/arm-none-eabi/13.3.1/thumb/v7e-m+fp/hard\libg.a(libc_a-stdio.o)
                0x0800e518                __sclose
 .text.__swbuf_r
                0x0800e520       0xac C:/CLionToolchains/gcc-arm-none-eabi-10.3-2021.10/bin/../lib/gcc/arm-none-eabi/13.3.1/thumb/v7e-m+fp/hard\libg.a(libc_a-wbuf.o)
                0x0800e520                __swbuf_r
 .text.__swsetup_r
                0x0800e5cc       0xc4 C:/CLionToolchains/gcc-arm-none-eabi-10.3-2021.10/bin/../lib/gcc/arm-none-eabi/13.3.1/thumb/v7e-m+fp/hard\libg.a(libc_a-wsetup.o)
                0x0800e5cc                __swsetup_r
 .text.memcmp   0x0800e690       0x5c C:/CLionToolchains/gcc-arm-none-eabi-10.3-2021.10/bin/../lib/gcc/arm-none-eabi/13.3.1/thumb/v7e-m+fp/hard\libg.a(libc_a-memcmp.o)
                0x0800e690                memcmp
 .text.memmove  0x0800e6ec      0x100 C:/CLionToolchains/gcc-arm-none-eabi-10.3-2021.10/bin/../lib/gcc/arm-none-eabi/13.3.1/thumb/v7e-m+fp/hard\libg.a(libc_a-memmove.o)
                0x0800e6ec                memmove
 .text.memset   0x0800e7ec       0xa4 C:/CLionToolchains/gcc-arm-none-eabi-10.3-2021.10/bin/../lib/gcc/arm-none-eabi/13.3.1/thumb/v7e-m+fp/hard\libg.a(libc_a-memset.o)
                0x0800e7ec                memset
 .text.strchr   0x0800e890       0xd0 C:/CLionToolchains/gcc-arm-none-eabi-10.3-2021.10/bin/../lib/gcc/arm-none-eabi/13.3.1/thumb/v7e-m+fp/hard\libg.a(libc_a-strchr.o)
                0x0800e890                strchr
 .text.strncmp  0x0800e960       0x8c C:/CLionToolchains/gcc-arm-none-eabi-10.3-2021.10/bin/../lib/gcc/arm-none-eabi/13.3.1/thumb/v7e-m+fp/hard\libg.a(libc_a-strncmp.o)
                0x0800e960                strncmp
 .text.raise    0x0800e9ec       0x58 C:/CLionToolchains/gcc-arm-none-eabi-10.3-2021.10/bin/../lib/gcc/arm-none-eabi/13.3.1/thumb/v7e-m+fp/hard\libg.a(libc_a-signal.o)
                0x0800e9ec                raise
 .text._close_r
                0x0800ea44       0x24 C:/CLionToolchains/gcc-arm-none-eabi-10.3-2021.10/bin/../lib/gcc/arm-none-eabi/13.3.1/thumb/v7e-m+fp/hard\libg.a(libc_a-closer.o)
                0x0800ea44                _close_r
 .text._lseek_r
                0x0800ea68       0x2c C:/CLionToolchains/gcc-arm-none-eabi-10.3-2021.10/bin/../lib/gcc/arm-none-eabi/13.3.1/thumb/v7e-m+fp/hard\libg.a(libc_a-lseekr.o)
                0x0800ea68                _lseek_r
 .text._read_r  0x0800ea94       0x2c C:/CLionToolchains/gcc-arm-none-eabi-10.3-2021.10/bin/../lib/gcc/arm-none-eabi/13.3.1/thumb/v7e-m+fp/hard\libg.a(libc_a-readr.o)
                0x0800ea94                _read_r
 .text._kill_r  0x0800eac0       0x2c C:/CLionToolchains/gcc-arm-none-eabi-10.3-2021.10/bin/../lib/gcc/arm-none-eabi/13.3.1/thumb/v7e-m+fp/hard\libg.a(libc_a-signalr.o)
                0x0800eac0                _kill_r
 .text._getpid_r
                0x0800eaec        0x4 C:/CLionToolchains/gcc-arm-none-eabi-10.3-2021.10/bin/../lib/gcc/arm-none-eabi/13.3.1/thumb/v7e-m+fp/hard\libg.a(libc_a-signalr.o)
                0x0800eaec                _getpid_r
 .text._sbrk_r  0x0800eaf0       0x24 C:/CLionToolchains/gcc-arm-none-eabi-10.3-2021.10/bin/../lib/gcc/arm-none-eabi/13.3.1/thumb/v7e-m+fp/hard\libg.a(libc_a-sbrkr.o)
                0x0800eaf0                _sbrk_r
 .text._write_r
                0x0800eb14       0x2c C:/CLionToolchains/gcc-arm-none-eabi-10.3-2021.10/bin/../lib/gcc/arm-none-eabi/13.3.1/thumb/v7e-m+fp/hard\libg.a(libc_a-writer.o)
                0x0800eb14                _write_r
 .text.__errno  0x0800eb40        0xc C:/CLionToolchains/gcc-arm-none-eabi-10.3-2021.10/bin/../lib/gcc/arm-none-eabi/13.3.1/thumb/v7e-m+fp/hard\libg.a(libc_a-errno.o)
                0x0800eb40                __errno
 .text.__libc_init_array
                0x0800eb4c       0x50 C:/CLionToolchains/gcc-arm-none-eabi-10.3-2021.10/bin/../lib/gcc/arm-none-eabi/13.3.1/thumb/v7e-m+fp/hard\libg.a(libc_a-init.o)
                0x0800eb4c                __libc_init_array
 .text.__retarget_lock_init_recursive
                0x0800eb9c        0x4 C:/CLionToolchains/gcc-arm-none-eabi-10.3-2021.10/bin/../lib/gcc/arm-none-eabi/13.3.1/thumb/v7e-m+fp/hard\libg.a(libc_a-lock.o)
                0x0800eb9c                __retarget_lock_init_recursive
 .text.__retarget_lock_close_recursive
                0x0800eba0        0x4 C:/CLionToolchains/gcc-arm-none-eabi-10.3-2021.10/bin/../lib/gcc/arm-none-eabi/13.3.1/thumb/v7e-m+fp/hard\libg.a(libc_a-lock.o)
                0x0800eba0                __retarget_lock_close_recursive
 .text.__retarget_lock_acquire_recursive
                0x0800eba4        0x4 C:/CLionToolchains/gcc-arm-none-eabi-10.3-2021.10/bin/../lib/gcc/arm-none-eabi/13.3.1/thumb/v7e-m+fp/hard\libg.a(libc_a-lock.o)
                0x0800eba4                __retarget_lock_acquire_recursive
 .text.__retarget_lock_release_recursive
                0x0800eba8        0x4 C:/CLionToolchains/gcc-arm-none-eabi-10.3-2021.10/bin/../lib/gcc/arm-none-eabi/13.3.1/thumb/v7e-m+fp/hard\libg.a(libc_a-lock.o)
                0x0800eba8                __retarget_lock_release_recursive
 .text.sysconf  0x0800ebac       0x1c C:/CLionToolchains/gcc-arm-none-eabi-10.3-2021.10/bin/../lib/gcc/arm-none-eabi/13.3.1/thumb/v7e-m+fp/hard\libg.a(libc_a-sysconf.o)
                0x0800ebac                sysconf
 .text.__register_exitproc