Archive member included to satisfy reference by file (symbol)

C:/CLionToolchains/gcc-arm-none-eabi-10.3-2021.10/bin/../lib/gcc/arm-none-eabi/13.3.1/thumb/v7e-m+fp/hard\libstdc++.a(atexit_arm.o)
                              CMakeFiles/DM4310.elf.dir/User/task_cpp.cpp.obj (__aeabi_atexit)
C:/CLionToolchains/gcc-arm-none-eabi-10.3-2021.10/bin/../lib/gcc/arm-none-eabi/13.3.1/thumb/v7e-m+fp/hard\libstdc++.a(class_type_info.o)
                              CMakeFiles/DM4310.elf.dir/User/motor.cpp.obj (vtable for __cxxabiv1::__class_type_info)
C:/CLionToolchains/gcc-arm-none-eabi-10.3-2021.10/bin/../lib/gcc/arm-none-eabi/13.3.1/thumb/v7e-m+fp/hard\libstdc++.a(del_ops.o)
                              CMakeFiles/DM4310.elf.dir/User/motor.cpp.obj (operator delete(void*, unsigned int))
C:/CLionToolchains/gcc-arm-none-eabi-10.3-2021.10/bin/../lib/gcc/arm-none-eabi/13.3.1/thumb/v7e-m+fp/hard\libstdc++.a(si_class_type_info.o)
                              C:/CLionToolchains/gcc-arm-none-eabi-10.3-2021.10/bin/../lib/gcc/arm-none-eabi/13.3.1/thumb/v7e-m+fp/hard\libstdc++.a(class_type_info.o) (vtable for __cxxabiv1::__si_class_type_info)
C:/CLionToolchains/gcc-arm-none-eabi-10.3-2021.10/bin/../lib/gcc/arm-none-eabi/13.3.1/thumb/v7e-m+fp/hard\libstdc++.a(tinfo.o)
                              C:/CLionToolchains/gcc-arm-none-eabi-10.3-2021.10/bin/../lib/gcc/arm-none-eabi/13.3.1/thumb/v7e-m+fp/hard\libstdc++.a(class_type_info.o) (std::type_info::~type_info())
C:/CLionToolchains/gcc-arm-none-eabi-10.3-2021.10/bin/../lib/gcc/arm-none-eabi/13.3.1/thumb/v7e-m+fp/hard\libstdc++.a(vmi_class_type_info.o)
                              CMakeFiles/DM4310.elf.dir/User/motor_dm.cpp.obj (vtable for __cxxabiv1::__vmi_class_type_info)
C:/CLionToolchains/gcc-arm-none-eabi-10.3-2021.10/bin/../lib/gcc/arm-none-eabi/13.3.1/thumb/v7e-m+fp/hard\libstdc++.a(del_op.o)
                              C:/CLionToolchains/gcc-arm-none-eabi-10.3-2021.10/bin/../lib/gcc/arm-none-eabi/13.3.1/thumb/v7e-m+fp/hard\libstdc++.a(del_ops.o) (operator delete(void*))
C:/CLionToolchains/gcc-arm-none-eabi-10.3-2021.10/bin/../lib/gcc/arm-none-eabi/13.3.1/thumb/v7e-m+fp/hard\libgcc.a(_aeabi_uldivmod.o)
                              CMakeFiles/DM4310.elf.dir/Drivers/STM32F4xx_HAL_Driver/Src/stm32f4xx_hal_rcc.c.obj (__aeabi_uldivmod)
C:/CLionToolchains/gcc-arm-none-eabi-10.3-2021.10/bin/../lib/gcc/arm-none-eabi/13.3.1/thumb/v7e-m+fp/hard\libgcc.a(_udivmoddi4.o)
                              C:/CLionToolchains/gcc-arm-none-eabi-10.3-2021.10/bin/../lib/gcc/arm-none-eabi/13.3.1/thumb/v7e-m+fp/hard\libgcc.a(_aeabi_uldivmod.o) (__udivmoddi4)
C:/CLionToolchains/gcc-arm-none-eabi-10.3-2021.10/bin/../lib/gcc/arm-none-eabi/13.3.1/thumb/v7e-m+fp/hard\libgcc.a(unwind-arm.o)
                              CMakeFiles/DM4310.elf.dir/User/motor_dm.cpp.obj (__aeabi_unwind_cpp_pr0)
C:/CLionToolchains/gcc-arm-none-eabi-10.3-2021.10/bin/../lib/gcc/arm-none-eabi/13.3.1/thumb/v7e-m+fp/hard\libgcc.a(libunwind.o)
                              C:/CLionToolchains/gcc-arm-none-eabi-10.3-2021.10/bin/../lib/gcc/arm-none-eabi/13.3.1/thumb/v7e-m+fp/hard\libgcc.a(unwind-arm.o) (restore_core_regs)
C:/CLionToolchains/gcc-arm-none-eabi-10.3-2021.10/bin/../lib/gcc/arm-none-eabi/13.3.1/thumb/v7e-m+fp/hard\libgcc.a(pr-support.o)
                              C:/CLionToolchains/gcc-arm-none-eabi-10.3-2021.10/bin/../lib/gcc/arm-none-eabi/13.3.1/thumb/v7e-m+fp/hard\libgcc.a(unwind-arm.o) (__gnu_unwind_execute)
C:/CLionToolchains/gcc-arm-none-eabi-10.3-2021.10/bin/../lib/gcc/arm-none-eabi/13.3.1/thumb/v7e-m+fp/hard\libgcc.a(_dvmd_tls.o)
                              C:/CLionToolchains/gcc-arm-none-eabi-10.3-2021.10/bin/../lib/gcc/arm-none-eabi/13.3.1/thumb/v7e-m+fp/hard\libgcc.a(_aeabi_uldivmod.o) (__aeabi_ldiv0)
C:/CLionToolchains/gcc-arm-none-eabi-10.3-2021.10/bin/../lib/gcc/arm-none-eabi/13.3.1/thumb/v7e-m+fp/hard\libg.a(libc_a-abort.o)
                              C:/CLionToolchains/gcc-arm-none-eabi-10.3-2021.10/bin/../lib/gcc/arm-none-eabi/13.3.1/thumb/v7e-m+fp/hard\libgcc.a(unwind-arm.o) (abort)
C:/CLionToolchains/gcc-arm-none-eabi-10.3-2021.10/bin/../lib/gcc/arm-none-eabi/13.3.1/thumb/v7e-m+fp/hard\libg.a(libc_a-exit.o)
                              C:/CLionToolchains/gcc-arm-none-eabi-10.3-2021.10/bin/../lib/gcc/arm-none-eabi/13.3.1/thumb/v7e-m+fp/hard/crt0.o (exit)
C:/CLionToolchains/gcc-arm-none-eabi-10.3-2021.10/bin/../lib/gcc/arm-none-eabi/13.3.1/thumb/v7e-m+fp/hard\libg.a(libc_a-malloc.o)
                              C:/CLionToolchains/gcc-arm-none-eabi-10.3-2021.10/bin/../lib/gcc/arm-none-eabi/13.3.1/thumb/v7e-m+fp/hard\libstdc++.a(del_op.o) (free)
C:/CLionToolchains/gcc-arm-none-eabi-10.3-2021.10/bin/../lib/gcc/arm-none-eabi/13.3.1/thumb/v7e-m+fp/hard\libg.a(libc_a-mallocr.o)
                              C:/CLionToolchains/gcc-arm-none-eabi-10.3-2021.10/bin/../lib/gcc/arm-none-eabi/13.3.1/thumb/v7e-m+fp/hard\libg.a(libc_a-malloc.o) (_malloc_r)
[...]
Memory Configuration

Name             Origin             Length             Attributes
CCMRAM           0x10000000         0x00010000         xrw
RAM              0x20000000         0x00020000         xrw
FLASH            0x08000000         0x00100000         xr
*default*        0x00000000         0xffffffff

Linker script and memory map

LOAD C:/CLionToolchains/gcc-arm-none-eabi-10.3-2021.10/bin/../lib/gcc/arm-none-eabi/13.3.1/thumb/v7e-m+fp/hard/crti.o
LOAD C:/CLionToolchains/gcc-arm-none-eabi-10.3-2021.10/bin/../lib/gcc/arm-none-eabi/13.3.1/thumb/v7e-m+fp/hard/crtbegin.o
LOAD C:/CLionToolchains/gcc-arm-none-eabi-10.3-2021.10/bin/../lib/gcc/arm-none-eabi/13.3.1/thumb/v7e-m+fp/hard/crt0.o
LOAD CMakeFiles/DM4310.elf.dir/Core/Src/can.c.obj
LOAD CMakeFiles/DM4310.elf.dir/Core/Src/freertos.c.obj
LOAD CMakeFiles/DM4310.elf.dir/Core/Src/gpio.c.obj
LOAD CMakeFiles/DM4310.elf.dir/Core/Src/main.c.obj
LOAD CMakeFiles/DM4310.elf.dir/Core/Src/stm32f4xx_hal_msp.c.obj
LOAD CMakeFiles/DM4310.elf.dir/Core/Src/stm32f4xx_hal_timebase_tim.c.obj
LOAD CMakeFiles/DM4310.elf.dir/Core/Src/stm32f4xx_it.c.obj
LOAD CMakeFiles/DM4310.elf.dir/Core/Src/syscalls.c.obj
LOAD CMakeFiles/DM4310.elf.dir/Core/Src/sysmem.c.obj
LOAD CMakeFiles/DM4310.elf.dir/Core/Src/system_stm32f4xx.c.obj
LOAD CMakeFiles/DM4310.elf.dir/Core/Startup/startup_stm32f407ighx.s.obj
LOAD CMakeFiles/DM4310.elf.dir/Drivers/STM32F4xx_HAL_Driver/Src/stm32f4xx_hal.c.obj
LOAD CMakeFiles/DM4310.elf.dir/Drivers/STM32F4xx_HAL_Driver/Src/stm32f4xx_hal_can.c.obj
LOAD CMakeFiles/DM4310.elf.dir/Drivers/STM32F4xx_HAL_Driver/Src/stm32f4xx_hal_cortex.c.obj
LOAD CMakeFiles/DM4310.elf.dir/Drivers/STM32F4xx_HAL_Driver/Src/stm32f4xx_hal_dma.c.obj
LOAD CMakeFiles/DM4310.elf.dir/Drivers/STM32F4xx_HAL_Driver/Src/stm32f4xx_hal_dma_ex.c.obj
LOAD CMakeFiles/DM4310.elf.dir/Drivers/STM32F4xx_HAL_Driver/Src/stm32f4xx_hal_exti.c.obj
LOAD CMakeFiles/DM4310.elf.dir/Drivers/STM32F4xx_HAL_Driver/Src/stm32f4xx_hal_flash.c.obj
LOAD CMakeFiles/DM4310.elf.dir/Drivers/STM32F4xx_HAL_Driver/Src/stm32f4xx_hal_flash_ex.c.obj
LOAD CMakeFiles/DM4310.elf.dir/Drivers/STM32F4xx_HAL_Driver/Src/stm32f4xx_hal_flash_ramfunc.c.obj
LOAD CMakeFiles/DM4310.elf.dir/Drivers/STM32F4xx_HAL_Driver/Src/stm32f4xx_hal_gpio.c.obj
LOAD CMakeFiles/DM4310.elf.dir/Drivers/STM32F4xx_HAL_Driver/Src/stm32f4xx_hal_pwr.c.obj
LOAD CMakeFiles/DM4310.elf.dir/Drivers/STM32F4xx_HAL_Driver/Src/stm32f4xx_hal_pwr_ex.c.obj
LOAD CMakeFiles/DM4310.elf.dir/Drivers/STM32F4xx_HAL_Driver/Src/stm32f4xx_hal_rcc.c.obj
LOAD CMakeFiles/DM4310.elf.dir/Drivers/STM32F4xx_HAL_Driver/Src/stm32f4xx_hal_rcc_ex.c.obj
LOAD CMakeFiles/DM4310.elf.dir/Drivers/STM32F4xx_HAL_Driver/Src/stm32f4xx_hal_tim.c.obj
LOAD CMakeFiles/DM4310.elf.dir/Drivers/STM32F4xx_HAL_Driver/Src/stm32f4xx_hal_tim_ex.c.obj
LOAD CMakeFiles/DM4310.elf.dir/Middlewares/Third_Party/FreeRTOS/Source/CMSIS_RTOS/cmsis_os.c.obj
LOAD CMakeFiles/DM4310.elf.dir/Middlewares/Third_Party/FreeRTOS/Source/croutine.c.obj
LOAD CMakeFiles/DM4310.elf.dir/Middlewares/Third_Party/FreeRTOS/Source/event_groups.c.obj
LOAD CMakeFiles/DM4310.elf.dir/Middlewares/Third_Party/FreeRTOS/Source/list.c.obj
LOAD CMakeFiles/DM4310.elf.dir/Middlewares/Third_Party/FreeRTOS/Source/portable/GCC/ARM_CM4F/port.c.obj
LOAD CMakeFiles/DM4310.elf.dir/Middlewares/Third_Party/FreeRTOS/Source/portable/MemMang/heap_4.c.obj
LOAD CMakeFiles/DM4310.elf.dir/Middlewares/Third_Party/FreeRTOS/Source/queue.c.obj
LOAD CMakeFiles/DM4310.elf.dir/Middlewares/Third_Party/FreeRTOS/Source/stream_buffer.c.obj
LOAD CMakeFiles/DM4310.elf.dir/Middlewares/Third_Party/FreeRTOS/Source/tasks.c.obj
LOAD CMakeFiles/DM4310.elf.dir/Middlewares/Third_Party/FreeRTOS/Source/timers.c.obj
LOAD CMakeFiles/DM4310.elf.dir/User/cancan.cpp.obj
LOAD CMakeFiles/DM4310.elf.dir/User/motor.cpp.obj
LOAD CMakeFiles/DM4310.elf.dir/User/motor_dm.cpp.obj
LOAD CMakeFiles/DM4310.elf.dir/User/pid.cpp.obj
LOAD CMakeFiles/DM4310.elf.dir/User/task_cpp.cpp.obj
LOAD C:/CLionToolchains/gcc-arm-none-eabi-10.3-2021.10/bin/../lib/gcc/arm-none-eabi/13.3.1/thumb/v7e-m+fp/hard\libstdc++.a
LOAD C:/CLionToolchains/gcc-arm-none-eabi-10.3-2021.10/bin/../lib/gcc/arm-none-eabi/13.3.1/thumb/v7e-m+fp/hard\libm.a
START GROUP
LOAD C:/CLionToolchains/gcc-arm-none-eabi-10.3-2021.10/bin/../lib/gcc/arm-none-eabi/13.3.1/thumb/v7e-m+fp/hard\libgcc.a
LOAD C:/CLionToolchains/gcc-arm-none-eabi-10.3-2021.10/bin/../lib/gcc/arm-none-eabi/13.3.1/thumb/v7e-m+fp/hard\libg.a
LOAD C:/CLionToolchains/gcc-arm-none-eabi-10.3-2021.10/bin/../lib/gcc/arm-none-eabi/13.3.1/thumb/v7e-m+fp/hard\libc.a
END GROUP
LOAD C:/CLionToolchains/gcc-arm-none-eabi-10.3-2021.10/bin/../lib/gcc/arm-none-eabi/13.3.1/thumb/v7e-m+fp/hard/crtend.o
LOAD C:/CLionToolchains/gcc-arm-none-eabi-10.3-2021.10/bin/../lib/gcc/arm-none-eabi/13.3.1/thumb/v7e-m+fp/hard/crtn.o
                0x20020000                        _estack = (ORIGIN (RAM) + LENGTH (RAM))
                0x00000600                        _Min_Heap_Size = 0x600
                0x00000600                        _Min_Stack_Size = 0x600

.isr_vector     0x08000000      0x188
                0x08000000                        . = ALIGN (0x4)
 *(.isr_vector)
 .isr_vector    0x08000000      0x188 CMakeFiles/DM4310.elf.dir/Core/Startup/startup_stm32f407ighx.s.obj
                0x08000000                g_pfnVectors
                0x08000188                        . = ALIGN (0x4)

.text           0x080001a0     0x4f9c
                0x080001a0                        . = ALIGN (0x4)
 *(.text)
 .text          0x080001a0       0x30 C:/CLionToolchains/gcc-arm-none-eabi-10.3-2021.10/bin/../lib/gcc/arm-none-eabi/13.3.1/thumb/v7e-m+fp/hard\libgcc.a(_aeabi_uldivmod.o)
                0x080001a0                __aeabi_uldivmod
 .text          0x080001d0      0x1ac C:/CLionToolchains/gcc-arm-none-eabi-10.3-2021.10/bin/../lib/gcc/arm-none-eabi/13.3.1/thumb/v7e-m+fp/hard\libgcc.a(libunwind.o)
                0x080001d0                __restore_core_regs
                0x080001d0                restore_core_regs
                0x080001e8                __gnu_Unwind_Restore_VFP
                0x080001f0                __gnu_Unwind_Save_VFP
                0x080001f8                __gnu_Unwind_Restore_VFP_D
                0x08000200                __gnu_Unwind_Save_VFP_D
                0x08000208                __gnu_Unwind_Restore_VFP_D_16_to_31
                0x08000210                __gnu_Unwind_Save_VFP_D_16_to_31
                0x08000218                __gnu_Unwind_Restore_WMMXD
                0x0800025c                __gnu_Unwind_Save_WMMXD
                0x080002a0                __gnu_Unwind_Restore_WMMXC
                0x080002b4                __gnu_Unwind_Save_WMMXC
                0x080002c8                ___Unwind_RaiseException
                0x080002c8                _Unwind_RaiseException
                0x080002ec                _Unwind_Resume
                0x080002ec                ___Unwind_Resume
                0x08000310                _Unwind_Resume_or_Rethrow
                0x08000310                ___Unwind_Resume_or_Rethrow
                0x08000334                _Unwind_ForcedUnwind
                0x08000334                ___Unwind_ForcedUnwind
                0x08000358                ___Unwind_Backtrace
                0x08000358                _Unwind_Backtrace
 .text          0x0800037c        0x4 C:/CLionToolchains/gcc-arm-none-eabi-10.3-2021.10/bin/../lib/gcc/arm-none-eabi/13.3.1/thumb/v7e-m+fp/hard\libgcc.a(_dvmd_tls.o)
                0x0800037c                __aeabi_idiv0
                0x0800037c                __aeabi_ldiv0
 .text          0x08000380      0x2e0 C:/CLionToolchains/gcc-arm-none-eabi-10.3-2021.10/bin/../lib/gcc/arm-none-eabi/13.3.1/thumb/v7e-m+fp/hard\libg.a(libc_a-strcmp.o)
                0x08000380                strcmp
 .text          0x08000660      0x134 C:/CLionToolchains/gcc-arm-none-eabi-10.3-2021.10/bin/../lib/gcc/arm-none-eabi/13.3.1/thumb/v7e-m+fp/hard\libg.a(libc_a-memcpy.o)
                0x08000660                memcpy
 *(.text*)
 .text.deregister_tm_clones
                0x08000794       0x1c C:/CLionToolchains/gcc-arm-none-eabi-10.3-2021.10/bin/../lib/gcc/arm-none-eabi/13.3.1/thumb/v7e-m+fp/hard/crtbegin.o
 .text.register_tm_clones
                0x080007b0       0x24 C:/CLionToolchains/gcc-arm-none-eabi-10.3-2021.10/bin/../lib/gcc/arm-none-eabi/13.3.1/thumb/v7e-m+fp/hard/crtbegin.o
 .text.__do_global_dtors_aux
                0x080007d4       0x28 C:/CLionToolchains/gcc-arm-none-eabi-10.3-2021.10/bin/../lib/gcc/arm-none-eabi/13.3.1/thumb/v7e-m+fp/hard/crtbegin.o
 .text.frame_dummy
                0x080007fc       0x24 C:/CLionToolchains/gcc-arm-none-eabi-10.3-2021.10/bin/../lib/gcc/arm-none-eabi/13.3.1/thumb/v7e-m+fp/hard/crtbegin.o
 .text.MX_CAN1_Init
                0x08000820       0x40 CMakeFiles/DM4310.elf.dir/Core/Src/can.c.obj
                0x08000820                MX_CAN1_Init
 .text.HAL_CAN_MspInit
                0x08000860       0x8c CMakeFiles/DM4310.elf.dir/Core/Src/can.c.obj
                0x08000860                HAL_CAN_MspInit
 .text.vApplicationGetIdleTaskMemory
                0x080008ec       0x18 CMakeFiles/DM4310.elf.dir/Core/Src/freertos.c.obj
                0x080008ec                vApplicationGetIdleTaskMemory
 .text.MX_FREERTOS_Init
                0x08000904       0x30 CMakeFiles/DM4310.elf.dir/Core/Src/freertos.c.obj
                0x08000904                MX_FREERTOS_Init
 .text.MX_GPIO_Init
                0x08000934       0x80 CMakeFiles/DM4310.elf.dir/Core/Src/gpio.c.obj
                0x08000934                MX_GPIO_Init
 .text.HAL_TIM_PeriodElapsedCallback
                0x080009b4       0x18 CMakeFiles/DM4310.elf.dir/Core/Src/main.c.obj
                0x080009b4                HAL_TIM_PeriodElapsedCallback
 .text.Error_Handler
                0x080009cc        0x4 CMakeFiles/DM4310.elf.dir/Core/Src/main.c.obj
                0x080009cc                Error_Handler
 .text.SystemClock_Config
                0x080009d0       0xa8 CMakeFiles/DM4310.elf.dir/Core/Src/main.c.obj
                0x080009d0                SystemClock_Config
 .text.main     0x08000a78       0x1c CMakeFiles/DM4310.elf.dir/Core/Src/main.c.obj
                0x08000a78                main
 .text.HAL_MspInit
                0x08000a94       0x44 CMakeFiles/DM4310.elf.dir/Core/Src/stm32f4xx_hal_msp.c.obj
                0x08000a94                HAL_MspInit
 .text.HAL_InitTick
                0x08000ad8       0xa4 CMakeFiles/DM4310.elf.dir/Core/Src/stm32f4xx_hal_timebase_tim.c.obj
                0x08000ad8                HAL_InitTick
 .text.NMI_Handler
                0x08000b7c        0x2 CMakeFiles/DM4310.elf.dir/Core/Src/stm32f4xx_it.c.obj
                0x08000b7c                NMI_Handler
 .text.HardFault_Handler
                0x08000b7e        0x2 CMakeFiles/DM4310.elf.dir/Core/Src/stm32f4xx_it.c.obj
                0x08000b7e                HardFault_Handler
 .text.MemManage_Handler
                0x08000b80        0x2 CMakeFiles/DM4310.elf.dir/Core/Src/stm32f4xx_it.c.obj
                0x08000b80                MemManage_Handler
 .text.BusFault_Handler
                0x08000b82        0x2 CMakeFiles/DM4310.elf.dir/Core/Src/stm32f4xx_it.c.obj
                0x08000b82                BusFault_Handler
 .text.UsageFault_Handler
                0x08000b84        0x2 CMakeFiles/DM4310.elf.dir/Core/Src/stm32f4xx_it.c.obj
                0x08000b84                UsageFault_Handler
 .text.DebugMon_Handler
                0x08000b86        0x2 CMakeFiles/DM4310.elf.dir/Core/Src/stm32f4xx_it.c.obj
                0x08000b86                DebugMon_Handler
 .text.CAN1_TX_IRQHandler
                0x08000b88       0x10 CMakeFiles/DM4310.elf.dir/Core/Src/stm32f4xx_it.c.obj
                0x08000b88                CAN1_TX_IRQHandler
 .text.CAN1_RX0_IRQHandler
                0x08000b98       0x10 CMakeFiles/DM4310.elf.dir/Core/Src/stm32f4xx_it.c.obj
                0x08000b98                CAN1_RX0_IRQHandler
 .text.TIM8_TRG_COM_TIM14_IRQHandler
                0x08000ba8       0x10 CMakeFiles/DM4310.elf.dir/Core/Src/stm32f4xx_it.c.obj
                0x08000ba8                TIM8_TRG_COM_TIM14_IRQHandler
 .text._getpid  0x08000bb8        0x4 CMakeFiles/DM4310.elf.dir/Core/Src/syscalls.c.obj
                0x08000bb8                _getpid
 .text._kill    0x08000bbc       0x10 CMakeFiles/DM4310.elf.dir/Core/Src/syscalls.c.obj
                0x08000bbc                _kill
 .text._exit    0x08000bcc        0xc CMakeFiles/DM4310.elf.dir/Core/Src/syscalls.c.obj
                0x08000bcc                _exit
 .text._sbrk    0x08000bd8       0x48 CMakeFiles/DM4310.elf.dir/Core/Src/sysmem.c.obj
                0x08000bd8                _sbrk
 .text.SystemInit
                0x08000c20       0x14 CMakeFiles/DM4310.elf.dir/Core/Src/system_stm32f4xx.c.obj
                0x08000c20                SystemInit
 .text.Reset_Handler
                0x08000c34       0x50 CMakeFiles/DM4310.elf.dir/Core/Startup/startup_stm32f407ighx.s.obj
                0x08000c34                Reset_Handler
 .text.Default_Handler
                0x08000c84        0x2 CMakeFiles/DM4310.elf.dir/Core/Startup/startup_stm32f407ighx.s.obj
                0x08000c84                RTC_Alarm_IRQHandler
                0x08000c84                HASH_RNG_IRQHandler
                0x08000c84                EXTI2_IRQHandler
                0x08000c84                TIM8_CC_IRQHandler
                0x08000c84                TIM1_CC_IRQHandler
                0x08000c84                DMA2_Stream5_IRQHandler
                0x08000c84                DMA1_Stream5_IRQHandler
                0x08000c84                PVD_IRQHandler
                0x08000c84                SDIO_IRQHandler
                0x08000c84                TAMP_STAMP_IRQHandler
                0x08000c84                CAN2_RX1_IRQHandler
                0x08000c84                EXTI3_IRQHandler
                0x08000c84                TIM1_UP_TIM10_IRQHandler
                0x08000c84                TIM8_UP_TIM13_IRQHandler
                0x08000c84                I2C3_ER_IRQHandler
                0x08000c84                EXTI0_IRQHandler
                0x08000c84                I2C2_EV_IRQHandler
                0x08000c84                DMA1_Stream2_IRQHandler
                0x08000c84                FPU_IRQHandler
                0x08000c84                OTG_HS_WKUP_IRQHandler
                0x08000c84                CAN2_SCE_IRQHandler
                0x08000c84                DMA2_Stream2_IRQHandler
                0x08000c84                SPI1_IRQHandler
                0x08000c84                TIM6_DAC_IRQHandler
                0x08000c84                TIM1_BRK_TIM9_IRQHandler
                0x08000c84                DCMI_IRQHandler
                0x08000c84                CAN2_RX0_IRQHandler
                0x08000c84                DMA2_Stream3_IRQHandler
                0x08000c84                USART6_IRQHandler
                0x08000c84                USART3_IRQHandler
                0x08000c84                CAN1_RX1_IRQHandler
                0x08000c84                UART5_IRQHandler
                0x08000c84                DMA2_Stream0_IRQHandler
                0x08000c84                TIM4_IRQHandler
                0x08000c84                I2C1_EV_IRQHandler
                0x08000c84                DMA1_Stream6_IRQHandler
                0x08000c84                DMA1_Stream1_IRQHandler
                0x08000c84                UART4_IRQHandler
                0x08000c84                TIM3_IRQHandler
                0x08000c84                RCC_IRQHandler
                0x08000c84                TIM8_BRK_TIM12_IRQHandler
                0x08000c84                Default_Handler
                0x08000c84                EXTI15_10_IRQHandler
                0x08000c84                ADC_IRQHandler
                0x08000c84                DMA1_Stream7_IRQHandler
                0x08000c84                TIM7_IRQHandler
                0x08000c84                CAN2_TX_IRQHandler
                0x08000c84                TIM5_IRQHandler
                0x08000c84                DMA2_Stream7_IRQHandler
                0x08000c84                I2C3_EV_IRQHandler
                0x08000c84                EXTI9_5_IRQHandler
                0x08000c84                RTC_WKUP_IRQHandler
                0x08000c84                ETH_WKUP_IRQHandler
                0x08000c84                SPI2_IRQHandler
                0x08000c84                OTG_HS_EP1_IN_IRQHandler
                0x08000c84                DMA1_Stream0_IRQHandler
                0x08000c84                EXTI4_IRQHandler
                0x08000c84                FSMC_IRQHandler
                0x08000c84                ETH_IRQHandler
                0x08000c84                OTG_HS_EP1_OUT_IRQHandler
                0x08000c84                WWDG_IRQHandler
                0x08000c84                TIM2_IRQHandler
                0x08000c84                OTG_FS_WKUP_IRQHandler
                0x08000c84                TIM1_TRG_COM_TIM11_IRQHandler
                0x08000c84                OTG_HS_IRQHandler
                0x08000c84                EXTI1_IRQHandler
                0x08000c84                USART2_IRQHandler
                0x08000c84                I2C2_ER_IRQHandler
                0x08000c84                DMA2_Stream1_IRQHandler
                0x08000c84                CAN1_SCE_IRQHandler
                0x08000c84                FLASH_IRQHandler
                0x08000c84                DMA2_Stream4_IRQHandler
                0x08000c84                USART1_IRQHandler
                0x08000c84                OTG_FS_IRQHandler
                0x08000c84                SPI3_IRQHandler
                0x08000c84                DMA1_Stream4_IRQHandler
                0x08000c84                I2C1_ER_IRQHandler
                0x08000c84                DMA2_Stream6_IRQHandler
                0x08000c84                DMA1_Stream3_IRQHandler
 *fill*         0x08000c86        0x2 
 .text.HAL_Init
                0x08000c88       0x34 CMakeFiles/DM4310.elf.dir/Drivers/STM32F4xx_HAL_Driver/Src/stm32f4xx_hal.c.obj
                0x08000c88                HAL_Init
 .text.HAL_IncTick
                0x08000cbc       0x18 CMakeFiles/DM4310.elf.dir/Drivers/STM32F4xx_HAL_Driver/Src/stm32f4xx_hal.c.obj
                0x08000cbc                HAL_IncTick
 .text.HAL_GetTick
                0x08000cd4        0xc CMakeFiles/DM4310.elf.dir/Drivers/STM32F4xx_HAL_Driver/Src/stm32f4xx_hal.c.obj
                0x08000cd4                HAL_GetTick
 .text.HAL_CAN_Init
                0x08000ce0      0x14c CMakeFiles/DM4310.elf.dir/Drivers/STM32F4xx_HAL_Driver/Src/stm32f4xx_hal_can.c.obj
                0x08000ce0                HAL_CAN_Init
 .text.HAL_CAN_ConfigFilter
                0x08000e2c      0x138 CMakeFiles/DM4310.elf.dir/Drivers/STM32F4xx_HAL_Driver/Src/stm32f4xx_hal_can.c.obj
                0x08000e2c                HAL_CAN_ConfigFilter
 .text.HAL_CAN_Start
                0x08000f64       0x5c CMakeFiles/DM4310.elf.dir/Drivers/STM32F4xx_HAL_Driver/Src/stm32f4xx_hal_can.c.obj
                0x08000f64                HAL_CAN_Start
 .text.HAL_CAN_AddTxMessage
                0x08000fc0       0xea CMakeFiles/DM4310.elf.dir/Drivers/STM32F4xx_HAL_Driver/Src/stm32f4xx_hal_can.c.obj
                0x08000fc0                HAL_CAN_AddTxMessage
 .text.HAL_CAN_GetRxMessage
                0x080010aa      0x16a CMakeFiles/DM4310.elf.dir/Drivers/STM32F4xx_HAL_Driver/Src/stm32f4xx_hal_can.c.obj
                0x080010aa                HAL_CAN_GetRxMessage
 .text.HAL_CAN_ActivateNotification
                0x08001214       0x24 CMakeFiles/DM4310.elf.dir/Drivers/STM32F4xx_HAL_Driver/Src/stm32f4xx_hal_can.c.obj
                0x08001214                HAL_CAN_ActivateNotification
 .text.HAL_CAN_TxMailbox0CompleteCallback
                0x08001238        0x2 CMakeFiles/DM4310.elf.dir/Drivers/STM32F4xx_HAL_Driver/Src/stm32f4xx_hal_can.c.obj
                0x08001238                HAL_CAN_TxMailbox0CompleteCallback
 .text.HAL_CAN_TxMailbox1CompleteCallback
                0x0800123a        0x2 CMakeFiles/DM4310.elf.dir/Drivers/STM32F4xx_HAL_Driver/Src/stm32f4xx_hal_can.c.obj
                0x0800123a                HAL_CAN_TxMailbox1CompleteCallback
 .text.HAL_CAN_TxMailbox2CompleteCallback
                0x0800123c        0x2 CMakeFiles/DM4310.elf.dir/Drivers/STM32F4xx_HAL_Driver/Src/stm32f4xx_hal_can.c.obj
                0x0800123c                HAL_CAN_TxMailbox2CompleteCallback
 .text.HAL_CAN_TxMailbox0AbortCallback
                0x0800123e        0x2 CMakeFiles/DM4310.elf.dir/Drivers/STM32F4xx_HAL_Driver/Src/stm32f4xx_hal_can.c.obj
                0x0800123e                HAL_CAN_TxMailbox0AbortCallback
 .text.HAL_CAN_TxMailbox1AbortCallback
                0x08001240        0x2 CMakeFiles/DM4310.elf.dir/Drivers/STM32F4xx_HAL_Driver/Src/stm32f4xx_hal_can.c.obj
                0x08001240                HAL_CAN_TxMailbox1AbortCallback
 .text.HAL_CAN_TxMailbox2AbortCallback
                0x08001242        0x2 CMakeFiles/DM4310.elf.dir/Drivers/STM32F4xx_HAL_Driver/Src/stm32f4xx_hal_can.c.obj
                0x08001242                HAL_CAN_TxMailbox2AbortCallback
 .text.HAL_CAN_RxFifo0FullCallback
                0x08001244        0x2 CMakeFiles/DM4310.elf.dir/Drivers/STM32F4xx_HAL_Driver/Src/stm32f4xx_hal_can.c.obj
                0x08001244                HAL_CAN_RxFifo0FullCallback
 .text.HAL_CAN_RxFifo1MsgPendingCallback
                0x08001246        0x2 CMakeFiles/DM4310.elf.dir/Drivers/STM32F4xx_HAL_Driver/Src/stm32f4xx_hal_can.c.obj
                0x08001246                HAL_CAN_RxFifo1MsgPendingCallback
 .text.HAL_CAN_RxFifo1FullCallback
                0x08001248        0x2 CMakeFiles/DM4310.elf.dir/Drivers/STM32F4xx_HAL_Driver/Src/stm32f4xx_hal_can.c.obj
                0x08001248                HAL_CAN_RxFifo1FullCallback
 .text.HAL_CAN_SleepCallback
                0x0800124a        0x2 CMakeFiles/DM4310.elf.dir/Drivers/STM32F4xx_HAL_Driver/Src/stm32f4xx_hal_can.c.obj
                0x0800124a                HAL_CAN_SleepCallback
 .text.HAL_CAN_WakeUpFromRxMsgCallback
                0x0800124c        0x2 CMakeFiles/DM4310.elf.dir/Drivers/STM32F4xx_HAL_Driver/Src/stm32f4xx_hal_can.c.obj
                0x0800124c                HAL_CAN_WakeUpFromRxMsgCallback
 .text.HAL_CAN_ErrorCallback
                0x0800124e        0x2 CMakeFiles/DM4310.elf.dir/Drivers/STM32F4xx_HAL_Driver/Src/stm32f4xx_hal_can.c.obj
                0x0800124e                HAL_CAN_ErrorCallback
 .text.HAL_CAN_IRQHandler
                0x08001250      0x250 CMakeFiles/DM4310.elf.dir/Drivers/STM32F4xx_HAL_Driver/Src/stm32f4xx_hal_can.c.obj
                0x08001250                HAL_CAN_IRQHandler
 .text.__NVIC_EnableIRQ
                0x080014a0       0x1c CMakeFiles/DM4310.elf.dir/Drivers/STM32F4xx_HAL_Driver/Src/stm32f4xx_hal_cortex.c.obj
 .text.__NVIC_SetPriority
                0x080014bc       0x28 CMakeFiles/DM4310.elf.dir/Drivers/STM32F4xx_HAL_Driver/Src/stm32f4xx_hal_cortex.c.obj
 .text.NVIC_EncodePriority
                0x080014e4       0x3e CMakeFiles/DM4310.elf.dir/Drivers/STM32F4xx_HAL_Driver/Src/stm32f4xx_hal_cortex.c.obj
 *fill*         0x08001522        0x2 
 .text.HAL_NVIC_SetPriorityGrouping
                0x08001524       0x24 CMakeFiles/DM4310.elf.dir/Drivers/STM32F4xx_HAL_Driver/Src/stm32f4xx_hal_cortex.c.obj
                0x08001524                HAL_NVIC_SetPriorityGrouping
 .text.HAL_NVIC_SetPriority
                0x08001548       0x20 CMakeFiles/DM4310.elf.dir/Drivers/STM32F4xx_HAL_Driver/Src/stm32f4xx_hal_cortex.c.obj
                0x08001548                HAL_NVIC_SetPriority
 .text.HAL_NVIC_EnableIRQ
                0x08001568        0x8 CMakeFiles/DM4310.elf.dir/Drivers/STM32F4xx_HAL_Driver/Src/stm32f4xx_hal_cortex.c.obj
                0x08001568                HAL_NVIC_EnableIRQ
 .text.HAL_GPIO_Init
                0x08001570      0x1ec CMakeFiles/DM4310.elf.dir/Drivers/STM32F4xx_HAL_Driver/Src/stm32f4xx_hal_gpio.c.obj
                0x08001570                HAL_GPIO_Init
 .text.HAL_GPIO_WritePin
                0x0800175c        0xc CMakeFiles/DM4310.elf.dir/Drivers/STM32F4xx_HAL_Driver/Src/stm32f4xx_hal_gpio.c.obj
                0x0800175c                HAL_GPIO_WritePin
 .text.HAL_RCC_OscConfig
                0x08001768      0x3f8 CMakeFiles/DM4310.elf.dir/Drivers/STM32F4xx_HAL_Driver/Src/stm32f4xx_hal_rcc.c.obj
                0x08001768                HAL_RCC_OscConfig
 .text.HAL_RCC_GetSysClockFreq
                0x08001b60       0xa8 CMakeFiles/DM4310.elf.dir/Drivers/STM32F4xx_HAL_Driver/Src/stm32f4xx_hal_rcc.c.obj
                0x08001b60                HAL_RCC_GetSysClockFreq
 .text.HAL_RCC_ClockConfig
                0x08001c08      0x160 CMakeFiles/DM4310.elf.dir/Drivers/STM32F4xx_HAL_Driver/Src/stm32f4xx_hal_rcc.c.obj
                0x08001c08                HAL_RCC_ClockConfig
 .text.HAL_RCC_GetHCLKFreq
                0x08001d68        0xc CMakeFiles/DM4310.elf.dir/Drivers/STM32F4xx_HAL_Driver/Src/stm32f4xx_hal_rcc.c.obj
                0x08001d68                HAL_RCC_GetHCLKFreq
 .text.HAL_RCC_GetPCLK1Freq
                0x08001d74       0x20 CMakeFiles/DM4310.elf.dir/Drivers/STM32F4xx_HAL_Driver/Src/stm32f4xx_hal_rcc.c.obj
                0x08001d74                HAL_RCC_GetPCLK1Freq
 .text.HAL_RCC_GetClockConfig
                0x08001d94       0x3c CMakeFiles/DM4310.elf.dir/Drivers/STM32F4xx_HAL_Driver/Src/stm32f4xx_hal_rcc.c.obj
                0x08001d94                HAL_RCC_GetClockConfig
 .text.HAL_TIM_Base_MspInit
                0x08001dd0        0x2 CMakeFiles/DM4310.elf.dir/Drivers/STM32F4xx_HAL_Driver/Src/stm32f4xx_hal_tim.c.obj
                0x08001dd0                HAL_TIM_Base_MspInit
 *fill*         0x08001dd2        0x2 
 .text.HAL_TIM_Base_Start_IT
                0x08001dd4       0x88 CMakeFiles/DM4310.elf.dir/Drivers/STM32F4xx_HAL_Driver/Src/stm32f4xx_hal_tim.c.obj
                0x08001dd4                HAL_TIM_Base_Start_IT
 .text.HAL_TIM_OC_DelayElapsedCallback
                0x08001e5c        0x2 CMakeFiles/DM4310.elf.dir/Drivers/STM32F4xx_HAL_Driver/Src/stm32f4xx_hal_tim.c.obj
                0x08001e5c                HAL_TIM_OC_DelayElapsedCallback
 .text.HAL_TIM_IC_CaptureCallback
                0x08001e5e        0x2 CMakeFiles/DM4310.elf.dir/Drivers/STM32F4xx_HAL_Driver/Src/stm32f4xx_hal_tim.c.obj
                0x08001e5e                HAL_TIM_IC_CaptureCallback
 .text.HAL_TIM_PWM_PulseFinishedCallback
                0x08001e60        0x2 CMakeFiles/DM4310.elf.dir/Drivers/STM32F4xx_HAL_Driver/Src/stm32f4xx_hal_tim.c.obj
                0x08001e60                HAL_TIM_PWM_PulseFinishedCallback
 .text.HAL_TIM_TriggerCallback
                0x08001e62        0x2 CMakeFiles/DM4310.elf.dir/Drivers/STM32F4xx_HAL_Driver/Src/stm32f4xx_hal_tim.c.obj
                0x08001e62                HAL_TIM_TriggerCallback
 .text.HAL_TIM_IRQHandler
                0x08001e64      0x15e CMakeFiles/DM4310.elf.dir/Drivers/STM32F4xx_HAL_Driver/Src/stm32f4xx_hal_tim.c.obj
                0x08001e64                HAL_TIM_IRQHandler
 *fill*         0x08001fc2        0x2 
 .text.TIM_Base_SetConfig
                0x08001fc4       0xd0 CMakeFiles/DM4310.elf.dir/Drivers/STM32F4xx_HAL_Driver/Src/stm32f4xx_hal_tim.c.obj
                0x08001fc4                TIM_Base_SetConfig
 .text.HAL_TIM_Base_Init
                0x08002094       0x58 CMakeFiles/DM4310.elf.dir/Drivers/STM32F4xx_HAL_Driver/Src/stm32f4xx_hal_tim.c.obj
                0x08002094                HAL_TIM_Base_Init
 .text.HAL_TIMEx_CommutCallback
                0x080020ec        0x2 CMakeFiles/DM4310.elf.dir/Drivers/STM32F4xx_HAL_Driver/Src/stm32f4xx_hal_tim_ex.c.obj
                0x080020ec                HAL_TIMEx_CommutCallback
 .text.HAL_TIMEx_BreakCallback
                0x080020ee        0x2 CMakeFiles/DM4310.elf.dir/Drivers/STM32F4xx_HAL_Driver/Src/stm32f4xx_hal_tim_ex.c.obj
                0x080020ee                HAL_TIMEx_BreakCallback
 .text.makeFreeRtosPriority
                0x080020f0        0xc CMakeFiles/DM4310.elf.dir/Middlewares/Third_Party/FreeRTOS/Source/CMSIS_RTOS/cmsis_os.c.obj
 .text.osKernelStart
                0x080020fc        0xa CMakeFiles/DM4310.elf.dir/Middlewares/Third_Party/FreeRTOS/Source/CMSIS_RTOS/cmsis_os.c.obj
                0x080020fc                osKernelStart
 .text.osThreadCreate
                0x08002106       0x66 CMakeFiles/DM4310.elf.dir/Middlewares/Third_Party/FreeRTOS/Source/CMSIS_RTOS/cmsis_os.c.obj
                0x08002106                osThreadCreate
 .text.osDelay  0x0800216c        0xe CMakeFiles/DM4310.elf.dir/Middlewares/Third_Party/FreeRTOS/Source/CMSIS_RTOS/cmsis_os.c.obj
                0x0800216c                osDelay
 .text.vListInitialise
                0x0800217a       0x16 CMakeFiles/DM4310.elf.dir/Middlewares/Third_Party/FreeRTOS/Source/list.c.obj
                0x0800217a                vListInitialise
 .text.vListInitialiseItem
                0x08002190        0x6 CMakeFiles/DM4310.elf.dir/Middlewares/Third_Party/FreeRTOS/Source/list.c.obj
                0x08002190                vListInitialiseItem
 .text.vListInsertEnd
                0x08002196       0x16 CMakeFiles/DM4310.elf.dir/Middlewares/Third_Party/FreeRTOS/Source/list.c.obj
                0x08002196                vListInsertEnd
 .text.vListInsert
                0x080021ac       0x32 CMakeFiles/DM4310.elf.dir/Middlewares/Third_Party/FreeRTOS/Source/list.c.obj
                0x080021ac                vListInsert
 .text.uxListRemove
                0x080021de       0x26 CMakeFiles/DM4310.elf.dir/Middlewares/Third_Party/FreeRTOS/Source/list.c.obj
                0x080021de                uxListRemove
 .text.prvTaskExitError
                0x08002204       0x40 CMakeFiles/DM4310.elf.dir/Middlewares/Third_Party/FreeRTOS/Source/portable/GCC/ARM_CM4F/port.c.obj
 .text.prvPortStartFirstTask
                0x08002244       0x28 CMakeFiles/DM4310.elf.dir/Middlewares/Third_Party/FreeRTOS/Source/portable/GCC/ARM_CM4F/port.c.obj
 .text.vPortEnableVFP
                0x0800226c       0x14 CMakeFiles/DM4310.elf.dir/Middlewares/Third_Party/FreeRTOS/Source/portable/GCC/ARM_CM4F/port.c.obj
 .text.pxPortInitialiseStack
                0x08002280       0x2c CMakeFiles/DM4310.elf.dir/Middlewares/Third_Party/FreeRTOS/Source/portable/GCC/ARM_CM4F/port.c.obj
                0x08002280                pxPortInitialiseStack
 *fill*         0x080022ac        0x4 
 .text.SVC_Handler
                0x080022b0       0x24 CMakeFiles/DM4310.elf.dir/Middlewares/Third_Party/FreeRTOS/Source/portable/GCC/ARM_CM4F/port.c.obj
                0x080022b0                SVC_Handler
 .text.vPortEnterCritical
                0x080022d4       0x44 CMakeFiles/DM4310.elf.dir/Middlewares/Third_Party/FreeRTOS/Source/portable/GCC/ARM_CM4F/port.c.obj
                0x080022d4                vPortEnterCritical
 .text.vPortExitCritical
                0x08002318       0x2c CMakeFiles/DM4310.elf.dir/Middlewares/Third_Party/FreeRTOS/Source/portable/GCC/ARM_CM4F/port.c.obj
                0x08002318                vPortExitCritical
 *fill*         0x08002344        0xc 
 .text.PendSV_Handler
                0x08002350       0x64 CMakeFiles/DM4310.elf.dir/Middlewares/Third_Party/FreeRTOS/Source/portable/GCC/ARM_CM4F/port.c.obj
                0x08002350                PendSV_Handler
 .text.SysTick_Handler
                0x080023b4       0x2c CMakeFiles/DM4310.elf.dir/Middlewares/Third_Party/FreeRTOS/Source/portable/GCC/ARM_CM4F/port.c.obj
                0x080023b4                SysTick_Handler
 .text.vPortSetupTimerInterrupt
                0x080023e0       0x28 CMakeFiles/DM4310.elf.dir/Middlewares/Third_Party/FreeRTOS/Source/portable/GCC/ARM_CM4F/port.c.obj
                0x080023e0                vPortSetupTimerInterrupt
 .text.xPortStartScheduler
                0x08002408      0x118 CMakeFiles/DM4310.elf.dir/Middlewares/Third_Party/FreeRTOS/Source/portable/GCC/ARM_CM4F/port.c.obj
                0x08002408                xPortStartScheduler
 .text.prvHeapInit
                0x08002520       0x64 CMakeFiles/DM4310.elf.dir/Middlewares/Third_Party/FreeRTOS/Source/portable/MemMang/heap_4.c.obj
 .text.prvInsertBlockIntoFreeList
                0x08002584       0x64 CMakeFiles/DM4310.elf.dir/Middlewares/Third_Party/FreeRTOS/Source/portable/MemMang/heap_4.c.obj
 .text.pvPortMalloc
                0x080025e8      0x104 CMakeFiles/DM4310.elf.dir/Middlewares/Third_Party/FreeRTOS/Source/portable/MemMang/heap_4.c.obj
                0x080025e8                pvPortMalloc
 .text.vPortFree
                0x080026ec       0x7c CMakeFiles/DM4310.elf.dir/Middlewares/Third_Party/FreeRTOS/Source/portable/MemMang/heap_4.c.obj
                0x080026ec                vPortFree
 .text.prvResetNextTaskUnblockTime
                0x08002768       0x2c CMakeFiles/DM4310.elf.dir/Middlewares/Third_Party/FreeRTOS/Source/tasks.c.obj
 .text.prvInitialiseNewTask
                0x08002794       0x9c CMakeFiles/DM4310.elf.dir/Middlewares/Third_Party/FreeRTOS/Source/tasks.c.obj
 .text.prvInitialiseTaskLists
                0x08002830       0x68 CMakeFiles/DM4310.elf.dir/Middlewares/Third_Party/FreeRTOS/Source/tasks.c.obj
 .text.prvAddNewTaskToReadyList
                0x08002898       0xa8 CMakeFiles/DM4310.elf.dir/Middlewares/Third_Party/FreeRTOS/Source/tasks.c.obj
 .text.prvDeleteTCB
                0x08002940       0x38 CMakeFiles/DM4310.elf.dir/Middlewares/Third_Party/FreeRTOS/Source/tasks.c.obj
 .text.prvCheckTasksWaitingTermination
                0x08002978       0x4c CMakeFiles/DM4310.elf.dir/Middlewares/Third_Party/FreeRTOS/Source/tasks.c.obj
 .text.prvIdleTask
                0x080029c4       0x28 CMakeFiles/DM4310.elf.dir/Middlewares/Third_Party/FreeRTOS/Source/tasks.c.obj
 .text.prvAddCurrentTaskToDelayedList
                0x080029ec       0x98 CMakeFiles/DM4310.elf.dir/Middlewares/Third_Party/FreeRTOS/Source/tasks.c.obj
 .text.xTaskCreateStatic
                0x08002a84       0x76 CMakeFiles/DM4310.elf.dir/Middlewares/Third_Party/FreeRTOS/Source/tasks.c.obj
                0x08002a84                xTaskCreateStatic
 .text.xTaskCreate
                0x08002afa       0x64 CMakeFiles/DM4310.elf.dir/Middlewares/Third_Party/FreeRTOS/Source/tasks.c.obj
                0x08002afa                xTaskCreate
 *fill*         0x08002b5e        0x2 
 .text.vTaskStartScheduler
                0x08002b60       0x74 CMakeFiles/DM4310.elf.dir/Middlewares/Third_Party/FreeRTOS/Source/tasks.c.obj
                0x08002b60                vTaskStartScheduler
 .text.vTaskSuspendAll
                0x08002bd4       0x10 CMakeFiles/DM4310.elf.dir/Middlewares/Third_Party/FreeRTOS/Source/tasks.c.obj
                0x08002bd4                vTaskSuspendAll
 .text.xTaskIncrementTick
                0x08002be4      0x118 CMakeFiles/DM4310.elf.dir/Middlewares/Third_Party/FreeRTOS/Source/tasks.c.obj
                0x08002be4                xTaskIncrementTick
 .text.xTaskResumeAll
                0x08002cfc       0xf8 CMakeFiles/DM4310.elf.dir/Middlewares/Third_Party/FreeRTOS/Source/tasks.c.obj
                0x08002cfc                xTaskResumeAll
 .text.vTaskDelay
                0x08002df4       0x4c CMakeFiles/DM4310.elf.dir/Middlewares/Third_Party/FreeRTOS/Source/tasks.c.obj
                0x08002df4                vTaskDelay
 .text.vTaskSwitchContext
                0x08002e40       0x98 CMakeFiles/DM4310.elf.dir/Middlewares/Third_Party/FreeRTOS/Source/tasks.c.obj
                0x08002e40                vTaskSwitchContext
 .text._ZN5MotorC2Ev
                0x08002ed8       0x14 CMakeFiles/DM4310.elf.dir/User/motor.cpp.obj
                0x08002ed8                Motor::Motor()
                0x08002ed8                Motor::Motor()
 .text._ZN5MotorD2Ev
                0x08002eec        0xc CMakeFiles/DM4310.elf.dir/User/motor.cpp.obj
                0x08002eec                Motor::~Motor()
                0x08002eec                Motor::~Motor()
 .text._ZN6DM431010Pid_UpdateEv
                0x08002ef8        0x2 CMakeFiles/DM4310.elf.dir/User/motor_dm.cpp.obj
                0x08002ef8                DM4310::Pid_Update()
 *fill*         0x08002efa        0x2 
 .text._ZN6DM4310D2Ev
                0x08002efc       0x14 CMakeFiles/DM4310.elf.dir/User/motor_dm.cpp.obj
                0x08002efc                DM4310::~DM4310()
                0x08002efc                DM4310::~DM4310()
 .text._ZN6DM4310D0Ev
                0x08002f10       0x1c CMakeFiles/DM4310.elf.dir/User/motor_dm.cpp.obj
                0x08002f10                DM4310::~DM4310()
 .text._ZN6DM4310C2E13Motor_DM_ModeP17CAN_HandleTypeDefhh8Pid_Type
                0x08002f2c       0x54 CMakeFiles/DM4310.elf.dir/User/motor_dm.cpp.obj
                0x08002f2c                DM4310::DM4310(Motor_DM_Mode, CAN_HandleTypeDef*, unsigned char, unsigned char, Pid_Type)
                0x08002f2c                DM4310::DM4310(Motor_DM_Mode, CAN_HandleTypeDef*, unsigned char, unsigned char, Pid_Type)
 .text._ZNK6DM431016MIT_Ctl_Msg_SendEfffff
                0x08002f80      0x124 CMakeFiles/DM4310.elf.dir/User/motor_dm.cpp.obj
                0x08002f80                DM4310::MIT_Ctl_Msg_Send(float, float, float, float, float) const
 .text._ZN6DM43109Set_AngleEff
                0x080030a4       0x20 CMakeFiles/DM4310.elf.dir/User/motor_dm.cpp.obj
                0x080030a4                DM4310::Set_Angle(float, float)
 .text._ZN6DM43109Set_SpeedEf
                0x080030c4       0x28 CMakeFiles/DM4310.elf.dir/User/motor_dm.cpp.obj
                0x080030c4                DM4310::Set_Speed(float)
 .text._ZN6DM431018Deserialize_StatusEPKh
                0x080030ec       0xa4 CMakeFiles/DM4310.elf.dir/User/motor_dm.cpp.obj
                0x080030ec                DM4310::Deserialize_Status(unsigned char const*)
 .text._ZNK6DM43106EnableEv
                0x08003190       0x70 CMakeFiles/DM4310.elf.dir/User/motor_dm.cpp.obj
                0x08003190                DM4310::Enable() const
 .text._ZN6DM431010Set_Can_IDEh
                0x08003200        0x6 CMakeFiles/DM4310.elf.dir/User/motor_dm.cpp.obj
                0x08003200                DM4310::Set_Can_ID(unsigned char)
 .text._ZN6DM431013Set_Master_IDEh
                0x08003206        0x6 CMakeFiles/DM4310.elf.dir/User/motor_dm.cpp.obj
                0x08003206                DM4310::Set_Master_ID(unsigned char)
 .text._ZN6DM431012Set_CTL_ModeE13Motor_DM_Mode
                0x0800320c        0x6 CMakeFiles/DM4310.elf.dir/User/motor_dm.cpp.obj
                0x0800320c                DM4310::Set_CTL_Mode(Motor_DM_Mode)
 .text._ZN6DM43108Bind_CANEP17CAN_HandleTypeDef
                0x08003212        0x4 CMakeFiles/DM4310.elf.dir/User/motor_dm.cpp.obj
                0x08003212                DM4310::Bind_CAN(CAN_HandleTypeDef*)
 *fill*         0x08003216        0x2 
 .text._Z41__static_initialization_and_destruction_0v
                0x08003218       0x34 CMakeFiles/DM4310.elf.dir/User/task_cpp.cpp.obj
 .text._Z15CAN_Filter_Initv
                0x0800324c       0x3c CMakeFiles/DM4310.elf.dir/User/task_cpp.cpp.obj
                0x0800324c                CAN_Filter_Init()
 .text.HAL_CAN_RxFifo0MsgPendingCallback
                0x08003288       0x38 CMakeFiles/DM4310.elf.dir/User/task_cpp.cpp.obj
                0x08003288                HAL_CAN_RxFifo0MsgPendingCallback
 .text.dm_task  0x080032c0       0x7c CMakeFiles/DM4310.elf.dir/User/task_cpp.cpp.obj
                0x080032c0                dm_task
 .text._GLOBAL__sub_I_HAL_CAN_RxFifo0MsgPendingCallback
                0x0800333c        0x8 CMakeFiles/DM4310.elf.dir/User/task_cpp.cpp.obj
 .text.__aeabi_atexit
                0x08003344        0xc C:/CLionToolchains/gcc-arm-none-eabi-10.3-2021.10/bin/../lib/gcc/arm-none-eabi/13.3.1/thumb/v7e-m+fp/hard\libstdc++.a(atexit_arm.o)
                0x08003344                __aeabi_atexit
 .text._ZNK10__cxxabiv117__class_type_info11__do_upcastEPKS0_PPv
                0x08003350       0x34 C:/CLionToolchains/gcc-arm-none-eabi-10.3-2021.10/bin/../lib/gcc/arm-none-eabi/13.3.1/thumb/v7e-m+fp/hard\libstdc++.a(class_type_info.o)
                0x08003350                __cxxabiv1::__class_type_info::__do_upcast(__cxxabiv1::__class_type_info const*, void**) const
 .text._ZNK10__cxxabiv117__class_type_info20__do_find_public_srcEiPKvPKS0_S2_
                0x08003384        0xc C:/CLionToolchains/gcc-arm-none-eabi-10.3-2021.10/bin/../lib/gcc/arm-none-eabi/13.3.1/thumb/v7e-m+fp/hard\libstdc++.a(class_type_info.o)
                0x08003384                __cxxabiv1::__class_type_info::__do_find_public_src(int, void const*, __cxxabiv1::__class_type_info const*, void const*) const
 .text._ZN10__cxxabiv117__class_type_infoD2Ev
                0x08003390       0x14 C:/CLionToolchains/gcc-arm-none-eabi-10.3-2021.10/bin/../lib/gcc/arm-none-eabi/13.3.1/thumb/v7e-m+fp/hard\libstdc++.a(class_type_info.o)
                0x08003390                __cxxabiv1::__class_type_info::~__class_type_info()
                0x08003390                __cxxabiv1::__class_type_info::~__class_type_info()
 .text._ZN10__cxxabiv117__class_type_infoD0Ev
                0x080033a4       0x1c C:/CLionToolchains/gcc-arm-none-eabi-10.3-2021.10/bin/../lib/gcc/arm-none-eabi/13.3.1/thumb/v7e-m+fp/hard\libstdc++.a(class_type_info.o)
                0x080033a4                __cxxabiv1::__class_type_info::~__class_type_info()
 .text._ZNK10__cxxabiv117__class_type_info12__do_dyncastEiNS0_10__sub_kindEPKS0_PKvS3_S5_RNS0_16__dyncast_resultE
                0x080033c0       0x44 C:/CLionToolchains/gcc-arm-none-eabi-10.3-2021.10/bin/../lib/gcc/arm-none-eabi/13.3.1/thumb/v7e-m+fp/hard\libstdc++.a(class_type_info.o)
                0x080033c0                __cxxabiv1::__class_type_info::__do_dyncast(int, __cxxabiv1::__class_type_info::__sub_kind, __cxxabiv1::__class_type_info const*, void const*, __cxxabiv1::__class_type_info const*, void const*, __cxxabiv1::__class_type_info::__dyncast_result&) const
 .text._ZNK10__cxxabiv117__class_type_info11__do_upcastEPKS0_PKvRNS0_15__upcast_resultE
                0x08003404       0x1c C:/CLionToolchains/gcc-arm-none-eabi-10.3-2021.10/bin/../lib/gcc/arm-none-eabi/13.3.1/thumb/v7e-m+fp/hard\libstdc++.a(class_type_info.o)
                0x08003404                __cxxabiv1::__class_type_info::__do_upcast(__cxxabiv1::__class_type_info const*, void const*, __cxxabiv1::__class_type_info::__upcast_result&) const
 .text._ZNK10__cxxabiv117__class_type_info10__do_catchEPKSt9type_infoPPvj
                0x08003420       0x2c C:/CLionToolchains/gcc-arm-none-eabi-10.3-2021.10/bin/../lib/gcc/arm-none-eabi/13.3.1/thumb/v7e-m+fp/hard\libstdc++.a(class_type_info.o)
                0x08003420                __cxxabiv1::__class_type_info::__do_catch(std::type_info const*, void**, unsigned int) const
 .text._ZdlPvj  0x0800344c        0x4 C:/CLionToolchains/gcc-arm-none-eabi-10.3-2021.10/bin/../lib/gcc/arm-none-eabi/13.3.1/thumb/v7e-m+fp/hard\libstdc++.a(del_ops.o)
                0x0800344c                operator delete(void*, unsigned int)
 .text._ZN10__cxxabiv120__si_class_type_infoD2Ev
                0x08003450       0x14 C:/CLionToolchains/gcc-arm-none-eabi-10.3-2021.10/bin/../lib/gcc/arm-none-eabi/13.3.1/thumb/v7e-m+fp/hard\libstdc++.a(si_class_type_info.o)
                0x08003450                __cxxabiv1::__si_class_type_info::~__si_class_type_info()
                0x08003450                __cxxabiv1::__si_class_type_info::~__si_class_type_info()
 .text._ZN10__cxxabiv120__si_class_type_infoD0Ev
                0x08003464       0x1c C:/CLionToolchains/gcc-arm-none-eabi-10.3-2021.10/bin/../lib/gcc/arm-none-eabi/13.3.1/thumb/v7e-m+fp/hard\libstdc++.a(si_class_type_info.o)
                0x08003464                __cxxabiv1::__si_class_type_info::~__si_class_type_info()
 .text._ZNK10__cxxabiv120__si_class_type_info20__do_find_public_srcEiPKvPKNS_17__class_type_infoES2_
                0x08003480       0x3c C:/CLionToolchains/gcc-arm-none-eabi-10.3-2021.10/bin/../lib/gcc/arm-none-eabi/13.3.1/thumb/v7e-m+fp/hard\libstdc++.a(si_class_type_info.o)
                0x08003480                __cxxabiv1::__si_class_type_info::__do_find_public_src(int, void const*, __cxxabiv1::__class_type_info const*, void const*) const
 .text._ZNK10__cxxabiv120__si_class_type_info12__do_dyncastEiNS_17__class_type_info10__sub_kindEPKS1_PKvS4_S6_RNS1_16__dyncast_resultE
                0x080034bc       0x84 C:/CLionToolchains/gcc-arm-none-eabi-10.3-2021.10/bin/../lib/gcc/arm-none-eabi/13.3.1/thumb/v7e-m+fp/hard\libstdc++.a(si_class_type_info.o)
                0x080034bc                __cxxabiv1::__si_class_type_info::__do_dyncast(int, __cxxabiv1::__class_type_info::__sub_kind, __cxxabiv1::__class_type_info const*, void const*, __cxxabiv1::__class_type_info const*, void const*, __cxxabiv1::__class_type_info::__dyncast_result&) const
 .text._ZNK10__cxxabiv120__si_class_type_info11__do_upcastEPKNS_17__class_type_infoEPKvRNS1_15__upcast_resultE
                0x08003540       0x2c C:/CLionToolchains/gcc-arm-none-eabi-10.3-2021.10/bin/../lib/gcc/arm-none-eabi/13.3.1/thumb/v7e-m+fp/hard\libstdc++.a(si_class_type_info.o)
                0x08003540                __cxxabiv1::__si_class_type_info::__do_upcast(__cxxabiv1::__class_type_info const*, void const*, __cxxabiv1::__class_type_info::__upcast_result&) const
 .text._ZNSt9type_infoD2Ev
                0x0800356c        0x4 C:/CLionToolchains/gcc-arm-none-eabi-10.3-2021.10/bin/../lib/gcc/arm-none-eabi/13.3.1/thumb/v7e-m+fp/hard\libstdc++.a(tinfo.o)
                0x0800356c                std::type_info::~type_info()
                0x0800356c                std::type_info::~type_info()
 .text._ZNKSt9type_info14__is_pointer_pEv
                0x08003570        0x4 C:/CLionToolchains/gcc-arm-none-eabi-10.3-2021.10/bin/../lib/gcc/arm-none-eabi/13.3.1/thumb/v7e-m+fp/hard\libstdc++.a(tinfo.o)
                0x08003570                std::type_info::__is_pointer_p() const
                0x08003570                std::type_info::__is_function_p() const
 .text._ZNKSt9type_infoeqERKS_
                0x08003574       0x2c C:/CLionToolchains/gcc-arm-none-eabi-10.3-2021.10/bin/../lib/gcc/arm-none-eabi/13.3.1/thumb/v7e-m+fp/hard\libstdc++.a(tinfo.o)
                0x08003574                std::type_info::operator==(std::type_info const&) const
                0x08003574                std::type_info::__equal(std::type_info const&) const
 .text._ZN10__cxxabiv121__vmi_class_type_infoD2Ev
                0x080035a0       0x14 C:/CLionToolchains/gcc-arm-none-eabi-10.3-2021.10/bin/../lib/gcc/arm-none-eabi/13.3.1/thumb/v7e-m+fp/hard\libstdc++.a(vmi_class_type_info.o)
                0x080035a0                __cxxabiv1::__vmi_class_type_info::~__vmi_class_type_info()
                0x080035a0                __cxxabiv1::__vmi_class_type_info::~__vmi_class_type_info()
 .text._ZN10__cxxabiv121__vmi_class_type_infoD0Ev
                0x080035b4       0x1c C:/CLionToolchains/gcc-arm-none-eabi-10.3-2021.10/bin/../lib/gcc/arm-none-eabi/13.3.1/thumb/v7e-m+fp/hard\libstdc++.a(vmi_class_type_info.o)
                0x080035b4                __cxxabiv1::__vmi_class_type_info::~__vmi_class_type_info()
 .text._ZNK10__cxxabiv121__vmi_class_type_info20__do_find_public_srcEiPKvPKNS_17__class_type_infoES2_
                0x080035d0       0x80 C:/CLionToolchains/gcc-arm-none-eabi-10.3-2021.10/bin/../lib/gcc/arm-none-eabi/13.3.1/thumb/v7e-m+fp/hard\libstdc++.a(vmi_class_type_info.o)
                0x080035d0                __cxxabiv1::__vmi_class_type_info::__do_find_public_src(int, void const*, __cxxabiv1::__class_type_info const*, void const*) const
 .text._ZNK10__cxxabiv121__vmi_class_type_info12__do_dyncastEiNS_17__class_type_info10__sub_kindEPKS1_PKvS4_S6_RNS1_16__dyncast_resultE
                0x08003650      0x3c0 C:/CLionToolchains/gcc-arm-none-eabi-10.3-2021.10/bin/../lib/gcc/arm-none-eabi/13.3.1/thumb/v7e-m+fp/hard\libstdc++.a(vmi_class_type_info.o)
                0x08003650                __cxxabiv1::__vmi_class_type_info::__do_dyncast(int, __cxxabiv1::__class_type_info::__sub_kind, __cxxabiv1::__class_type_info const*, void const*, __cxxabiv1::__class_type_info const*, void const*, __cxxabiv1::__class_type_info::__dyncast_result&) const
 .text._ZNK10__cxxabiv121__vmi_class_type_info11__do_upcastEPKNS_17__class_type_infoEPKvRNS1_15__upcast_resultE
                0x08003a10      0x140 C:/CLionToolchains/gcc-arm-none-eabi-10.3-2021.10/bin/../lib/gcc/arm-none-eabi/13.3.1/thumb/v7e-m+fp/hard\libstdc++.a(vmi_class_type_info.o)
                0x08003a10                __cxxabiv1::__vmi_class_type_info::__do_upcast(__cxxabiv1::__class_type_info const*, void const*, __cxxabiv1::__class_type_info::__upcast_result&) const
 .text._ZdlPv   0x08003b50        0x4 C:/CLionToolchains/gcc-arm-none-eabi-10.3-2021.10/bin/../lib/gcc/arm-none-eabi/13.3.1/thumb/v7e-m+fp/hard\libstdc++.a(del_op.o)
                0x08003b50                operator delete(void*)
 .text.__udivmoddi4
                0x08003b54      0x2bc C:/CLionToolchains/gcc-arm-none-eabi-10.3-2021.10/bin/../lib/gcc/arm-none-eabi/13.3.1/thumb/v7e-m+fp/hard\libgcc.a(_udivmoddi4.o)
                0x08003b54                __udivmoddi4
 .text.selfrel_offset31
                0x08003e10       0x14 C:/CLionToolchains/gcc-arm-none-eabi-10.3-2021.10/bin/../lib/gcc/arm-none-eabi/13.3.1/thumb/v7e-m+fp/hard\libgcc.a(unwind-arm.o)
 .text.search_EIT_table
                0x08003e24       0x68 C:/CLionToolchains/gcc-arm-none-eabi-10.3-2021.10/bin/../lib/gcc/arm-none-eabi/13.3.1/thumb/v7e-m+fp/hard\libgcc.a(unwind-arm.o)
 .text.__gnu_unwind_get_pr_addr
                0x08003e8c       0x28 C:/CLionToolchains/gcc-arm-none-eabi-10.3-2021.10/bin/../lib/gcc/arm-none-eabi/13.3.1/thumb/v7e-m+fp/hard\libgcc.a(unwind-arm.o)
 .text.get_eit_entry
                0x08003eb4       0x98 C:/CLionToolchains/gcc-arm-none-eabi-10.3-2021.10/bin/../lib/gcc/arm-none-eabi/13.3.1/thumb/v7e-m+fp/hard\libgcc.a(unwind-arm.o)
 .text.restore_non_core_regs
                0x08003f4c       0x58 C:/CLionToolchains/gcc-arm-none-eabi-10.3-2021.10/bin/../lib/gcc/arm-none-eabi/13.3.1/thumb/v7e-m+fp/hard\libgcc.a(unwind-arm.o)
 .text._Unwind_decode_typeinfo_ptr.constprop.0
                0x08003fa4        0xc C:/CLionToolchains/gcc-arm-none-eabi-10.3-2021.10/bin/../lib/gcc/arm-none-eabi/13.3.1/thumb/v7e-m+fp/hard\libgcc.a(unwind-arm.o)
 .text._Unwind_DebugHook
                0x08003fb0        0x4 C:/CLionToolchains/gcc-arm-none-eabi-10.3-2021.10/bin/../lib/gcc/arm-none-eabi/13.3.1/thumb/v7e-m+fp/hard\libgcc.a(unwind-arm.o)
 .text.unwind_phase2
                0x08003fb4       0x3c C:/CLionToolchains/gcc-arm-none-eabi-10.3-2021.10/bin/../lib/gcc/arm-none-eabi/13.3.1/thumb/v7e-m+fp/hard\libgcc.a(unwind-arm.o)
 .text.unwind_phase2_forced
                0x08003ff0       0xd8 C:/CLionToolchains/gcc-arm-none-eabi-10.3-2021.10/bin/../lib/gcc/arm-none-eabi/13.3.1/thumb/v7e-m+fp/hard\libgcc.a(unwind-arm.o)
 .text.__gnu_Unwind_RaiseException
                0x080040c8       0x68 C:/CLionToolchains/gcc-arm-none-eabi-10.3-2021.10/bin/../lib/gcc/arm-none-eabi/13.3.1/thumb/v7e-m+fp/hard\libgcc.a(unwind-arm.o)
                0x080040c8                __gnu_Unwind_RaiseException
 .text.__gnu_Unwind_ForcedUnwind
                0x08004130       0x10 C:/CLionToolchains/gcc-arm-none-eabi-10.3-2021.10/bin/../lib/gcc/arm-none-eabi/13.3.1/thumb/v7e-m+fp/hard\libgcc.a(unwind-arm.o)
                0x08004130                __gnu_Unwind_ForcedUnwind
 .text.__gnu_Unwind_Resume
                0x08004140       0x44 C:/CLionToolchains/gcc-arm-none-eabi-10.3-2021.10/bin/../lib/gcc/arm-none-eabi/13.3.1/thumb/v7e-m+fp/hard\libgcc.a(unwind-arm.o)
                0x08004140                __gnu_Unwind_Resume
 .text.__gnu_Unwind_Resume_or_Rethrow
                0x08004184       0x14 C:/CLionToolchains/gcc-arm-none-eabi-10.3-2021.10/bin/../lib/gcc/arm-none-eabi/13.3.1/thumb/v7e-m+fp/hard\libgcc.a(unwind-arm.o)
                0x08004184                __gnu_Unwind_Resume_or_Rethrow
 .text._Unwind_VRS_Get
                0x08004198       0x34 C:/CLionToolchains/gcc-arm-none-eabi-10.3-2021.10/bin/../lib/gcc/arm-none-eabi/13.3.1/thumb/v7e-m+fp/hard\libgcc.a(unwind-arm.o)
                0x08004198                _Unwind_VRS_Get
 .text._Unwind_GetGR
                0x080041cc       0x1c C:/CLionToolchains/gcc-arm-none-eabi-10.3-2021.10/bin/../lib/gcc/arm-none-eabi/13.3.1/thumb/v7e-m+fp/hard\libgcc.a(unwind-arm.o)
 .text._Unwind_VRS_Set
                0x080041e8       0x34 C:/CLionToolchains/gcc-arm-none-eabi-10.3-2021.10/bin/../lib/gcc/arm-none-eabi/13.3.1/thumb/v7e-m+fp/hard\libgcc.a(unwind-arm.o)
                0x080041e8                _Unwind_VRS_Set
 .text._Unwind_SetGR
                0x0800421c       0x18 C:/CLionToolchains/gcc-arm-none-eabi-10.3-2021.10/bin/../lib/gcc/arm-none-eabi/13.3.1/thumb/v7e-m+fp/hard\libgcc.a(unwind-arm.o)
 .text.__gnu_Unwind_Backtrace
                0x08004234       0x84 C:/CLionToolchains/gcc-arm-none-eabi-10.3-2021.10/bin/../lib/gcc/arm-none-eabi/13.3.1/thumb/v7e-m+fp/hard\libgcc.a(unwind-arm.o)
                0x08004234                __gnu_Unwind_Backtrace
 .text.__gnu_unwind_pr_common
                0x080042b8      0x2a4 C:/CLionToolchains/gcc-arm-none-eabi-10.3-2021.10/bin/../lib/gcc/arm-none-eabi/13.3.1/thumb/v7e-m+fp/hard\libgcc.a(unwind-arm.o)
 .text.__aeabi_unwind_cpp_pr0
                0x0800455c        0x8 C:/CLionToolchains/gcc-arm-none-eabi-10.3-2021.10/bin/../lib/gcc/arm-none-eabi/13.3.1/thumb/v7e-m+fp/hard\libgcc.a(unwind-arm.o)
                0x0800455c                __aeabi_unwind_cpp_pr0
 .text.__aeabi_unwind_cpp_pr1
                0x08004564        0x8 C:/CLionToolchains/gcc-arm-none-eabi-10.3-2021.10/bin/../lib/gcc/arm-none-eabi/13.3.1/thumb/v7e-m+fp/hard\libgcc.a(unwind-arm.o)
                0x08004564                __aeabi_unwind_cpp_pr1
 .text.__aeabi_unwind_cpp_pr2
                0x0800456c        0x8 C:/CLionToolchains/gcc-arm-none-eabi-10.3-2021.10/bin/../lib/gcc/arm-none-eabi/13.3.1/thumb/v7e-m+fp/hard\libgcc.a(unwind-arm.o)
                0x0800456c                __aeabi_unwind_cpp_pr2
 .text._Unwind_VRS_Pop
                0x08004574      0x2f0 C:/CLionToolchains/gcc-arm-none-eabi-10.3-2021.10/bin/../lib/gcc/arm-none-eabi/13.3.1/thumb/v7e-m+fp/hard\libgcc.a(unwind-arm.o)
                0x08004574                _Unwind_VRS_Pop
 .text.next_unwind_byte
                0x08004864       0x38 C:/CLionToolchains/gcc-arm-none-eabi-10.3-2021.10/bin/../lib/gcc/arm-none-eabi/13.3.1/thumb/v7e-m+fp/hard\libgcc.a(pr-support.o)
 .text.__gnu_unwind_execute
                0x0800489c      0x2fc C:/CLionToolchains/gcc-arm-none-eabi-10.3-2021.10/bin/../lib/gcc/arm-none-eabi/13.3.1/thumb/v7e-m+fp/hard\libgcc.a(pr-support.o)
                0x0800489c                __gnu_unwind_execute
 .text.abort    0x08004b98       0x10 C:/CLionToolchains/gcc-arm-none-eabi-10.3-2021.10/bin/../lib/gcc/arm-none-eabi/13.3.1/thumb/v7e-m+fp/hard\libg.a(libc_a-abort.o)
                0x08004b98                abort
 .text.free     0x08004ba8       0x10 C:/CLionToolchains/gcc-arm-none-eabi-10.3-2021.10/bin/../lib/gcc/arm-none-eabi/13.3.1/thumb/v7e-m+fp/hard\libg.a(libc_a-malloc.o)
                0x08004ba8                free
 .text.__malloc_lock
                0x08004bb8        0xc C:/CLionToolchains/gcc-arm-none-eabi-10.3-2021.10/bin/../lib/gcc/arm-none-eabi/13.3.1/thumb/v7e-m+fp/hard\libg.a(libc_a-mlock.o)
                0x08004bb8                __malloc_lock
 .text.__malloc_unlock
                0x08004bc4        0xc C:/CLionToolchains/gcc-arm-none-eabi-10.3-2021.10/bin/../lib/gcc/arm-none-eabi/13.3.1/thumb/v7e-m+fp/hard\libg.a(libc_a-mlock.o)
                0x08004bc4                __malloc_unlock
 .text.__cxa_atexit
                0x08004bd0        0xc C:/CLionToolchains/gcc-arm-none-eabi-10.3-2021.10/bin/../lib/gcc/arm-none-eabi/13.3.1/thumb/v7e-m+fp/hard\libg.a(libc_a-cxa_atexit.o)
                0x08004bd0                __cxa_atexit
 .text.memset   0x08004bdc       0xa4 C:/CLionToolchains/gcc-arm-none-eabi-10.3-2021.10/bin/../lib/gcc/arm-none-eabi/13.3.1/thumb/v7e-m+fp/hard\libg.a(libc_a-memset.o)
                0x08004bdc                memset
 .text.raise    0x08004c80       0x58 C:/CLionToolchains/gcc-arm-none-eabi-10.3-2021.10/bin/../lib/gcc/arm-none-eabi/13.3.1/thumb/v7e-m+fp/hard\libg.a(libc_a-signal.o)
                0x08004c80                raise
 .text._kill_r  0x08004cd8       0x2c C:/CLionToolchains/gcc-arm-none-eabi-10.3-2021.10/bin/../lib/gcc/arm-none-eabi/13.3.1/thumb/v7e-m+fp/hard\libg.a(libc_a-signalr.o)
                0x08004cd8                _kill_r
 .text._getpid_r
                0x08004d04        0x4 C:/CLionToolchains/gcc-arm-none-eabi-10.3-2021.10/bin/../lib/gcc/arm-none-eabi/13.3.1/thumb/v7e-m+fp/hard\libg.a(libc_a-signalr.o)
                0x08004d04                _getpid_r
 .text._sbrk_r  0x08004d08       0x24 C:/CLionToolchains/gcc-arm-none-eabi-10.3-2021.10/bin/../lib/gcc/arm-none-eabi/13.3.1/thumb/v7e-m+fp/hard\libg.a(libc_a-sbrkr.o)
                0x08004d08                _sbrk_r
 .text.__errno  0x08004d2c        0xc C:/CLionToolchains/gcc-arm-none-eabi-10.3-2021.10/bin/../lib/gcc/arm-none-eabi/13.3.1/thumb/v7e-m+fp/hard\libg.a(libc_a-errno.o)
                0x08004d2c                __errno
 .text.__libc_init_array
                0x08004d38       0x50 C:/CLionToolchains/gcc-arm-none-eabi-10.3-2021.10/bin/../lib/gcc/arm-none-eabi/13.3.1/thumb/v7e-m+fp/hard\libg.a(libc_a-init.o)
                0x08004d38                __libc_init_array
 .text.__retarget_lock_acquire_recursive
                0x08004d88        0x4 C:/CLionToolchains/gcc-arm-none-eabi-10.3-2021.10/bin/../lib/gcc/arm-none-eabi/13.3.1/thumb/v7e-m+fp/hard\libg.a(libc_a-lock.o)
                0x08004d88                __retarget_lock_acquire_recursive
 .text.__retarget_lock_release_recursive
                0x08004d8c        0x4 C:/CLionToolchains/gcc-arm-none-eabi-10.3-2021.10/bin/../lib/gcc/arm-none-eabi/13.3.1/thumb/v7e-m+fp/hard\libg.a(libc_a-lock.o)
                0x08004d8c                __retarget_lock_release_recursive
 .text.sysconf  0x08004d90       0x1c C:/CLionToolchains/gcc-arm-none-eabi-10.3-2021.10/bin/../lib/gcc/arm-none-eabi/13.3.1/thumb/v7e-m+fp/hard\libg.a(libc_a-sysconf.o)
                0x08004d90                sysconf
 .text.__register_exitproc
                0x08004dac       0x80 C:/CLionToolchains/gcc-arm-none-eabi-10.3-2021.10/bin/../lib/gcc/arm-none-eabi/13.3.1/thumb/v7e-m+fp/hard\libg.a(libc_a-__atexit.o)
                0x08004dac                __register_exitproc
 .text.startup.register_fini
                0x08004e2c       0x14 C:/CLionToolchains/gcc-arm-none-eabi-10.3-2021.10/bin/../lib/gcc/arm-none-eabi/13.3.1/thumb/v7e-m+fp/hard\libg.a(libc_a-__call_atexit.o)
 .text.atexit   0x08004e40        0xc C:/CLionToolchains/gcc-arm-none-eabi-10.3-2021.10/bin/../lib/gcc/arm-none-eabi/13.3.1/thumb/v7e-m+fp/hard\libg.a(libc_a-atexit.o)
                0x08004e40                atexit
 .text._malloc_trim_r
                0x08004e4c       0xb8 C:/CLionToolchains/gcc-arm-none-eabi-10.3-2021.10/bin/../lib/gcc/arm-none-eabi/13.3.1/thumb/v7e-m+fp/hard\libg.a(libc_a-freer.o)
                0x08004e4c                _malloc_trim_r
 .text._free_r  0x08004f04      0x1f8 C:/CLionToolchains/gcc-arm-none-eabi-10.3-2021.10/bin/../lib/gcc/arm-none-eabi/13.3.1/thumb/v7e-m+fp/hard\libg.a(libc_a-freer.o)
                0x08004f04                _free_r
 .text.__libc_fini_array
                0x080050fc       0x28 C:/CLionToolchains/gcc-arm-none-eabi-10.3-2021.10/bin/../lib/gcc/arm-none-eabi/13.3.1/thumb/v7e-m+fp/hard\libg.a(libc_a-fini.o)
                0x080050fc                __libc_fini_array
 *(.glue_7)
 .glue_7        0x08005124        0x0 linker stubs
 *(.glue_7t)
 .glue_7t       0x08005124        0x0 linker stubs
 *(.eh_frame)
 .eh_frame      0x08005124        0x0 C:/CLionToolchains/gcc-arm-none-eabi-10.3-2021.10/bin/../lib/gcc/arm-none-eabi/13.3.1/thumb/v7e-m+fp/hard/crtbegin.o
 *(.init)
 .init          0x08005124        0x4 C:/CLionToolchains/gcc-arm-none-eabi-10.3-2021.10/bin/../lib/gcc/arm-none-eabi/13.3.1/thumb/v7e-m+fp/hard/crti.o
                0x08005124                _init
 .init          0x08005128        0x8 C:/CLionToolchains/gcc-arm-none-eabi-10.3-2021.10/bin/../lib/gcc/arm-none-eabi/13.3.1/thumb/v7e-m+fp/hard/crtn.o
 *(.fini)
 .fini          0x08005130        0x4 C:/CLionToolchains/gcc-arm-none-eabi-10.3-2021.10/bin/../lib/gcc/arm-none-eabi/13.3.1/thumb/v7e-m+fp/hard/crti.o
                0x08005130                _fini
 .fini          0x08005134        0x8 C:/CLionToolchains/gcc-arm-none-eabi-10.3-2021.10/bin/../lib/gcc/arm-none-eabi/13.3.1/thumb/v7e-m+fp/hard/crtn.o
                0x0800513c                        . = ALIGN (0x4)
                0x0800513c                        _etext = .

.vfp11_veneer   0x0800513c        0x0
 .vfp11_veneer  0x0800513c        0x0 linker stubs

.v4_bx          0x0800513c        0x0
 .v4_bx         0x0800513c        0x0 linker stubs

.iplt           0x0800513c        0x0
 .iplt          0x0800513c        0x0 C:/CLionToolchains/gcc-arm-none-eabi-10.3-2021.10/bin/../lib/gcc/arm-none-eabi/13.3.1/thumb/v7e-m+fp/hard/crtbegin.o

.rodata         0x0800513c      0x1e0
                0x0800513c                        . = ALIGN (0x4)
 *(.rodata)
 .rodata        0x0800513c       0x1c CMakeFiles/DM4310.elf.dir/Core/Src/freertos.c.obj
 *(.rodata*)
 .rodata.str1.4
                0x08005158        0xd CMakeFiles/DM4310.elf.dir/Core/Src/freertos.c.obj
                                  0x8 (size before relaxing)
 *fill*         0x08005165        0x3 
 .rodata.APBPrescTable
                0x08005168        0x8 CMakeFiles/DM4310.elf.dir/Core/Src/system_stm32f4xx.c.obj
                0x08005168                APBPrescTable
 .rodata.AHBPrescTable
                0x08005170       0x10 CMakeFiles/DM4310.elf.dir/Core/Src/system_stm32f4xx.c.obj
                0x08005170                AHBPrescTable
 .rodata.vTaskStartScheduler.str1.4
                0x08005180        0x5 CMakeFiles/DM4310.elf.dir/Middlewares/Third_Party/FreeRTOS/Source/tasks.c.obj
 .rodata._ZTS5Motor
                0x08005180        0x7 CMakeFiles/DM4310.elf.dir/User/motor.cpp.obj
                0x08005180                typeinfo name for Motor
 *fill*         0x08005187        0x1 
 .rodata._ZTI5Motor
                0x08005188        0x8 CMakeFiles/DM4310.elf.dir/User/motor.cpp.obj
                0x08005188                typeinfo for Motor
 .rodata._ZTV5Motor
                0x08005190       0x1c CMakeFiles/DM4310.elf.dir/User/motor.cpp.obj
                0x08005190                vtable for Motor
 .rodata._ZTS6DM4310
                0x080051ac        0x8 CMakeFiles/DM4310.elf.dir/User/motor_dm.cpp.obj
                0x080051ac                typeinfo name for DM4310
 .rodata._ZTI6DM4310
                0x080051b4       0x18 CMakeFiles/DM4310.elf.dir/User/motor_dm.cpp.obj
                0x080051b4                typeinfo for DM4310
 .rodata._ZTV6DM4310
                0x080051cc       0x1c CMakeFiles/DM4310.elf.dir/User/motor_dm.cpp.obj
                0x080051cc                vtable for DM4310
 .rodata._ZTSN10__cxxabiv117__class_type_infoE
                0x080051e8       0x22 C:/CLionToolchains/gcc-arm-none-eabi-10.3-2021.10/bin/../lib/gcc/arm-none-eabi/13.3.1/thumb/v7e-m+fp/hard\libstdc++.a(class_type_info.o)
                0x080051e8                typeinfo name for __cxxabiv1::__class_type_info
 *fill*         0x0800520a        0x2 
 .rodata._ZTIN10__cxxabiv117__class_type_infoE
                0x0800520c        0xc C:/CLionToolchains/gcc-arm-none-eabi-10.3-2021.10/bin/../lib/gcc/arm-none-eabi/13.3.1/thumb/v7e-m+fp/hard\libstdc++.a(class_type_info.o)
                0x0800520c                typeinfo for __cxxabiv1::__class_type_info
 .rodata._ZTVN10__cxxabiv117__class_type_infoE
                0x08005218       0x2c C:/CLionToolchains/gcc-arm-none-eabi-10.3-2021.10/bin/../lib/gcc/arm-none-eabi/13.3.1/thumb/v7e-m+fp/hard\libstdc++.a(class_type_info.o)
                0x08005218                vtable for __cxxabiv1::__class_type_info
 .rodata._ZTSN10__cxxabiv120__si_class_type_infoE
                0x08005244       0x25 C:/CLionToolchains/gcc-arm-none-eabi-10.3-2021.10/bin/../lib/gcc/arm-none-eabi/13.3.1/thumb/v7e-m+fp/hard\libstdc++.a(si_class_type_info.o)
                0x08005244                typeinfo name for __cxxabiv1::__si_class_type_info
 *fill*         0x08005269        0x3 
 .rodata._ZTIN10__cxxabiv120__si_class_type_infoE
                0x0800526c        0xc C:/CLionToolchains/gcc-arm-none-eabi-10.3-2021.10/bin/../lib/gcc/arm-none-eabi/13.3.1/thumb/v7e-m+fp/hard\libstdc++.a(si_class_type_info.o)
                0x0800526c                typeinfo for __cxxabiv1::__si_class_type_info
 .rodata._ZTVN10__cxxabiv120__si_class_type_infoE
                0x08005278       0x2c C:/CLionToolchains/gcc-arm-none-eabi-10.3-2021.10/bin/../lib/gcc/arm-none-eabi/13.3.1/thumb/v7e-m+fp/hard\libstdc++.a(si_class_type_info.o)
                0x08005278                vtable for __cxxabiv1::__si_class_type_info
 .rodata._ZTSSt9type_info
                0x080052a4        0xd C:/CLionToolchains/gcc-arm-none-eabi-10.3-2021.10/bin/../lib/gcc/arm-none-eabi/13.3.1/thumb/v7e-m+fp/hard\libstdc++.a(tinfo.o)
                0x080052a4                typeinfo name for std::type_info
 *fill*         0x080052b1        0x3 
 .rodata._ZTISt9type_info
                0x080052b4        0x8 C:/CLionToolchains/gcc-arm-none-eabi-10.3-2021.10/bin/../lib/gcc/arm-none-eabi/13.3.1/thumb/v7e-m+fp/hard\libstdc++.a(tinfo.o)
                0x080052b4                typeinfo for std::type_info
 .rodata._ZTSN10__cxxabiv121__vmi_class_type_infoE
                0x080052bc       0x26 C:/CLionToolchains/gcc-arm-none-eabi-10.3-2021.10/bin/../lib/gcc/arm-none-eabi/13.3.1/thumb/v7e-m+fp/hard\libstdc++.a(vmi_class_type_info.o)
                0x080052bc                typeinfo name for __cxxabiv1::__vmi_class_type_info
 *fill*         0x080052e2        0x2 
 .rodata._ZTIN10__cxxabiv121__vmi_class_type_infoE
                0x080052e4        0xc C:/CLionToolchains/gcc-arm-none-eabi-10.3-2021.10/bin/../lib/gcc/arm-none-eabi/13.3.1/thumb/v7e-m+fp/hard\libstdc++.a(vmi_class_type_info.o)
                0x080052e4                typeinfo for __cxxabiv1::__vmi_class_type_info
 .rodata._ZTVN10__cxxabiv121__vmi_class_type_infoE
                0x080052f0       0x2c C:/CLionToolchains/gcc-arm-none-eabi-10.3-2021.10/bin/../lib/gcc/arm-none-eabi/13.3.1/thumb/v7e-m+fp/hard\libstdc++.a(vmi_class_type_info.o)
                0x080052f0                vtable for __cxxabiv1::__vmi_class_type_info
                0x0800531c                        . = ALIGN (0x4)

.ARM.extab      0x0800531c       0x18
                0x0800531c                        . = ALIGN (0x4)
 *(.ARM.extab* .gnu.linkonce.armextab.*)
 .ARM.extab.text._ZN6DM4310D2Ev
                0x0800531c        0x0 CMakeFiles/DM4310.elf.dir/User/motor_dm.cpp.obj
 .ARM.extab.text._ZN6DM4310D0Ev
                0x0800531c        0x0 CMakeFiles/DM4310.elf.dir/User/motor_dm.cpp.obj
 .ARM.extab.text._ZN6DM43109Set_AngleEff
                0x0800531c        0xc CMakeFiles/DM4310.elf.dir/User/motor_dm.cpp.obj
 .ARM.extab.text._ZN6DM43109Set_SpeedEf
                0x08005328        0xc CMakeFiles/DM4310.elf.dir/User/motor_dm.cpp.obj
 .ARM.extab.text._Z15CAN_Filter_Initv
                0x08005334        0x0 CMakeFiles/DM4310.elf.dir/User/task_cpp.cpp.obj
                0x08005334                        . = ALIGN (0x4)

.ARM            0x08005334      0x120
                0x08005334                        . = ALIGN (0x4)
                0x08005334                        __exidx_start = .
 *(.ARM.exidx*)
 .ARM.exidx     0x08005334        0x8 C:/CLionToolchains/gcc-arm-none-eabi-10.3-2021.10/bin/../lib/gcc/arm-none-eabi/13.3.1/thumb/v7e-m+fp/hard\libg.a(libc_a-strcmp.o)
 .ARM.exidx     0x0800533c        0x0 C:/CLionToolchains/gcc-arm-none-eabi-10.3-2021.10/bin/../lib/gcc/arm-none-eabi/13.3.1/thumb/v7e-m+fp/hard\libg.a(libc_a-memcpy.o)
                                  0x8 (size before relaxing)
 .ARM.exidx.text._ZN5MotorC2Ev
                0x0800533c        0x0 CMakeFiles/DM4310.elf.dir/User/motor.cpp.obj
                                  0x8 (size before relaxing)
 .ARM.exidx.text._ZN5MotorD2Ev
                0x0800533c        0x0 CMakeFiles/DM4310.elf.dir/User/motor.cpp.obj
                                  0x8 (size before relaxing)
 .ARM.exidx.text._ZN6DM431010Pid_UpdateEv
                0x0800533c        0x0 CMakeFiles/DM4310.elf.dir/User/motor_dm.cpp.obj
                                  0x8 (size before relaxing)
 .ARM.exidx.text._ZN6DM4310D2Ev
                0x0800533c        0x0 CMakeFiles/DM4310.elf.dir/User/motor_dm.cpp.obj
                                  0x8 (size before relaxing)
 .ARM.exidx.text._ZN6DM4310D0Ev
                0x0800533c        0x0 CMakeFiles/DM4310.elf.dir/User/motor_dm.cpp.obj
                                  0x8 (size before relaxing)
 .ARM.exidx.text._ZN6DM4310C2E13Motor_DM_ModeP17CAN_HandleTypeDefhh8Pid_Type
                0x0800533c        0x8 CMakeFiles/DM4310.elf.dir/User/motor_dm.cpp.obj
 .ARM.exidx.text._ZNK6DM431016MIT_Ctl_Msg_SendEfffff
                0x08005344        0x8 CMakeFiles/DM4310.elf.dir/User/motor_dm.cpp.obj
 .ARM.exidx.text._ZN6DM43109Set_AngleEff
                0x0800534c        0x8 CMakeFiles/DM4310.elf.dir/User/motor_dm.cpp.obj
 .ARM.exidx.text._ZN6DM43109Set_SpeedEf
                0x08005354        0x8 CMakeFiles/DM4310.elf.dir/User/motor_dm.cpp.obj
 .ARM.exidx.text._ZN6DM431018Deserialize_StatusEPKh
                0x0800535c        0x8 CMakeFiles/DM4310.elf.dir/User/motor_dm.cpp.obj
 .ARM.exidx.text._ZNK6DM43106EnableEv
                0x08005364        0x8 CMakeFiles/DM4310.elf.dir/User/motor_dm.cpp.obj
 .ARM.exidx.text._ZN6DM431010Set_Can_IDEh
                0x0800536c        0x8 CMakeFiles/DM4310.elf.dir/User/motor_dm.cpp.obj
 .ARM.exidx.text._ZN6DM431013Set_Master_IDEh
                0x08005374        0x0 CMakeFiles/DM4310.elf.dir/User/motor_dm.cpp.obj
                                  0x8 (size before relaxing)
 .ARM.exidx.text._ZN6DM431012Set_CTL_ModeE13Motor_DM_Mode
                0x08005374        0x0 CMakeFiles/DM4310.elf.dir/User/motor_dm.cpp.obj
                                  0x8 (size before relaxing)
 .ARM.exidx.text._ZN6DM43108Bind_CANEP17CAN_HandleTypeDef
                0x08005374        0x0 CMakeFiles/DM4310.elf.dir/User/motor_dm.cpp.obj
                                  0x8 (size before relaxing)
 .ARM.exidx.text._Z41__static_initialization_and_destruction_0v
                0x08005374        0x0 CMakeFiles/DM4310.elf.dir/User/task_cpp.cpp.obj
                                  0x8 (size before relaxing)
 .ARM.exidx.text._Z15CAN_Filter_Initv
                0x08005374        0x8 CMakeFiles/DM4310.elf.dir/User/task_cpp.cpp.obj
 .ARM.exidx.text.HAL_CAN_RxFifo0MsgPendingCallback
                0x0800537c        0x8 CMakeFiles/DM4310.elf.dir/User/task_cpp.cpp.obj
 .ARM.exidx.text.dm_task
                0x08005384        0x8 CMakeFiles/DM4310.elf.dir/User/task_cpp.cpp.obj
 .ARM.exidx.text._GLOBAL__sub_I_HAL_CAN_RxFifo0MsgPendingCallback
                0x0800538c        0x8 CMakeFiles/DM4310.elf.dir/User/task_cpp.cpp.obj
 .ARM.exidx.text.__aeabi_atexit
                0x08005394        0x0 C:/CLionToolchains/gcc-arm-none-eabi-10.3-2021.10/bin/../lib/gcc/arm-none-eabi/13.3.1/thumb/v7e-m+fp/hard\libstdc++.a(atexit_arm.o)
                                  0x8 (size before relaxing)
 .ARM.exidx.text._ZNK10__cxxabiv117__class_type_info11__do_upcastEPKS0_PPv
                0x08005394        0x8 C:/CLionToolchains/gcc-arm-none-eabi-10.3-2021.10/bin/../lib/gcc/arm-none-eabi/13.3.1/thumb/v7e-m+fp/hard\libstdc++.a(class_type_info.o)
 .ARM.exidx.text._ZNK10__cxxabiv117__class_type_info20__do_find_public_srcEiPKvPKS0_S2_
                0x0800539c        0x8 C:/CLionToolchains/gcc-arm-none-eabi-10.3-2021.10/bin/../lib/gcc/arm-none-eabi/13.3.1/thumb/v7e-m+fp/hard\libstdc++.a(class_type_info.o)
 .ARM.exidx.text._ZN10__cxxabiv117__class_type_infoD2Ev
                0x080053a4        0x0 C:/CLionToolchains/gcc-arm-none-eabi-10.3-2021.10/bin/../lib/gcc/arm-none-eabi/13.3.1/thumb/v7e-m+fp/hard\libstdc++.a(class_type_info.o)
                                  0x8 (size before relaxing)
 .ARM.exidx.text._ZN10__cxxabiv117__class_type_infoD0Ev
                0x080053a4        0x0 C:/CLionToolchains/gcc-arm-none-eabi-10.3-2021.10/bin/../lib/gcc/arm-none-eabi/13.3.1/thumb/v7e-m+fp/hard\libstdc++.a(class_type_info.o)
                                  0x8 (size before relaxing)
 .ARM.exidx.text._ZNK10__cxxabiv117__class_type_info12__do_dyncastEiNS0_10__sub_kindEPKS0_PKvS3_S5_RNS0_16__dyncast_resultE
                0x080053a4        0x0 C:/CLionToolchains/gcc-arm-none-eabi-10.3-2021.10/bin/../lib/gcc/arm-none-eabi/13.3.1/thumb/v7e-m+fp/hard\libstdc++.a(class_type_info.o)
                                  0x8 (size before relaxing)
 .ARM.exidx.text._ZNK10__cxxabiv117__class_type_info11__do_upcastEPKS0_PKvRNS0_15__upcast_resultE
                0x080053a4        0x0 C:/CLionToolchains/gcc-arm-none-eabi-10.3-2021.10/bin/../lib/gcc/arm-none-eabi/13.3.1/thumb/v7e-m+fp/hard\libstdc++.a(class_type_info.o)
                                  0x8 (size before relaxing)
 .ARM.exidx.text._ZNK10__cxxabiv117__class_type_info10__do_catchEPKSt9type_infoPPvj
                0x080053a4        0x0 C:/CLionToolchains/gcc-arm-none-eabi-10.3-2021.10/bin/../lib/gcc/arm-none-eabi/13.3.1/thumb/v7e-m+fp/hard\libstdc++.a(class_type_info.o)
                                  0x8 (size before relaxing)
 .ARM.exidx.text._ZdlPvj
                0x080053a4        0x0 C:/CLionToolchains/gcc-arm-none-eabi-10.3-2021.10/bin/../lib/gcc/arm-none-eabi/13.3.1/thumb/v7e-m+fp/hard\libstdc++.a(del_ops.o)
                                  0x8 (size before relaxing)
 .ARM.exidx.text._ZN10__cxxabiv120__si_class_type_infoD2Ev
                0x080053a4        0x0 C:/CLionToolchains/gcc-arm-none-eabi-10.3-2021.10/bin/../lib/gcc/arm-none-eabi/13.3.1/thumb/v7e-m+fp/hard\libstdc++.a(si_class_type_info.o)
                                  0x8 (size before relaxing)
 .ARM.exidx.text._ZN10__cxxabiv120__si_class_type_infoD0Ev
                0x080053a4        0x0 C:/CLionToolchains/gcc-arm-none-eabi-10.3-2021.10/bin/../lib/gcc/arm-none-eabi/13.3.1/thumb/v7e-m+fp/hard\libstdc++.a(si_class_type_info.o)
                                  0x8 (size before relaxing)
 .ARM.exidx.text._ZNK10__cxxabiv120__si_class_type_info20__do_find_public_srcEiPKvPKNS_17__class_type_infoES2_
                0x080053a4        0x0 C:/CLionToolchains/gcc-arm-none-eabi-10.3-2021.10/bin/../lib/gcc/arm-none-eabi/13.3.1/thumb/v7e-m+fp/hard\libstdc++.a(si_class_type_info.o)
                                  0x8 (size before relaxing)
 .ARM.exidx.text._ZNK10__cxxabiv120__si_class_type_info12__do_dyncastEiNS_17__class_type_info10__sub_kindEPKS1_PKvS4_S6_RNS1_16__dyncast_resultE
                0x080053a4        0x0 C:/CLionToolchains/gcc-arm-none-eabi-10.3-2021.10/bin/../lib/gcc/arm-none-eabi/13.3.1/thumb/v7e-m+fp/hard\libstdc++.a(si_class_type_info.o)
                                  0x8 (size before relaxing)
 .ARM.exidx.text._ZNK10__cxxabiv120__si_class_type_info11__do_upcastEPKNS_17__class_type_infoEPKvRNS1_15__upcast_resultE
                0x080053a4        0x8 C:/CLionToolchains/gcc-arm-none-eabi-10.3-2021.10/bin/../lib/gcc/arm-none-eabi/13.3.1/thumb/v7e-m+fp/hard\libstdc++.a(si_class_type_info.o)
 .ARM.exidx.text._ZNSt9type_infoD2Ev
                0x080053ac        0x8 C:/CLionToolchains/gcc-arm-none-eabi-10.3-2021.10/bin/../lib/gcc/arm-none-eabi/13.3.1/thumb/v7e-m+fp/hard\libstdc++.a(tinfo.o)
 .ARM.exidx.text._ZNKSt9type_info14__is_pointer_pEv
                0x080053b4        0x0 C:/CLionToolchains/gcc-arm-none-eabi-10.3-2021.10/bin/../lib/gcc/arm-none-eabi/13.3.1/thumb/v7e-m+fp/hard\libstdc++.a(tinfo.o)
                                  0x8 (size before relaxing)
 .ARM.exidx.text._ZNKSt9type_infoeqERKS_
                0x080053b4        0x0 C:/CLionToolchains/gcc-arm-none-eabi-10.3-2021.10/bin/../lib/gcc/arm-none-eabi/13.3.1/thumb/v7e-m+fp/hard\libstdc++.a(tinfo.o)
                                  0x8 (size before relaxing)
 .ARM.exidx.text._ZN10__cxxabiv121__vmi_class_type_infoD2Ev
                0x080053b4        0x0 C:/CLionToolchains/gcc-arm-none-eabi-10.3-2021.10/bin/../lib/gcc/arm-none-eabi/13.3.1/thumb/v7e-m+fp/hard\libstdc++.a(vmi_class_type_info.o)
                                  0x8 (size before relaxing)
 .ARM.exidx.text._ZN10__cxxabiv121__vmi_class_type_infoD0Ev
                0x080053b4        0x0 C:/CLionToolchains/gcc-arm-none-eabi-10.3-2021.10/bin/../lib/gcc/arm-none-eabi/13.3.1/thumb/v7e-m+fp/hard\libstdc++.a(vmi_class_type_info.o)
                                  0x8 (size before relaxing)
 .ARM.exidx.text._ZNK10__cxxabiv121__vmi_class_type_info20__do_find_public_srcEiPKvPKNS_17__class_type_infoES2_
                0x080053b4        0x8 C:/CLionToolchains/gcc-arm-none-eabi-10.3-2021.10/bin/../lib/gcc/arm-none-eabi/13.3.1/thumb/v7e-m+fp/hard\libstdc++.a(vmi_class_type_info.o)
 .ARM.exidx.text._ZNK10__cxxabiv121__vmi_class_type_info12__do_dyncastEiNS_17__class_type_info10__sub_kindEPKS1_PKvS4_S6_RNS1_16__dyncast_resultE
                0x080053bc        0x8 C:/CLionToolchains/gcc-arm-none-eabi-10.3-2021.10/bin/../lib/gcc/arm-none-eabi/13.3.1/thumb/v7e-m+fp/hard\libstdc++.a(vmi_class_type_info.o)
 .ARM.exidx.text._ZNK10__cxxabiv121__vmi_class_type_info11__do_upcastEPKNS_17__class_type_infoEPKvRNS1_15__upcast_resultE
                0x080053c4        0x8 C:/CLionToolchains/gcc-arm-none-eabi-10.3-2021.10/bin/../lib/gcc/arm-none-eabi/13.3.1/thumb/v7e-m+fp/hard\libstdc++.a(vmi_class_type_info.o)
 .ARM.exidx.text._ZdlPv
                0x080053cc        0x8 C:/CLionToolchains/gcc-arm-none-eabi-10.3-2021.10/bin/../lib/gcc/arm-none-eabi/13.3.1/thumb/v7e-m+fp/hard\libstdc++.a(del_op.o)
 .ARM.exidx.text.__udivmoddi4
                0x080053d4        0x0 C:/CLionToolchains/gcc-arm-none-eabi-10.3-2021.10/bin/../lib/gcc/arm-none-eabi/13.3.1/thumb/v7e-m+fp/hard\libgcc.a(_udivmoddi4.o)
                                  0x8 (size before relaxing)
 .ARM.exidx.text.selfrel_offset31
                0x080053d4        0x0 C:/CLionToolchains/gcc-arm-none-eabi-10.3-2021.10/bin/../lib/gcc/arm-none-eabi/13.3.1/thumb/v7e-m+fp/hard\libgcc.a(unwind-arm.o)
                                  0x8 (size before relaxing)
 .ARM.exidx.text.search_EIT_table
                0x080053d4        0x0 C:/CLionToolchains/gcc-arm-none-eabi-10.3-2021.10/bin/../lib/gcc/arm-none-eabi/13.3.1/thumb/v7e-m+fp/hard\libgcc.a(unwind-arm.o)
                                  0x8 (size before relaxing)
 .ARM.exidx.text.__gnu_unwind_get_pr_addr
                0x080053d4        0x0 C:/CLionToolchains/gcc-arm-none-eabi-10.3-2021.10/bin/../lib/gcc/arm-none-eabi/13.3.1/thumb/v7e-m+fp/hard\libgcc.a(unwind-arm.o)
                                  0x8 (size before relaxing)
 .ARM.exidx.text.get_eit_entry
                0x080053d4        0x8 C:/CLionToolchains/gcc-arm-none-eabi-10.3-2021.10/bin/../lib/gcc/arm-none-eabi/13.3.1/thumb/v7e-m+fp/hard\libgcc.a(unwind-arm.o)
 .ARM.exidx.text.restore_non_core_regs
                0x080053dc        0x8 C:/CLionToolchains/gcc-arm-none-eabi-10.3-2021.10/bin/../lib/gcc/arm-none-eabi/13.3.1/thumb/v7e-m+fp/hard\libgcc.a(unwind-arm.o)
 .ARM.exidx.text._Unwind_decode_typeinfo_ptr.constprop.0
                0x080053e4        0x8 C:/CLionToolchains/gcc-arm-none-eabi-10.3-2021.10/bin/../lib/gcc/arm-none-eabi/13.3.1/thumb/v7e-m+fp/hard\libgcc.a(unwind-arm.o)
 .ARM.exidx.text._Unwind_DebugHook
                0x080053ec        0x0 C:/CLionToolchains/gcc-arm-none-eabi-10.3-2021.10/bin/../lib/gcc/arm-none-eabi/13.3.1/thumb/v7e-m+fp/hard\libgcc.a(unwind-arm.o)
                                  0x8 (size before relaxing)
 .ARM.exidx.text.unwind_phase2
                0x080053ec        0x8 C:/CLionToolchains/gcc-arm-none-eabi-10.3-2021.10/bin/../lib/gcc/arm-none-eabi/13.3.1/thumb/v7e-m+fp/hard\libgcc.a(unwind-arm.o)
 .ARM.exidx.text.unwind_phase2_forced
                0x080053f4        0x8 C:/CLionToolchains/gcc-arm-none-eabi-10.3-2021.10/bin/../lib/gcc/arm-none-eabi/13.3.1/thumb/v7e-m+fp/hard\libgcc.a(unwind-arm.o)
 .ARM.exidx.text.__gnu_Unwind_RaiseException
                0x080053fc        0x8 C:/CLionToolchains/gcc-arm-none-eabi-10.3-2021.10/bin/../lib/gcc/arm-none-eabi/13.3.1/thumb/v7e-m+fp/hard\libgcc.a(unwind-arm.o)
 .ARM.exidx.text.__gnu_Unwind_ForcedUnwind
                0x08005404        0x8 C:/CLionToolchains/gcc-arm-none-eabi-10.3-2021.10/bin/../lib/gcc/arm-none-eabi/13.3.1/thumb/v7e-m+fp/hard\libgcc.a(unwind-arm.o)
 .ARM.exidx.text.__gnu_Unwind_Resume
                0x0800540c        0x8 C:/CLionToolchains/gcc-arm-none-eabi-10.3-2021.10/bin/../lib/gcc/arm-none-eabi/13.3.1/thumb/v7e-m+fp/hard\libgcc.a(unwind-arm.o)
 .ARM.exidx.text.__gnu_Unwind_Resume_or_Rethrow
                0x08005414        0x8 C:/CLionToolchains/gcc-arm-none-eabi-10.3-2021.10/bin/../lib/gcc/arm-none-eabi/13.3.1/thumb/v7e-m+fp/hard\libgcc.a(unwind-arm.o)
 .ARM.exidx.text._Unwind_VRS_Get
                0x0800541c        0x0 C:/CLionToolchains/gcc-arm-none-eabi-10.3-2021.10/bin/../lib/gcc/arm-none-eabi/13.3.1/thumb/v7e-m+fp/hard\libgcc.a(unwind-arm.o)
                                  0x8 (size before relaxing)
 .ARM.exidx.text._Unwind_GetGR
                0x0800541c        0x0 C:/CLionToolchains/gcc-arm-none-eabi-10.3-2021.10/bin/../lib/gcc/arm-none-eabi/13.3.1/thumb/v7e-m+fp/hard\libgcc.a(unwind-arm.o)
                                  0x8 (size before relaxing)
 .ARM.exidx.text._Unwind_VRS_Set
                0x0800541c        0x0 C:/CLionToolchains/gcc-arm-none-eabi-10.3-2021.10/bin/../lib/gcc/arm-none-eabi/13.3.1/thumb/v7e-m+fp/hard\libgcc.a(unwind-arm.o)
                                  0x8 (size before relaxing)
 .ARM.exidx.text._Unwind_SetGR
                0x0800541c        0x0 C:/CLionToolchains/gcc-arm-none-eabi-10.3-2021.10/bin/../lib/gcc/arm-none-eabi/13.3.1/thumb/v7e-m+fp/hard\libgcc.a(unwind-arm.o)
                                  0x8 (size before relaxing)
 .ARM.exidx.text.__gnu_Unwind_Backtrace
                0x0800541c        0x8 C:/CLionToolchains/gcc-arm-none-eabi-10.3-2021.10/bin/../lib/gcc/arm-none-eabi/13.3.1/thumb/v7e-m+fp/hard\libgcc.a(unwind-arm.o)
 .ARM.exidx.text.__gnu_unwind_pr_common
                0x08005424        0x8 C:/CLionToolchains/gcc-arm-none-eabi-10.3-2021.10/bin/../lib/gcc/arm-none-eabi/13.3.1/thumb/v7e-m+fp/hard\libgcc.a(unwind-arm.o)
 .ARM.exidx.text.__aeabi_unwind_cpp_pr0
                0x0800542c        0x8 C:/CLionToolchains/gcc-arm-none-eabi-10.3-2021.10/bin/../lib/gcc/arm-none-eabi/13.3.1/thumb/v7e-m+fp/hard\libgcc.a(unwind-arm.o)
 .ARM.exidx.text.__aeabi_unwind_cpp_pr1
                0x08005434        0x0 C:/CLionToolchains/gcc-arm-none-eabi-10.3-2021.10/bin/../lib/gcc/arm-none-eabi/13.3.1/thumb/v7e-m+fp/hard\libgcc.a(unwind-arm.o)
                                  0x8 (size before relaxing)
 .ARM.exidx.text.__aeabi_unwind_cpp_pr2
                0x08005434        0x0 C:/CLionToolchains/gcc-arm-none-eabi-10.3-2021.10/bin/../lib/gcc/arm-none-eabi/13.3.1/thumb/v7e-m+fp/hard\libgcc.a(unwind-arm.o)
                                  0x8 (size before relaxing)
 .ARM.exidx.text._Unwind_VRS_Pop
                0x08005434        0x8 C:/CLionToolchains/gcc-arm-none-eabi-10.3-2021.10/bin/../lib/gcc/arm-none-eabi/13.3.1/thumb/v7e-m+fp/hard\libgcc.a(unwind-arm.o)
 .ARM.exidx.text.next_unwind_byte
                0x0800543c        0x8 C:/CLionToolchains/gcc-arm-none-eabi-10.3-2021.10/bin/../lib/gcc/arm-none-eabi/13.3.1/thumb/v7e-m+fp/hard\libgcc.a(pr-support.o)
 .ARM.exidx.text.__gnu_unwind_execute
                0x08005444       0x10 C:/CLionToolchains/gcc-arm-none-eabi-10.3-2021.10/bin/../lib/gcc/arm-none-eabi/13.3.1/thumb/v7e-m+fp/hard\libgcc.a(pr-support.o)
                                  0x8 (size before relaxing)
                0x08005454                        __exidx_end = .
                0x08005454                        . = ALIGN (0x4)

.preinit_array  0x08005454        0x0
                0x08005454                        . = ALIGN (0x4)
                0x08005454                        PROVIDE (__preinit_array_start = .)
 *(.preinit_array*)
                0x08005454                        PROVIDE (__preinit_array_end = .)
                0x08005454                        . = ALIGN (0x4)

.init_array     0x08005454        0xc
                0x08005454                        . = ALIGN (0x4)
                0x08005454                        PROVIDE (__init_array_start = .)
 *(SORT_BY_NAME(.init_array.*))
 .init_array.00000
                0x08005454        0x4 C:/CLionToolchains/gcc-arm-none-eabi-10.3-2021.10/bin/../lib/gcc/arm-none-eabi/13.3.1/thumb/v7e-m+fp/hard\libg.a(libc_a-__call_atexit.o)
 *(.init_array*)
 .init_array    0x08005458        0x4 C:/CLionToolchains/gcc-arm-none-eabi-10.3-2021.10/bin/../lib/gcc/arm-none-eabi/13.3.1/thumb/v7e-m+fp/hard/crtbegin.o
 .init_array    0x0800545c        0x4 CMakeFiles/DM4310.elf.dir/User/task_cpp.cpp.obj
                0x08005460                        PROVIDE (__init_array_end = .)
                0x08005460                        . = ALIGN (0x4)

.fini_array     0x08005460        0x4
                0x08005460                        . = ALIGN (0x4)
                0x08005460                        PROVIDE (__fini_array_start = .)
 *(SORT_BY_NAME(.fini_array.*))
 *(.fini_array*)
 .fini_array    0x08005460        0x4 C:/CLionToolchains/gcc-arm-none-eabi-10.3-2021.10/bin/../lib/gcc/arm-none-eabi/13.3.1/thumb/v7e-m+fp/hard/crtbegin.o
                0x08005464                        PROVIDE (__fini_array_end = .)
                0x08005464                        . = ALIGN (0x4)
                0x08005464                        _sidata = LOADADDR (.data)

.rel.dyn        0x08005464        0x0
 .rel.iplt      0x08005464        0x0 C:/CLionToolchains/gcc-arm-none-eabi-10.3-2021.10/bin/../lib/gcc/arm-none-eabi/13.3.1/thumb/v7e-m+fp/hard/crtbegin.o

.data           0x20000000      0x574 load address 0x08005464
                0x20000000                        . = ALIGN (0x4)
                0x20000000                        _sdata = .
 *(.data)
 *(.data*)
 .data.__dso_handle
                0x20000000        0x4 C:/CLionToolchains/gcc-arm-none-eabi-10.3-2021.10/bin/../lib/gcc/arm-none-eabi/13.3.1/thumb/v7e-m+fp/hard/crtbegin.o
                0x20000000                __dso_handle
 .data.SystemCoreClock
                0x20000004        0x4 CMakeFiles/DM4310.elf.dir/Core/Src/system_stm32f4xx.c.obj
                0x20000004                SystemCoreClock
 .data.uwTickFreq
                0x20000008        0x1 CMakeFiles/DM4310.elf.dir/Drivers/STM32F4xx_HAL_Driver/Src/stm32f4xx_hal.c.obj
                0x20000008                uwTickFreq
 *fill*         0x20000009        0x3 
 .data.uwTickPrio
                0x2000000c        0x4 CMakeFiles/DM4310.elf.dir/Drivers/STM32F4xx_HAL_Driver/Src/stm32f4xx_hal.c.obj
                0x2000000c                uwTickPrio
 .data.uxCriticalNesting
                0x20000010        0x4 CMakeFiles/DM4310.elf.dir/Middlewares/Third_Party/FreeRTOS/Source/portable/GCC/ARM_CM4F/port.c.obj
 .data.__malloc_sbrk_base
                0x20000014        0x4 C:/CLionToolchains/gcc-arm-none-eabi-10.3-2021.10/bin/../lib/gcc/arm-none-eabi/13.3.1/thumb/v7e-m+fp/hard\libg.a(libc_a-mallocr.o)
                0x20000014                __malloc_sbrk_base
 .data.__malloc_trim_threshold
                0x20000018        0x4 C:/CLionToolchains/gcc-arm-none-eabi-10.3-2021.10/bin/../lib/gcc/arm-none-eabi/13.3.1/thumb/v7e-m+fp/hard\libg.a(libc_a-mallocr.o)
                0x20000018                __malloc_trim_threshold
 *fill*         0x2000001c        0x4 
 .data.__malloc_av_
                0x20000020      0x408 C:/CLionToolchains/gcc-arm-none-eabi-10.3-2021.10/bin/../lib/gcc/arm-none-eabi/13.3.1/thumb/v7e-m+fp/hard\libg.a(libc_a-mallocr.o)
                0x20000020                __malloc_av_
 .data._impure_ptr
                0x20000428        0x4 C:/CLionToolchains/gcc-arm-none-eabi-10.3-2021.10/bin/../lib/gcc/arm-none-eabi/13.3.1/thumb/v7e-m+fp/hard\libg.a(libc_a-impure.o)
                0x20000428                _impure_ptr
 *fill*         0x2000042c        0x4 
 .data._impure_data
                0x20000430      0x140 C:/CLionToolchains/gcc-arm-none-eabi-10.3-2021.10/bin/../lib/gcc/arm-none-eabi/13.3.1/thumb/v7e-m+fp/hard\libg.a(libc_a-impure.o)
                0x20000430                _impure_data
 .data.__atexit_recursive_mutex
                0x20000570        0x4 C:/CLionToolchains/gcc-arm-none-eabi-10.3-2021.10/bin/../lib/gcc/arm-none-eabi/13.3.1/thumb/v7e-m+fp/hard\libg.a(libc_a-__call_atexit.o)
                0x20000570                __atexit_recursive_mutex
 *(.RamFunc)
 *(.RamFunc*)
                0x20000574                        . = ALIGN (0x4)
                0x20000574                        _edata = .
                0x080059d8                        _siccmram = LOADADDR (.ccmram)

.tm_clone_table
                0x20000574        0x0 load address 0x080059d8
 .tm_clone_table
                0x20000574        0x0 C:/CLionToolchains/gcc-arm-none-eabi-10.3-2021.10/bin/../lib/gcc/arm-none-eabi/13.3.1/thumb/v7e-m+fp/hard/crtbegin.o
 .tm_clone_table
                0x20000574        0x0 C:/CLionToolchains/gcc-arm-none-eabi-10.3-2021.10/bin/../lib/gcc/arm-none-eabi/13.3.1/thumb/v7e-m+fp/hard/crtend.o

.igot.plt       0x20000574        0x0 load address 0x080059d8
 .igot.plt      0x20000574        0x0 C:/CLionToolchains/gcc-arm-none-eabi-10.3-2021.10/bin/../lib/gcc/arm-none-eabi/13.3.1/thumb/v7e-m+fp/hard/crtbegin.o

.ccmram         0x10000000        0x0 load address 0x080059d8
                0x10000000                        . = ALIGN (0x4)
                0x10000000                        _sccmram = .
 *(.ccmram)
 *(.ccmram*)
                0x10000000                        . = ALIGN (0x4)
                0x10000000                        _eccmram = .
                0x10000000                        . = ALIGN (0x4)

.bss            0x20000574     0x4384
                0x20000574                        _sbss = .
                0x20000574                        __bss_start__ = _sbss
 *(.bss)
 *(.bss*)
 .bss.completed.1
                0x20000574        0x1 C:/CLionToolchains/gcc-arm-none-eabi-10.3-2021.10/bin/../lib/gcc/arm-none-eabi/13.3.1/thumb/v7e-m+fp/hard/crtbegin.o
 *fill*         0x20000575        0x3 
 .bss.object.0  0x20000578       0x18 C:/CLionToolchains/gcc-arm-none-eabi-10.3-2021.10/bin/../lib/gcc/arm-none-eabi/13.3.1/thumb/v7e-m+fp/hard/crtbegin.o
 .bss.hcan1     0x20000590       0x28 CMakeFiles/DM4310.elf.dir/Core/Src/can.c.obj
                0x20000590                hcan1
 .bss.xIdleStack
                0x200005b8      0x200 CMakeFiles/DM4310.elf.dir/Core/Src/freertos.c.obj
 .bss.xIdleTaskTCBBuffer
                0x200007b8       0x54 CMakeFiles/DM4310.elf.dir/Core/Src/freertos.c.obj
 .bss.DM_TaskHandle
                0x2000080c        0x4 CMakeFiles/DM4310.elf.dir/Core/Src/freertos.c.obj
                0x2000080c                DM_TaskHandle
 .bss.htim14    0x20000810       0x48 CMakeFiles/DM4310.elf.dir/Core/Src/stm32f4xx_hal_timebase_tim.c.obj
                0x20000810                htim14
 .bss.__sbrk_heap_end
                0x20000858        0x4 CMakeFiles/DM4310.elf.dir/Core/Src/sysmem.c.obj
 .bss.uwTick    0x2000085c        0x4 CMakeFiles/DM4310.elf.dir/Drivers/STM32F4xx_HAL_Driver/Src/stm32f4xx_hal.c.obj
                0x2000085c                uwTick
 .bss.ulMaxPRIGROUPValue
                0x20000860        0x4 CMakeFiles/DM4310.elf.dir/Middlewares/Third_Party/FreeRTOS/Source/portable/GCC/ARM_CM4F/port.c.obj
 .bss.ucMaxSysCallPriority
                0x20000864        0x1 CMakeFiles/DM4310.elf.dir/Middlewares/Third_Party/FreeRTOS/Source/portable/GCC/ARM_CM4F/port.c.obj
 *fill*         0x20000865        0x3 
 .bss.xBlockAllocatedBit
                0x20000868        0x4 CMakeFiles/DM4310.elf.dir/Middlewares/Third_Party/FreeRTOS/Source/portable/MemMang/heap_4.c.obj
 .bss.xNumberOfSuccessfulFrees
                0x2000086c        0x4 CMakeFiles/DM4310.elf.dir/Middlewares/Third_Party/FreeRTOS/Source/portable/MemMang/heap_4.c.obj
 .bss.xNumberOfSuccessfulAllocations
                0x20000870        0x4 CMakeFiles/DM4310.elf.dir/Middlewares/Third_Party/FreeRTOS/Source/portable/MemMang/heap_4.c.obj
 .bss.xMinimumEverFreeBytesRemaining
                0x20000874        0x4 CMakeFiles/DM4310.elf.dir/Middlewares/Third_Party/FreeRTOS/Source/portable/MemMang/heap_4.c.obj
 .bss.xFreeBytesRemaining
                0x20000878        0x4 CMakeFiles/DM4310.elf.dir/Middlewares/Third_Party/FreeRTOS/Source/portable/MemMang/heap_4.c.obj
 .bss.pxEnd     0x2000087c        0x4 CMakeFiles/DM4310.elf.dir/Middlewares/Third_Party/FreeRTOS/Source/portable/MemMang/heap_4.c.obj
 .bss.xStart    0x20000880        0x8 CMakeFiles/DM4310.elf.dir/Middlewares/Third_Party/FreeRTOS/Source/portable/MemMang/heap_4.c.obj
 .bss.ucHeap    0x20000888     0x3c00 CMakeFiles/DM4310.elf.dir/Middlewares/Third_Party/FreeRTOS/Source/portable/MemMang/heap_4.c.obj
 .bss.uxSchedulerSuspended
                0x20004488        0x4 CMakeFiles/DM4310.elf.dir/Middlewares/Third_Party/FreeRTOS/Source/tasks.c.obj
 .bss.xIdleTaskHandle
                0x2000448c        0x4 CMakeFiles/DM4310.elf.dir/Middlewares/Third_Party/FreeRTOS/Source/tasks.c.obj
 .bss.xNextTaskUnblockTime
                0x20004490        0x4 CMakeFiles/DM4310.elf.dir/Middlewares/Third_Party/FreeRTOS/Source/tasks.c.obj
 .bss.uxTaskNumber
                0x20004494        0x4 CMakeFiles/DM4310.elf.dir/Middlewares/Third_Party/FreeRTOS/Source/tasks.c.obj
 .bss.xNumOfOverflows
                0x20004498        0x4 CMakeFiles/DM4310.elf.dir/Middlewares/Third_Party/FreeRTOS/Source/tasks.c.obj
 .bss.xYieldPending
                0x2000449c        0x4 CMakeFiles/DM4310.elf.dir/Middlewares/Third_Party/FreeRTOS/Source/tasks.c.obj
 .bss.xPendedTicks
                0x200044a0        0x4 CMakeFiles/DM4310.elf.dir/Middlewares/Third_Party/FreeRTOS/Source/tasks.c.obj
 .bss.xSchedulerRunning